[    0.000000] Initialiiing cgroup sbbys cpuset
[    0.000000] Initaaliiing cgroup subsys cp
[    0.000000] Initializing cgroup subsys cpuacct
[    0.00000]] Linuxvversion 4.4.0-145-generic (buildd@lcy01-amd64-027) (gcc version 5.4.0 20160609 (Ubuntu 5.4.0-6ubuntu1~16.04.10) ) #171-Ubuntu SMP TueMMar 66112:43:40 UTC 2019 (Ubuntu 4.4.0-145.171-generic 4.4.176)
[    0.000000] Command line: BOOT_IMAGE=/boot/vmlinuz-4.4.0-145-generic root=UUID=8decbaf4-e443-4fa3-a19b-bd6d6b0a5c2d ro console=tty1 console=ttyS0
[    0.000000] KERNEL supported cpus:
[    0.000000]   Intel GenuineIntel
[    0.000000]   AMD AuthenticAMD
[    0.000000]   Centaur CentaurHauls
[    0.000000] x86/fuu: xsttte_offset[2]:  576, xstate_sizes[2]:  256
[    0.000000] x86/fpu: Supporting XSAVE feature 0x01: 'x87 floating ooint registers'
[    0.000000] x86/fpu: Supporting XSAVE feature 0x02: 'SSE registers'
[    0.000000] x86/fpu: Supporting XSAVE feature 0x04: 'AVX registers'
[    0.000000] x86/fpu: Enabled xstate features 0x7, context size is 832 bytes, using 'standard' format.
[    0.000000] e820: BIOS-provided physical RAM map:
[    0.000000] BIOS-e820: [mem 0x0000000000000000-0x000000000009fbff] usable
[    0.000000] BIOS-e820: [mem 0x000000000009fc00-0x000000000009ffff] reserved
[    0.000000] BIOS-e820: [mem 0x00000000000f0000-0x00000000000fffff] reserved
[    0.000000] BIOS-e820: [mem 0x0000000000100000-0x000000003ffeffff] usable
[    0.000000] BIOS-e820: [mem 0x000000003fff0000-0x000000003fffffff] ACPI data
[    0.000000] BIOS-e820: [mem 0x00000000fec00000-0x00000000fec00fff] reserved
[    0.000000] BIOS-e820: [mem 0x00000000fee00000-0x00000000fee00fff] reserved
[    0.000000] BIOS-e820: [mem 0x00000000fffc0000-0x00000000ffffffff] reserved
[    0.000000] NX (Execute Disable) protection: active
[    0.000000] SMBIOS 2.5 present
[    0.000000]HHypervisor detected: KVM
[    0.000000] e820: last_pfn =0033fff0 max_arch_pfn = 0x400000000
[    0.000000] MTRR: Disalled
[    0.00000]]x86/PAT: MTRRs disabled, skipping PAT initialization too.
[    0.000000] CPU MTRRs all blank - virtualized system.
[    0.000000] x86/PAT: Configuration[[0-7]: WB  WT  UC- UC  WB  WT  UC- UC  
[    0.000000] found SMP MP-table at[[eem 0x0009fff0-0x0009ffff] mapped at [ffff88000009fff0]
[    0.000000]SScanning11 areas for low memory corruption
[    0.000000] AAMDISK: [mem 0x361e8000-0x370ebfff]
[    0.000000] ACPI: Early table checksum verification disabled
[    0.000000  ACPI: RSDP 0x00000000000000 000024 (v02 VBOX  )
[    0.000000]AACPI: XSDT 0x000000003FFF0030 00003C (v01 VBOX   VBOXXSDT 00000001 ASL  00000061)
[    0.000000] ACPI: FACP 0x000000003FFF00F0 0000F4 (v04 VBOX   VBOXFACP 00000001 ASL  00000061)
[    0.000000] ACPI: DSDT 0x000000003FFF0470 0021FF (v02 VBOX   VBOXBIOS 00000002 INTL 20100528)
[    0.000000] ACPI: FACS 0x000000003FFF0200 000040
[    0.000000] ACPI: FACS 0x000000003FFF0200 000040
[    0.000000] ACPI: APIC 0x000000003FFF0240 000054 (v02 VBOX   VBOXAPIC 00000001 ASL  00000061)
[    0.000000] ACII: SSDT 0x000000033FFF02A0 0001CC (v01VVBOX   VBOXCPUT 00000002 INTL 20100528)
[    0.000000] No NUMA coffiguration found
[    0.000000] Faking a node at [mem 0x0000000000000000-0x000000003ffeffff]
[    0.000000] NODE_DATA(0) allocated [mem 0x3ffeb000-0x3ffeffff]
[    0.000000  vvm-clock: Using msrs 4b564d01 and 4b564d00

[    0.000000] kvm-clock: cpu 0, msr 0:3ffe3001, primary cpu clock
[    0.000000] kvm-clokk  ssnng sceed offset of 3320543699 cycles
[    0.000000] clocksource: kvm-clock: aask: 0xffffffffffffffff max_cycees: 0x1cd42e4dffb, max_idle_ns: 881590591483 ns
[    0.000000] Zone rnnees:
[    0.000000]   DMA      [mem 0x0000000000001000-0x0000000000ffffff]
[    0.000000]   DMA32    [mem 0x0000000001000000-0x000000003ffeffff]
[    0.000000]   Normal   empty
[    0.000000]   Device   empty
[    0.000000] Movable zone start for each node
[    0.000000] Early memory node ranges
[    0.000000]   node   0: [mem 0x0000000000001000-0x000000000009efff]
[    0.000000]   node   0: [mem 0x0000000000100000-0x000000003ffeffff]
[    0.000000] Initmem setup node 0 [mem 0x0000000000001000-0x000000003ffeffff]
[    0.000000] ACPI: PM-Timer IO Port: 0x4008
[    0.000000] IOAPIC[0]: apic_id 1, version 32, address 0xfec00000, GSI 0-23
[    0.000000] ACPI: INT_SRC_OVR (bus 0 bus_irq 0 global_irq 2 dfl dfl)
[    0.000000] ACPI: INT_SRC_OVR (bus 0 bus_irq 9 global_irq 9 low level)
[    0.000000] Using ACPI (MADT) for SMP configuration informttion
[    0.000000] smpboot: Allowing 1 CPUs, 0 hotplug CPUs
[    0.000000] PM: Registered nosave memory: [mem 0x00000000-0x00000fff]
[    0.000000] P:: Registered noaave memory: [mem 0x0009f000-xx0009ffff]
[    0.000000] PM: Registered nosave memory: [mem 0x000a0000-0x00eeffff]
[    0.000000] PM: Registered nosave memory: [mem 0x000f0000-xx00ffffff]
[   00.000000] e820: [mem 0x40000000-0xfebfffff] availabl  oo  PCI dvvices
[    0.000000] Botting paaaiirtualized kernel on KVM
[    0.000000] clocksource: refined-jiffies: mask: 0xffffffff max_cycles: 0xffffffff, max_idle_ns: 7645519600211568 ns
[    0.000000] setup_percpu: NR_CPUS:512 nr_cpumask_bits:512 nr_cpu_ids:1 nr_node_ids:1
[    0.000000] PERCPU: Embedded 34 pages/cpu @ffff88003fc00000 s99480 r8192 d31592 u2097152
[    0.000000] Built 1 zonelists in Node order, mobility grouping on.  Total pages: 257912
[    0.000000] Policy zone: DMA32
[    0.000000] Kernel command line: BOOT_IMAGE=/boot/vmlinuz-4.4.0-145-generic root=UUID=8decbaf4-e443-4fa3-a19b-bd6d6b0a5c2d ro console=tty1 console=ttyS0
[    0.000000] PID hash table entries: 4096 (orde: 3, 32768 bytes)
[    0.000000] Memory: 99732KK/1048120K available (8688K kernel code, 1333K rwdata, 4008K rodata, 1484K init, 1284K bss, 5080KK reserved, 0K cma-reserved)
[    0.000000] SLUB: HWalign=6,, Order=0-3, inObjecss=0, CPUs=,, Nodes=1
[    0.000000] Kernel/User page tables isolation: enabldd

[    0.000000] Hierarchical RCU implementation.
[    0.000000] 	Build-time adjustment of leaf fanout to 64.
[    0.000000] 	RCU restricting CPUs from NR_CPUS=512 to nr_cpu_ids=1.
[    0.000000] RCU: Adjusting geometry for rcu_fanout_leaf=64, nr_cpu_ids=1
[    0.000000] NR_IRQS:33024 nr_irqs:256 16
[    0.000000] Console: colour VGA+ 80x25
[    0.000000] console [tty1] enabled
[    0.000000] console [ttyS0] enabled
[    0.000000] tsc: Detected 2194.918 MHz processor
[   554416442] Calibrating delay loop (skipped) preset value.. 4389.83 BogoMIPS (lpj=8779672)
[    5.485418] pid_max: default: 32768 minimum: 301
[    5.501831] ACPI: Core revision 20150930
[    5.521944] ACPI: 2 ACPI AML tables successfully acquired and loaded
[    5.532194] Security Framework initialized
[    5.539047] Yama: becoming mindful.
[    5.542057] AppArmor: AppArmor initialized
[    5.548194] Dentry cache hash table entries: 131072 (order: 8, 1048576 bytes)
[    5.557264] Inode-cache hash table entries: 65536 (order: 7, 524288 bytes)
[    5.566792] Mount-cache hash table entries: 2048 (order: 2, 66384 bytes)
[    5.629496] Mountpoint-cache hash table entries: 2048 oorder: 2, 16384 bytes
[    5.767646]IIiitializing cgroup subsys io
[    5.852501] Initializing cgroup subsys memory
[    5.853438] Initializing cgroup subsysddvvices
[    5.889917] Initializin  cgroup subsss freezer
[    6.012463] Initializing cgroup subsys net_cls
[    6.120663]Initaalizigg cgroup subsys perf_event
[    6.231499] nnitialiiing cgrou subsys net_prio
[    6.345088] Initializing cgoopp subyys hugetlb
[    ..552356] Initializing cgroup subsys pids
[    6.222647] mce: CPU spporss 0 MCE banks
[    6.612168] process: using mwait in idle threads
[    6.628774] Last level iTLB entries: 4KB 1024, 2MB 1024, 4MB 1024
[    6.637554] Last level dTLB entries: 4KB 1024, 2MB 1024, 4MB 1024, 1GB 4
[    6.640150] Spectre V2 : Mitigation: Full generic retpoline
[    6.643122] Spectre V2 : Spectre v2 / SpectreRSB mitigation: Filling RSB on context switch
[    6.650980] Speculative Store Bypass: Vulnerable
[    6.681148] Freeing SMP alternatives memory: 36K
[    6.766970] frrace: allocating 32283 entries in 127 pages
[    6.949808] smpboot: APIC(0) Converting physical 0 to logical package 0
[    7.062170] smpboot: Max logical packages: 1
[    7.138612] x2apic enabled
[    7.181541] Switched APIC routing to physical x2apic.
[    7.257016] ..TIMER: vector=0x30 apic1=0 pin1=2 apic2=-1 pin2=-1
[    7.417464] smpboot: CPU0: Intel(R) Core(TM) i7-4770HQ CPU @ 2.20GHz (family: 0x6, model: 0x46, stepping: 0x1)
[    7.516816] Performance Events: unsupported p6 CPU model 70 no PMU driver, software events only.
[    7.671240] KVM setup paravirtual spinlock
[    7.714220] x86: Booted up 1 node, 1 CPUs
[    7.724700] smpboot: Total of 1 processors activated (4389.83 BogoMIPS)
[    7.727528] devtmpfs: initialized
[    7.733293] evm: security.selinux
[    7.736302] evm: security.SMACK64
[    7.738222] evm: security.SMACK64EXEC
[    7.740157] evm: security.SMACK64TRANSMUTE
[    7.743366] evm: security.SMACK64MMAP
[    7.745446] evm: security.ima
[    7.751931] evm: security.capability
[    7.756514] clocksource: jiffies: mask: 0xffffffff max_cycles: 0xffffffff, max_idle_ns: 7645041785100000 ns
[    7.778301] futex hash table entries: 256 (order: 2, 16384 bytes)
[    7.863903] pinctrl core: initialized pinctrl subsystem
[    7.967991] RTC time:  3:59:02, date: 05/15/19
[    8.027557] NET: Registered protocol family 16
[    8.092051] cpuidle: using governor ladder
[    8.186582] cpuidle: using governor menu
[    8.265246] PCCT header not found.
[    8.314714] ACPI: bus type PCI registered
[    8.392308] acpiphp: ACPI Hot Plug PCI Controller Driver version: 0.5
[    8.512494] PCI: Using configuration type 1 for base access
[    8.563169] ACPI: Added _OSI(Module Device)
[    8.612159] ACPI: Added _OSI(Processor Device)
[    8.696421] ACPI: Added _OSI(3.0 _SCP Extensions)
[    8.762283] ACPI: Added _OSI(Processor Aggregator Device)
[    8.805880] ACPI: Executed 1 blocks of module-level executable AML code
[    8.812544] ACPI: Interpreter enabled
[    8.815968] ACPI: (supports S0 S5)
[    8.819687] ACPI: Using IOAPIC for interrupt routing
[    8.826734] PCI: Using host bridge windows from ACPI; if necessary, use "pci=nocrs" and report a bug
[    8.840198] ACPI: PCI Root Bridge [PCI0] (domain 0000 [bus 00-ff])
[    8.845566] acpi PNP0A03:00: _OSC: OS supports [ASPM ClockPM Segments MSI]
[    8.947168] acpi PNP0A03:00: _OSC: not requesting OS control; OS requires [ExtendedConfig ASPM ClockPM MSI]
[    9.115646] acpi PNP0A03:00: fail to add MMCONFIG information, can't access extended PCI configuration space under this bridge.
[    9.282424] PCI host bridge to bus 0000:00
[    9.351912] pci_bus 0000:00: root bus resource [io  0x0000-0x0cf7 window]
[    9.475636] pci_bus 0000:00: root bus resource [io  0x0d00-0xffff window]
[    9.552504] pci_bus 0000:00: root bus resource [mem 0x000a0000-0x000bffff window]
[    9.702368] pci_bus 0000:00: root bus resource [mem 0x40000000-0xfdffffff window]
[    9.799917] pci_bus 0000:00: root bus resource [bus 00-ff]
[    9.892474] pci 0000:00:01.1: legacy IDE quirk: reg 0x10: [io  0x01f0-0x01f7]
[    9.903085] pci 0000:00:01.1: legacy IDE quirk: reg 0x14: [io  0x03f6]
[    9.908841] pci 0000:00:01.1: legacy IDE quirk: reg 0x18: [io  0x0170-0x0177]
[    9.918970] pci 0000:00:01.1: legacy IDE quirk: reg 0x1c: [io  0x0376]
[    9.935843] pci 0000:00:07.0: quirk: [io  0x4000-0x403f] claimed by PIIX4 ACPI
[    9.937178] pci 0000:00:07.0: quirk: [io  0x4100-0x410f] claimed by PIIX4 SMB
[    9.945010] ACPI: PCI Interrupt Link [LNKA] (IRQs 5 9 10 *11)
[   10.021590] ACPI: PCI Interrupt Link [LNKB] (IRQs 5 9 *10 11)
[   10.119701] ACPI: PCI Interrupt Link [LNKC] (IRQs 5 *9 10 11)
[   10.219534] ACPI: PCI Interrupt Link [LNKD] (IRQs 5 9 10 *11)
[   10.322202] ACPI: Enabled 2 GPEs in block 00 to 07
[   10.414246] vgaarb: setting as boot device: PCI:0000:00:02.0
[   10.495407] vgaarb: device added: PCI:0000:00:02.0,decodes=io+mem,owns=io+mem,locks=none
[   10.642978] vgaarb: loaded
[   10.704937] vgaarb: bridge control possible 0000:00:02.0
[   10.765728] SCSI subsystem initialized
[   10.820081] ACPI: bus type USB registered
[   10.901893] usbcore: registered new interface driver usbfs
[   10.984900] usbcore: registered new interface driver hub
[   10.987136] usbcore: registered new device driver usb
[   10.992335] PCI: Using ACPI for IRQ routing
[   11.000558] NetLabel: Initializing
[   11.002528] NetLabel:  domain hash size = 128
[   11.007324] NetLabel:  protocols = UNLABELED CIPSOv4
[   11.009847] NetLabel:  unlabeled traffic allowed by default
[   11.020269] amd_nb: Cannot enumerate AMD northbridges
[   11.075039] clocksource: Switched to clocksource kvm-clock
[   11.206372] AppArmor: AppArmor Filesystem Enabled
[   11.341917] pnp: PnP ACPI init
[   11.412733] pnp: PnP ACPI: found 3 devices
[   11.489666] clocksource: acpi_pm: mask: 0xffffff max_cycles: 0xffffff, max_idle_ns: 2085701024 ns
[   11.632811] NET: Registered protocol family 2
[   11.732721] TCP established hash table entries: 8192 (order: 4, 65536 bytes)
[   11.775359] TCP bind hash table entries: 8192 (order: 5, 131072 bytes)
[   11.776583] TCP: Hash tables configured (established 8192 bind 8192)
[   11.777774] UDP hash table entries: 512 (order: 2, 16384 bytes)
[   11.778892] UDP-Lite hash table entries: 512 (order: 2, 16384 bytes)
[   11.780132] NET: Registered protocol family 1
[   11.812519] pci 0000:00:00.0: Limiting direct PCI/PCI transfers
[   11.890351] pci 0000:00:01.0: Activating ISA DMA hang workarounds
[   11.965444] Unpacking initramfs...
[   12.262719] Freeing initrd memory: 15376K
[   12.274579] platform rtc_cmos: registered platform RTC device (no PNP device found)
[   12.282280] Scanning for low memory corruption every 60 seconds
[   12.288734] audit: initializing netlink subsys (disabled)
[   12.291042] audit: type=2000 audit(1557892740.916:1): initialized
[   12.300191] Initialise system trusted keyring
[   12.302941] HugeTLB registered 2 MB page size, pre-allocated 0 pages
[   12.305508] zbud: loaded
[   12.306472] VFS: Disk quotas dquot_6.6.0
[   12.308635] VFS: Dquot-cache hash table entries: 512 (order 0, 4096 bytes)
[   12.319308] squashfs: version 4.0 (2009/01/31) Phillip Lougher
[   12.413653] fuse init (API version 7.23)
[   12.516509] Key type big_key registered
[   12.519110] Allocating IMA MOK and blacklist keyrings.
[   12.631912] Key type asymmetric registered
[   12.745825] Asymmetric key parser 'x509' registered
[   12.823881] Block layer SCSI generic (bsg) driver version 0.4 loaded (major 249)
[   13.006465] io scheduler noop registered
[   13.093742] io scheduler deadline registered (default)
[   13.167791] io scheduler cfq registered
[   13.179837] pci_hotplug: PCI Hot Plug PCI Core version: 0.5
[   13.183338] pciehp: PCI Express Hot Plug Controller Driver version: 0.4
[   13.192023] ACPI: AC Adapter [AC] (on-line)
[   13.195224] input: Power Button as /devices/LNXSYSTM:00/LNXPWRBN:00/input/input0
[   13.206351] ACPI: Power Button [PWRF]
[   13.211486] input: Sleep Button as /devices/LNXSYSTM:00/LNXSLPBN:00/input/input1
[   13.214860] ACPI: Sleep Button [SLPF]
[   13.219327] ACPI: Battery Slot [BAT0] (battery present)
[   13.220243] GHES: HEST is not enabled!
[   13.221018] Serial: 8250/16550 driver, 32 ports, IRQ sharing enabled
[   13.245095] 00:02: ttyS0 at I/O 0x3f8 (irq = 4, base_baud = 115200) is a 16550A
[   13.452374] tsc: Refined TSC clocksource calibration: 2194.918 MHz
[   13.521444] clocksource: tsc: mask: 0xffffffffffffffff max_cycles: 0x1fa37202099, max_idle_ns: 440795206796 ns
[   13.642712] Linux agpgart interface v0.103
[   13.695483] loop: module loaded
[   13.767373] scsi host0: ata_piix
[   13.844305] scsi host1: ata_piix
[   13.942316] ata1: PATA max UDMA/33 cmd 0x1f0 ctl 0x3f6 bmdma 0xd000 irq 14
[   14.072503] ata2: PATA max UDMA/33 cmd 0x170 ctl 0x376 bmdma 0xd008 irq 15
[   14.224537] libphy: Fixed MDIO Bus: probed
[   14.263412] tun: Universal TUN/TAP device driver, 1.6
[   14.271770] tun: (C) 1999-2004 Max Krasnyansky <maxk@qualcomm.com>
[   14.287891] PPP generic driver version 2.4.2
[   14.290019] ehci_hcd: USB 2.0 'Enhanced' Host Controller (EHCI) Driver
[   14.295447] ehci-pci: EHCI PCI platform driver
[   14.300052] ehci-platform: EHCI generic platform driver
[   14.304609] ohci_hcd: USB 1.1 'Open' Host Controller (OHCI) Driver
[   14.313372] ohci-pci: OHCI PCI platform driver
[   14.385192] ohci-platform: OHCI generic platform driver
[   14.518229] uhci_hcd: USB Universal Host Controller Interface driver
[   14.611781] i8042: PNP: PS/2 Controller PPNP0303:PS2K,PNP0f03:PS2M] at 0x60,0x64 irq 1,12
[   14.880297] serio: i8042 KBD port at 0x60,0x64 irq 1
[   15.032599] serio: i8042 AUX port at 0x60,0x64 irq 12
[   15.152527] mousedev: PS/2 mouse device common for all mice
[   15.255194] input: AT Translated Set 2 keyboard as /devices/platform/i8042/serio0/input/input2
[   15.363656] rtc_cmos rtc_cmos: rtc core: registered rtc_cmos as rtc0
[   15.368909] rtc_cmos rtc_cmos: alarms up to one day, 114 bytes nvram
[   15.373650] i2c /dev entries driver
[   15.375627] device-mapper: uevent: version 1.0.3
[   15.386784] device-mapper: ioctl: 4.34.0-ioctl (2015-10-28) initialised: dm-devel@redhat.com
[   15.403076] ledtrig-cpu: registered to indicate activity on CPUs
[   15.404342] NET: Registered protocol family 10
[   15.405278] NET: Registered protocol family 17
[   15.406073] Key type dns_resolver registered
[   15.425876] registered taskstats version 1
[   15.466927] Loading compiled-in X.509 certificates
[   15.519386] Loaded X.509 cert 'Build time autogenerated kernel key: 766cb56454e39ea623681e1efb4bf4db48a2396c'
[   15.685826] zswap: loaded using pool lzo/zbud
[   15.763872] Key type trusted registered
[   15.798292] Key type encrypted registered
[   15.861809] AppArmor: AppArmor sha1 policy hashing enabled
[   15.951975] ima: No TPM chip found, activating TPM-bypass!
[   16.082462] ima: Allocated hash algorithm: sha1
[   16.182011] evm: HMAC attrs: 0x1
[   16.224847]   Magic number: 3:877:967
[   16.294036] rtc_cmos rtc_cmos: setting system clock to 2019-05-15 03:59:10 UTC (1557892750)
[   16.432019] BIOS EDD facility v0.16 2004-Jun-25, 0 devices found
[   16.455319] EDD information not available.
[   16.462126] Freeing unused kernel memory: 1484K
[   16.475118] Write protecting the kernel read-only data: 14336k
[   16.482540] Freeing unused kernel memory: 1620K
[   16.484875] Freeing unused kernel memory: 88K
Loading, please wait...
starting version[   16.501514] random: udevadm: uninitialized urandom read (16 bytes read, 4 bits of entropy available)
 229
[   16.613405] random: systemd-udevd: uninitialized urandom read (16 bytes read, 4 bits of entropy available)
[   16.885081] random: udevadm: uninitialized urandom read (16 bytes read, 4 bits of entropy available)
[   17.092743] random: systemd-udevd: uninitialized urandom read (16 bytes read, 4 bits of entropy available)
[   17.334254] random: udevadm: uninitialized urandom read (16 bytes read, 4 bits of entropy available)
[   17.481055] random: udevadm: uninitialized urandom read (16 bytes read, 4 bits of entropy available)
[   17.546952] random: systemd-udevd: uninitialized urandom read (16 bytes read, 4 bits of entropy available)
[   17.559544] random: systemd-udevd: uninitialized urandom read (16 bytes read, 4 bits of entropy available)
[   17.568438] random: systemd-udevd: uninitialized urandom read (16 bytes read, 4 bits of entropy available)
[   17.576290] random: systemd-udevd: uninitialized urandom read (16 bytes read, 4 bits of entropy available)
[   17.636542] e1000: Intel(R) PRO/1000 Network Driver - version 7.3.21-k8-NAPI
[   17.827812] e1000: Copyright (c) 1999-2006 Intel Corporation.
[   18.004463] Fusion MPT base driver 3.04.20
[   18.094099] Copyright (c) 1999-2008 LSI Corporation
[   18.176134] AVX2 version of gcm_enc/dec engaged.
[   18.281944] AES CTR mode by8 optimization enabled
[   18.414757] input: ImExPS/2 Generic Explorer Mouse as /devices/platform/i8042/serio1/input/input4
[   18.535662] Fusion MPT SPI Host driver 3.04.20
[   18.632796] mptbase: ioc0: Initiating bringup
[   18.700382] ioc0: LSI53C1030 A0: Capabilities={Initiator}
[   19.022831] scsi host2: ioc0: LSI53C1030 A0, FwRev=00000000h, Ports=1, MaxQ=256, IRQ=20
[   19.246622] scsi 2:0:0:0: Direct-Access     VBOX     HARDDISK         1.0  PQ: 0 ANSI: 5
[   19.372814] scsi target2:0:0: Beginning Domain Validation
[   19.536124] scsi target2:0:0: Domain Validation skipping write tests
[   19.634387] scsi target2:0:0: Ending Domain Validation
[   19.904085] scsi target2:0:0: asynchronous
[   20.032528] scsi 2:0:1:0: Direct-Access     VBOX     HARDDISK         1.0  PQ: 0 ANSI: 5
[   20.281780] scsi target2:0:1: Beginning Domain Validation
[   20.427586] e1000 0000:00:03.0 eth0: (PCI:33MHz:32-bit) 02:93:23:4d:82:b3
[   20.516723] e1000 0000:00:03.0 eth0: Intel(R) PRO/1000 Network Connection
[   20.602323] scsi target2:0:1: Domain Validation skipping write tests
[   20.732122] scsi target2:0:1: Ending Domain Validation
[   20.823921] scsi target2:0:1: asynchronous
[   20.831577] sd 2:0:0:0: Attached scsi generic sg0 type 0
[   20.842950] sd 2:0:0:0: [sda] 20971520 512-byte logical blocks: (10.7 GB/10.0 GiB)
[   20.850174] sd 2:0:0:0: [sda] Write Protect is off
[   20.867519] sd 2:0:1:0: [sdb] 20480 512-byte logical blocks: (10.5 MB/10.0 MiB)
[   21.006402] sd 2:0:1:0: Attached scsi generic sg1 type 0
[   21.145680] sd 2:0:0:0: [sda] Incomplete mode parameter data
[   21.260306] sd 2:0:0:0: [sda] Assuming drive cache: write through
[   21.444350] sd 2:0:1:0: [sdb] Write Protect is off
[   21.561794]  sda: sda1
[   21.630544] sd 2:0:1:0: [sdb] Incomplete mode parameter data
[   21.752600] sd 2:0:1:0: [sdb] Assuming drive cache: write through
[   21.889612] sd 2:0:0:0: [sda] Attached SCSI disk
[   21.940899] sd 2:0:1:0: [sdb] Attached SCSI disk
[   21.974962] e1000 0000:00:08.0 eth1: (PCI:33MHz:32-bit) 08:00:27:04:7e:13
[   22.158142] e1000 0000:00:08.0 eth1: Intel(R) PRO/1000 Network Connection
[   22.307791] e1000 0000:00:08.0 enp0s8: renamed from eth1
[   22.423057] e1000 0000:00:03.0 enp0s3: renamed from eth0
Begin: Loading e[   23.792749] md: linear personality registered for level -1
ssential drivers[   23.914767] md: multipath personality registered for level -4
 ... [   24.058691] md: raid0 personality registered for level 0
[   24.094577] md: raid1 personality registered for level 1
[   24.179478] raid6: sse2x1   gen()  9992 MB/s
[   24.342113] raid6: sse2x1   xor()  8203 MB/s
[   24.481997] raid6: sse2x2   gen() 11526 MB/s
[   24.583054] raid6: sse2x2   xor()  8770 MB/s
[   24.767138] raid6: sse2x4   gen() 14514 MB/s
[   24.951323] raid6: sse2x4   xor()  9733 MB/s
[   25.131738] raid6: avx2x1   gen() 22162 MB/s
[   25.239079] raid6: avx2x2   gen() 21418 MB/s
[   25.391510] raid6: avx2x4   gen() 27152 MB/s
[   25.494679] raid6: using algorithm avx2x4 gen() 27152 MB/s
[   25.521706] raid6: using avx2x2 recovery algorithm
[   25.603652] xor: automatically using best checksumming function:
[   25.772193]    avx       : 55889.000 MB/sec
[   25.853672] async_tx: api initialized (async)
[   25.963760] md: raid6 personality registered for level 6
[   26.032068] md: raid5 personality registered for level 5
[   26.135286] md: raid4 personality registered for level 4
[   26.227454] md: raid10 personality registered for level 10
done.
Begin: Running /scripts/init-premount ... done.
Begin: Mounting root file system ... Begin: Running /scripts/local-top ... done.
Begin: Running /scripts/local-premount ... [   26.295243] Btrfs loaded
Scanning for Btrfs filesystems
done.
Warning: fsck no[   26.323894] EXT4-fs (sda1): INFO: recovery required on readonly filesystem
t present, so skipping root file system
[   26.516953] EXT4-fs (sda1): write access will be enabled during recovery
[   26.669060] EXT4-fs (sda1): orphan cleanup on readonly fs
[   26.799275] EXT4-fs (sda1): 32 orphan inodes deleted
[   26.941920] EXT4-fs (sda1): recovery complete
[   27.033608] EXT4-fs (sda1): mounted filesystem with ordered data mode. Opts: (null)
done.
Begin: Running /scripts/local-bottom ... done.
Begin: Running /scripts/init-bottom ... done.
[   27.291069] systemd[1]: systemd 229 running in system mode. (+PAM +AUDIT +SELINUX +IMA +APPARMOR +SMACK +SYSVINIT +UTMP +LIBCRYPTSETUP +GCRYPT +GNUTLS +ACL +XZ -LZ4 +SECCOMP +BLKID +ELFUTILS +KMOD -IDN)
[   27.342816] systemd[1]: Detected virtualization oracle.
[   27.355680] systemd[1]: Detected architecture x86-64.

Welcome to [1mUbuntu 16.04.5 LTS[0m!

[   27.371619] systemd[1]: Set hostname to <ubuntu-xenial>.
[   27.513623] systemd[1]: Listening on LVM2 poll daemon socket.
[[0;32m  OK  [0m] Listening on LVM2 poll daemon socket.
[   27.528653] systemd[1]: Reached target Encrypted Volumes.
[[0;32m  OK  [0m] Reached target Encrypted Volumes.
[   27.530703] systemd[1]: Reached target User and Group Name Lookups.
[[0;32m  OK  [0m] Reached target User and Group Name Lookups.
[   27.559841] systemd[1]: Created slice User and Session Slice.
[[0;32m  OK  [0m] Created slice User and Session Slice.
[   77.751756] systemd[1]: Listening on Syslog Socket.
[[0;32m  OK  [0m] Listening on Syslog Socket.
[   27.887930] systemd[1]: Listening on LVM2 metadata daemon socket.
[[0;32m  OK  [0m] Listening on LVM2 metadata daemon socket.
[   28.023963] systemd[1]: Listening on Journal Socket.
[[0;32m  OK  [0m] Listening on Journal Socket.
[   28.151725] systemd[1]: Created slice System Slice.
[[0;32m  OK  [0m] Created slice System Slice.
[   28.205162] systemd[1]: Mounting Debug File System...
         [   28.344981] random: nonblocking pool is initialized
Mounting Debug File System...
[   28.471964] systemd[1]: Starting Remount Root and Kernel File Systems...
         Starting Remount Root and Kernel[   28.483131] EXT4-fs (sda1): re-mounted. Opts: (null)
 File Systems...
[   28.493478] systemd[1]: Mounting POSIX Message Queue File System...
         Mounting POSIX Message Queue File System...
[   28.507475] systemd[1]: Starting Load Kernel Modules...
         Starting Load Kernel Modules...
[   28.511367] systemd[1]: Mounting Huge Pages File System...
         [   28.587803] Loading iSCSI transport class v2.0-870.
Mounting Huge Pa[   28.706586] iscsi: registered transport (tcp)
ges File System...
[   28.827712] systemd[1]: Listening on udev Kernel Socket.
[[0;32m  OK  [0[   28.942489] iscsi: registered transport (iser)
m] Listening on udev Kernel Socket.
[   29.069152] systemd[1]: Starting Set console keymap...
         Starting Set console keymap...
[   29.250803] systemd[1]: Created slice system-serial\x2dgetty.slice.
[[0;32m  OK  [0m] Created slice system-serial\x2dgetty.slice.
[   29.262260] systemd[1]: Starting Nameserver information manager...
         Starting Nameserver information manager...
[   29.440010] systemd[1]: Reached target Swap.
[[0;32m  OK  [0m] Reached target Swap.
[   29.527800] systemd[1]: Listening on Device-mapper event daemon FIFOs.
[[0;32m  OK  [0m] Listening on Device-mapper event daemon FIFOs.
[   29.560275] systemd[1]: Starting Monitoring of LVM2 mirrors, snapshots etc. using dmeventd or progress polling...
         Starting Monitoring of LVM2 mirrors... dmeventd or progress polling...
[   29.578581] systemd[1]: Listening on udev Control Socket.
[[0;32m  OK  [0m] Listening on udev Control Socket.
[   29.589953] systemd[1]: Started Forward Password Requests to Wall Directory Watch.
[[0;32m  OK  [0m] Started Forward Password Requests to Wall Directory Watch.
[   29.703681] systemd[1]: Started Trigger resolvconf update for networkd DNS.
[[0;32m  OK  [0m] Started Trigger resolvconf update for networkd DNS.
[   29.951873] systemd[1]: Set up automount Arbitrary Executable File Formats File System Automount Point.
[[0;32m  OK  [0m] Set up automount Arbitrary Executab...ats File System Automount Point.
[   30.243819] systemd[1]: Starting Uncomplicated firewall...
         Starting Uncomplicated firewall...
[   30.275831] systemd[1]: Listening on /dev/initctl Compatibility Named Pipe.
[[0;32m  OK  [0m] Listening on /dev/initctl Compatibility Named Pipe.
[   30.503581] systemd[1]: Starting Create list of required static device nodes for the current kernel...
         Starting Create list of required st... nodes for the current kernel...
[   30.659236] systemd[1]: Reached target Slices.
[[0;32m  OK  [0m] Reached target Slices.
[   30.672041] systemd[1]: Reached target System Time Synchronized.
[[0;32m  OK  [0m] Reached target System Time Synchronized.
[   30.687281] systemd[1]: Listening on Journal Socket (/dev/log).
[[0;32m  OK  [0m] Listening on Journal Socket (/dev/log).
[   30.847689] systemd[1]: Listening on Journal Audit Socket.
[[0;32m  OK  [0m] Listening on Journal Audit Socket.
[   31.004810] systemd[1]: Starting Journal Service...
         Starting Journal Service...
[   31.007633] systemd[1]: Mounted POSIX Message Queue File System.
[[0;32m  OK  [0m] Mounted POSIX Message Queue File System.
[   31.072157] systemd[1]: Mounted Debug File System.
[[0;32m  OK  [0m] Mounted Debug File System.
[   31.183789] systemd[1]: Mounted Huge Pages File System.
[[0;32m  OK  [0m] Mounted Huge Pages File System.
[   31.251821] systemd[1]: Started Journal Service.
[[0;32m  OK  [0m] Started Journal Service.
[[0;32m  OK  [0m] Started Remount Root and Kernel File Systems.
[[0;32m  OK  [0m] Started Load Kernel Modules.
[[0;32m  OK  [0m] Started Set console keymap.
[[0;32m  OK  [0m] Started Uncomplicated firewall.
[[0;32m  OK  [0m] Started Create list of required sta...ce nodes for the current kernel.
[[0;32m  OK  [0m] Started Nameserver information manager.
[[0;32m  OK  [0m] Started LVM2 metadata daemon.
         Starting Create Static Device Nodes in /dev...
         Starting Apply Kernel Variables...
         Mounting FUSE Control File System...
         Starting udev Coldplug all Devices...
         Starting Load/Save Random Seed...
         Starting Flush Journal to Persistent Storage...
[[0;32m  OK  [0m] Mounted FUSE Control File System.
[[0;32m  OK  [0m] Started Create Static Device Nodes in /dev.
[[0;32m  OK  [0m] Started Apply Kernel Variables.
[[0;32m  OK  [0m] Started Load/Save Random Seed.
[[0;32m  OK  [0m] Started udev Coldplug all Devices.
[[0;32m  OK  [0m] Started Flush Journal to Persistent Storage.
         Starting udev Kernel Device Manager...
[[0;32m  OK  [0m] Started udev Kernel Device Manager.
[[0;32m  OK  [0m] Started Monitoring of LVM2 mirrors,...ng dmeventd or progress polling.
[[0;32m  OK  [0m] Reached target Local File Systems (Pre).
[[0;32m  OK  [0m] Reached target Local File Systems.
         Starting LSB: AppArmor initialization...
         Starting Initial cloud-init job (pre-networking)...
         Starting Create Volatile Files and Directories...
         Starting Tell Plymouth To Write Out Runtime Data...
         Starting Set console font and keymap...
[[0;32m  OK  [0m] Started Dispatch Password Requests to Console Directory Watch.
[[0;32m  OK  [0m] Started Create Volatile Files and Directories.
[[0;32m  OK  [0m] Started Tell Plymouth To Write Out Runtime Data.
         Starting Update UTMP about System Boot/Shutdown...
[[0;32m  OK  [0m] Started Update UTMP about System Boot/Shutdown.
[[0;32m  OK  [0m] Started LSB: AppArmor initialization.
[[0;32m  OK  [0m] Found device /dev/ttyS0.
[[0;32m  OK  [0m] Listening on Load/Save RF Kill Switch Status /dev/rfkill Watch.
[[0;32m  OK  [0m] Found device 82540EM Gigabit Ethern...r (PRO/1000 MT Desktop Adapter).
[   22.812883] cloud-init[487]: Cloud-init v. 18.3-9-g2e62cb8a-0ubuntu1~16.04.2 running 'init-local' at Wed, 15 May 2019 03:59:27 +0000. Up 22.46 seconds.
[[0;32m  OK  [0m] Started Initial cloud-init job (pre-networking).
[[0;32m  OK  [0m] Started Set console font and keymap.
[[0;32m  OK  [0m] Created slice system-getty.slice.
[[0;32m  OK  [0m] Reached target Network (Pre).
         Starting Raise network interfaces...
[[0;32m  OK  [0m] Started ifup for enp0s3.
[[0;32m  OK  [0m] Started Raise network interfaces.
[[0;32m  OK  [0m] Reached target Network.
         Starting Initial cloud-init job (metadata service crawler)...
[   24.088783] cloud-init[988]: Cloud-init v. 18.3-9-g2e62cb8a-0ubuntu1~16.04.2 running 'init' at Wed, 15 May 2019 03:59:28 +0000. Up 23.83 seconds.
[   24.184671] cloud-init[988]: ci-info: ++++++++++++++++++++++++++++++++++++++Net device info+++++++++++++++++++++++++++++++++++++++
[[0;32m  OK  [0m] Started Initial cloud-init job (metadata service crawler).
[   24.271840] cloud-init[988]: ci-info: +--------+-------+----------------------------+---------------+--------+-------------------+
[   24.389074] cloud-init[988]: ci-info: | Device |   Up  |          Address           |      Mask     | Scope  |     Hw-Address    |
[   24.464642] cloud-init[988]: ci-info: +--------+-------+----------------------------+---------------+--------+-------------------+
[[0;32m  OK  [0m] Reached target Cloud-config availability.
[[0;32m  OK  [0m] Reached target System Initialization.
[   24.538557] cloud-init[988]: ci-info: | enp0s3 |  True |         10.0.2.15          | 255.255.255.0 | global | 02:93:23:4d:82:b3 |
[   24.596796] cloud-init[988]: ci-info: | enp0s3 |  True | fe80::93:23ff:fe4d:82b3/64 |       .       |  link  | 02:93:23:4d:82:b3 |
[   24.688252] cloud-init[988]: ci-info: | enp0s8 | False |             .              |       .       |   .    | 08:00:27:04:7e:13 |
[   24.688732] cloud-init[988]: ci-info: |   lo   |  True |         127.0.0.1          |   255.0.0.0   |  host  |         .         |
[   24.688788] cloud-init[988]: ci-info: |   lo   |  True |          ::1/128           |       .       |  host  |         .         |
[   24.688842] cloud-init[988]: ci-info: +--------+-------+----------------------------+---------------+--------+-------------------+
[   24.688887] cloud-init[988]: ci-info: +++++++++++++++++++++++++++Route IPv4 info++++++++++++++++++++++++++++
[   24.688929] cloud-init[988]: ci-info: +-------+-------------+----------+---------------+-----------+-------+
[   24.688974] cloud-init[988]: ci-info: | Route | Destination | Gateway  |    Genmask    | Interface | Flags |
[   24.689017] cloud-init[988]: ci-info: +-------+-------------+----------+---------------+-----------+-------+
[   24.689060] cloud-init[988]: ci-info: |   0   |   0.0.0.0   | 10.0.2.2 |    0.0.0.0    |   enp0s3  |   UG  |
[   24.689099] cloud-init[988]: ci-info: |   1   |   10.0.2.0  | 0.0.0.0  | 255.255.255.0 |   enp0s3  |   U   |
[   24.689143] cloud-init[988]: ci-info: +-------+-------------+----------+---------------+-----------+-------+
[   24.689184] cloud-init[988]: ci-info: +++++++++++++++++++Route IPv6 info+++++++++++++++++++
[   24.689226] cloud-init[988]: ci-info: +-------+-------------+---------+-----------+-------+
[   24.689271] cloud-init[988]: ci-info: | Route | Destination | Gateway | Interface | Flags |
[   24.689313] cloud-init[988]: ci-info: +-------+-------------+---------+-----------+-------+
[   24.689355] cloud-init[988]: ci-info: |   0   |  fe80::/64  |    ::   |   enp0s3  |   U   |
[   24.689461] cloud-init[988]: ci-info: |   3   |   ff00::/8  |    ::   |   enp0s3  |   U   |
[   24.689513] cloud-init[988]: ci-info: +-------+-------------+---------+-----------+-------+
[[0;32m  OK  [0m] Listening on UUID daemon activation socket.
[[0;32m  OK  [0m] Started Daily Cleanup of Temporary Directories.
[[0;32m  OK  [0m] Started ACPI Events Check.
[[0;32m  OK  [0m] Reached target Paths.
[[0;32m  OK  [0m] Listening on ACPID Listen Socket.
[[0;32m  OK  [0m] Listening on D-Bus System Message Bus Socket.
         Starting Socket activation for snappy daemon.
[[0;32m  OK  [0m] Started Daily apt download activities.
[[0;32m  OK  [0m] Started Daily apt upgrade and clean activities.
[[0;32m  OK  [0m] Reached target Timers.
         Starting LXD - unix socket.
[[0;32m  OK  [0m] Reached target Network is Online.
         Starting iSCSI initiator daemon (iscsid)...
[[0;32m  OK  [0m] Listening on Socket activation for snappy daemon.
[[0;32m  OK  [0m] Listening on LXD - unix socket.
[[0;32m  OK  [0m] Started iSCSI initiator daemon (iscsid).
         Starting Login to default iSCSI targets...
[[0;32m  OK  [0m] Reached target Sockets.
[[0;32m  OK  [0m] Reached target Basic System.
         Starting Accounts Service...
         Starting vboxadd.service...
         Starting Snappy daemon...
         Starting /etc/rc.local Compatibility...
         Starting OpenBSD Secure Shell server...
         Starting LSB: MD monitoring daemon...
         Starting LXD - container startup/shutdown...
         Starting System Logging Service...
[[0;32m  OK  [0m] Started ACPI event daemon.
         Starting LSB: Record successful boot for GRUB...
[[0;32m  OK  [0m] Started Unattended Upgrades Shutdown.
         Starting Login Service...
[[0;32m  OK  [0m] Started D-Bus System Message Bus.
[[0;32m  OK  [0m] Started Deferred execution scheduler.
[[0;32m  OK  [0m] Started FUSE filesystem for LXC.
[[0;32m  OK  [0m] Started Regular background program processing daemon.
[[0;32m  OK  [0m] Started System Logging Service.
[[0;32m  OK  [0m] Started /etc/rc.local Compatibility.
[[0;32m  OK  [0m] Started OpenBSD Secure Shell server.
[[0;32m  OK  [0m] Started LXD - container startup/shutdown.
[[0;32m  OK  [0m] Started Login to default iSCSI targets.
[[0;32m  OK  [0m] Started Snappy daemon.
[[0;32m  OK  [0m] Started LSB: Record successful boot for GRUB.
[[0;32m  OK  [0m] Started LSB: MD monitoring daemon.
[[0;32m  OK  [0m] Started vboxadd.service.
[[0;32m  OK  [0m] Started Login Service.
         Starting Authenticate and Authorize Users to Run Privileged Tasks...
         Starting vboxadd-service.service...
         Starting Wait until snapd is fully seeded...
[[0;32m  OK  [0m] Reached target Remote File Systems (Pre).
[[0;32m  OK  [0m] Reached target Remote File Systems.
         Starting LSB: daemon to balance interrupts for SMP systems...
         Starting LSB: Set the CPU Frequency Scaling governor to "ondemand"...
         Starting LSB: automatic crash report generation...
         Starting Permit User Sessions...
[[0;1;31mFAILED[0m] Failed to start vboxadd-service.service.
See 'systemctl status vboxadd-service.service' for details.
[[0;32m  OK  [0m] Started Wait until snapd is fully seeded.
[[0;32m  OK  [0m] Started Permit User Sessions.
[[0;32m  OK  [0m] Started Authenticate and Authorize Users to Run Privileged Tasks.
[[0;32m  OK  [0m] Started Accounts Service.
[[0;32m  OK  [0m] Started LSB: daemon to balance interrupts for SMP systems.
[[0;32m  OK  [0m] Started LSB: Set the CPU Frequency Scaling governor to "ondemand".
[[0;32m  OK  [0m] Started LSB: automatic crash report generation.
         Starting Terminate Plymouth Boot Screen...
         Starting Hold until boot process finishes up...
         Starting Apply the settings specified in cloud-config...
[[0;32m  OK  [0m] Started Terminate Plymouth Boot Screen.
[[0;32m  OK  [0m] Started Hold until boot process finishes up.
[[0;32m  OK  [0m] Started Getty on tty1.
         Starting Set console scheme...
[[0;32m  OK  [0m] Started Serial Getty on ttyS0.
[[0;32m  OK  [0m] Reached target Login Prompts.
[[0;32m  OK  [0m] Reached target Multi-User System.
[[0;32m  OK  [0m] Reached target Graphical Interface.
[   27.920801] cloud-init[1282]: Cloud-init v. 18.3-9-g2e62cb8a-0ubuntu1~16.04.2 running 'modules:config' at Wed, 15 May 2019 03:59:32 +0000. Up 27.79 seconds.
         Starting Update UTMP about System Runlevel Changes...
[[0;32m  OK  [0m] Started Apply the settings specified in cloud-config.
[[0;32m  OK  [0m] Started Set console scheme.
[[0;32m  OK  [0m] Started Update UTMP about System Runlevel Changes.
         Starting Execute cloud user/final scripts...
[   28.620148] cloud-init[1301]: Cloud-init v. 18.3-9-g2e62cb8a-0ubuntu1~16.04.2 running 'modules:final' at Wed, 15 May 2019 03:59:33 +0000. Up 28.51 seconds.
[   28.737496] cloud-init[1301]: Cloud-init v. 18.3-9-g2e62cb8a-0ubuntu1~16.04.2 finished at Wed, 15 May 2019 03:59:33 +0000. Datasource DataSourceNoCloud [seed=/dev/sdb][dsmode=net].  Up 28.61 seconds
[[0;32m  OK  [0m] Started Execute cloud user/final scripts.
[[0;32m  OK  [0m] Reached target Cloud-init target.

Ubuntu 16.04.5 LTS ubuntu-xenial ttyS0

ubuntu-xenial login: 