[    0.000000] Initializing cgroup subsys cpuset
[    0.000000] Initializing cgroup subsys cpu
[    0.000000] Initializing cgroup subsys cpuacct
[    0.000000] Linux version 4.4.0-134-generic (buildd@lgw01-amd64-033) (gcc version 5.4.0 20160609 (Ubuntu 5.4.0-6ubuntu1~16.04.10) ) #160-Ubuntu SMP Wed Aug 15 14:58:00 UTC 2018 (Ubuntu 4.4.0-134.160-generic 4.4.140)
[    0.000000] Command line: BOOT_IMAGE=/boot/vmlinuz-4.4.0-134-generic root=LABEL=cloudimg-rootfs ro console=tty1 console=ttyS0
[    0.000000] KERNEL supported cpus:
[    0.000000]   Intel GenuineIntel
[    0.000000]   AMD AuthenticAMD
[    0.000000]   Centaur CentaurHauls
[    0.000000] x86/fpu: xstate_offset[2]:  576, xstate_sizes[2]:  256
[    0.000000] x86/fpu: Supporting XSAVE feature 0x01: 'x87 floating point registers'
[    0.000000] x86/fpu: Supporting XSAVE feature 0x02: 'SSE registers'
[    0.000000] x86/fpu: Supporting XSAVE feature 0x04: 'AVX registers'
[    0.000000] x86/fpu: Enabled xstate features 0x7, context size is 832 bytes, using 'standard' format.
[    0.000000] e820: BIOS-provided physical RAM map:
[    0.000000] BIOS-e820: [mem 0x0000000000000000-0x000000000009fbff] usable
[    0.000000] BIOS-e820: [mem 0x000000000009fc00-0x000000000009ffff] reserved
[    0.000000] BIOS-e820: [mem 0x00000000000f0000-0x00000000000fffff] reserved
[    0.000000] BIOS-e820: [mem 0x0000000000100000-0x000000003ffeffff] usable
[    0.000000] BIOS-e820: [mem 0x000000003fff0000-0x000000003fffffff] ACPI data
[    0.000000] BIOS-e820: [mem 0x00000000fec00000-0x00000000fec00fff] reserved
[    0.000000] BIOS-e820: [mem 0x00000000fee00000-0x00000000fee00fff] reserved
[    0.000000] BIOS-e820: [mem 0x00000000fffc0000-0x00000000ffffffff  reserved
[    0.000000] NX (Execute Disable) protection: active
[    0.000000] SMBIOS 2.5 present.
[    0.000000] Hypervisor detected: KVM
[    0.000000] e820: last_pfn = 0x3fff0 max_arch_pfn = 0x400000000
[    0.000000] MTRR: Disabled
[    0.000000] x86/PAT: MTRRs disabled, skipping PAT initialization too.
[    0.000000] CPU MTRRs all blank - virtualized system.
[    0.000000] x86/PAT: Configuration [0-7]: WB  WT  UC- UC  WB  WT  UC- UC  
[    0.000000] found SMP MP-table at [mem 0x0009fff0-0x0009ffff] mapped at [ffff88000009fff0]
[    0.000000] Scanning 1 areas for low memory corruption
[    0.000000] RAMDISK: [mem 0x3630c000-0x3717dfff]
[    0.000000] ACPI: Early table checksum verification disabled
[    0.000000] ACPI: RSDP 0x00000000000E0000 000024 (v02 VBOX  )
[    0.000000] ACPI: XSDT 0x000000003FFF0030 00003C (v01 VBOX   VBOXXSDT 00000001 ASL  00000061)
[    0.000000] ACPI: FACP 0x000000003FFF00F0 0000F4 (v04 VBOX   VBOXFACP 00000001 ASL  00000061)
[    0.000000  ACPI: DSDT 0x000000003FFF0470 0021FF (v02 VBOX   VBOXBIOS 00000002 INTL 20100528)
[    0.000000] ACPI: FACS 0x000000003FFF0200 000040
[    0.000000] ACPI: FACS 0x000000003FFF0200 000040
[    0.000000] ACPI: APIC 0x000000003FFF0240 000054 (v02 VBOX   VBOXAPIC 00000001 ASL  00000061)
[    0.000000] ACPI: SSDT 0x000000003FFF02A0 0001CC (v01 VBOX   VBOXCPUT 00000002 INTL 20100528)
[    0.000000] No NUMA configuration found
[    0.000000] Faking a node at [mem 0x0000000000000000-0x000000003ffeffff]
[    0.000000] NODE_DATA(0) allocated [mem 0x3ffeb000-0x3ffeffff]
[    0.000000] kvm-clock: Using msrs 4b564d01 and 4b564d00
[    0.000000] kvm-clock: cpu 0, msr 0:3ffe3001, primary cpu clock
[    0.000000] kvm-clock: using sched offset of 3188563961 cycles
[    0.000000] clocksource: kvm-clock: mask: 0xffffffffffffffff max_cycles: 0x1cd42e4dffb, max_idle_ns: 881590591483 ns
[    0.000000] Zone ranges:
[    0.000000]   DMA      [mem 0x0000000000001000-0x0000000000ffffff]
[    0.000000]   DMA32    [mem 0x0000000001000000-0x000000003ffeffff]
[    0.000000]   Normal   empty
[    0.000000]   Device   empty
[    0.000000] Movable zone start for each node
[    0.000000] Early memory node ranges
[    0.000000]   node   0: [mem 0x0000000000001000-0x000000000009efff]
[    0.000000]   node   0: [mem 0x0000000000100000-0x000000003ffeffff]
[    0.000000] Initmem setup node 0 [mem 0x0000000000001000-0x000000003ffeffff]
[    0.000000] ACPI: PM-Timer IO Port: 0x4008
[    0.000000] IOAPIC[0]: apic_id 1, version 32, address 0xfec00000, GSI 0-23
[    0.000000] ACPI: INT_SRC_OVR (bus 0 bus_irq 0 global_irq 2 dfl dfl)
[    0.000000] ACPI: INT_SRC_OVR (bus 0 bus_irq 9 global_irq 9 low level)
[    0.000000] Using ACPI (MADT) for SMP configuration information
[    0.000000] smpboot: Allowing 1 CPUs, 0 hotplug CPUs
[    0.000000] PM: Registered nosave memory: [mem 0x00000000-0x00000fff]
[    0.000000] PM: Registered nosave memory: [mem 0x0009f000-0x0009ffff]
[    0.000000] PM: Registered nosave memory: [mem 0x000a0000-0x000effff]
[    0.000000] PM: Registered nosave memory: [mem 0x000f0000-0x000fffff]
[    0.000000] e820: [mem 0x40000000-0xfebfffff] available for PCI devices
[    0.000000] Booting paravirtualized kernel on KVM
[    0.000000] clocksource: refined-jiffies: mask: 0xffffffff max_cycles: 0xffffffff, max_idle_ns: 7645519600211568 ns
[    0.000000] setup_percpu: NR_CPUS:512 nr_cpumask_bits:512 nr_cpu_ids:1 nr_node_ids:1
[    0.000000] PERCPU: Embedded 34 pages/cpu @ffff88003fc00000 s99544 r8192 d31528 u2097152
[    0.000000] PV qspinlock hash table entries: 256 (order: 0, 4096 bytes)
[    0.000000] Built 1 zonelists in Node order, mobility grouping on.  Total pages: 257912
[    0.000000] Policy zone: DMA32
[    0.000000] Kernel command line: BOOT_IMAGE=/boot/vmlinuz-4.4.0-134-generic root=LABEL=cloudimg-rootfs ro console=tty1 console=ttyS0
[    0.000000] PID hash table entries: 4096 (order: 3, 32768 bytes)
[    0.000000] Memory: 997860K/1048120K available (8554K kernel code, 1314K rwdata, 4004K rodata, 1516K init, 1316K bss, 50260K reserved, 0K cma-reserved)
[    0.000000] SLUB: HWalign=64, Order=0-3, MinObjects=0, CPUs=1, Nodes=1
[    0.000000] Kernel/User page tables isolation: enabled
[    0.000000] Hierarchical RCU implementation.
[    0.000000] 	Build-time adjustment of leaf fanout to 64.
[    0.000000] 	RCU restricting CPUs from NR_CPUS=512 to nr_cpu_ids=1.
[    0.000000] RCU: Adjusting geometry for rcu_fanout_leaf=64, nr_cpu_ids=1
[    0.000000] NR_IRQS:33024 nr_irqs:256 16
[    0.000000] Console: colour VGA+ 80x25
[    0.000000] console [tty1] enabled
[    0.000000] console [ttyS0] enabled
[    0.000000] tsc: Detected 2194.918 MHz processor
[    2.903752] Calibrating delay loop (skipped) preset value.. 4389.83 BogoMIPS (lpj=8779672)
[    2.968653] pid_max: default: 32768 minimum: 301
[    3.016852] ACPI: Core revision 20150930
[    3.025214] ACPI: 2 ACPI AML tables successfully acquired and loaded
[    3.048994] Security Framework initialized
[    3.084414] Yama: becoming mindful.
[    3.118161] AppArmor: AppArmor inttialized
[    3.175576] Dentry cache hash table entries: 131072 (order: 8, 1048576 bytes)
[    3.290213] Inode-cache hash table entries: 65536 (order: 7, 524288 bytes)
[    3.338836] Mount-cache hash table entries: 2048 (order: 2, 16384 bytes)
[    3.391938] Mountpoint-cache hash table entries: 2048 (order: 2, 16384 bytes)
[    3.490044] Initializing cgroup subsys io
[    3.507560] Initializing cgroup subsys memory
[    3.508646] Initializing cgroup subsys devices
[    3.541348] Initializing cgroup subsys freezer
[    3.547824] Initializing cgroup subsys net_cls
[    3.551895] Initializing cgroup subsys perf_event
[    3.553205] Initializing cgroup subsys net_prio
[    3.554290] Initializing cgroup subsys hugetlb
[    3.555527] Initializing cgroup subsys pids
[    3.557666] mce: CPU supports 0 MCE banks
[    3.558781] process: using mwait in idle threads
[    3.560095] Last level iTLB entries: 4KB 1024, 2MB 1024, 4MB 1024
[    3.561645] Last level dTLB entries: 4KB 1024, 2MB 1024, 4MB 1024, 1GB 4
[    3.563337] Spectre V2 : Mitigation: Full generic retpoline
[    3.566128] Spectre V2 : Speculation control IBPB not-supported IBRS not-supported
[    3.576087] Speculative Store Bypass: Vulnerable
[    3.604915] Freeing SMP alternatives memory: 32K
[    3.648161] ftrace: allocating 32266 entries in 127 pages
[    3.806924] smpboot: APIC(0) Converting physical 0 to logical package 0
[    3.905060] smpboot: Max logical packages: 1
[    3.979560] x2apic enabled
[    4.035438] Switched APIC routing to physical x2apic.
[    4.110851] ..TIMER: vector=0x30 apic1=0 pin1=2 apic2=-1 pin2=-1
[    4.235817] smpboot: CPU0: Intel(R) Core(TM) i7-4770HQ CPU @ 2.20GHz (family: 0x6, model: 0x46, stepping: 0x1)
[    4.355750] Performance Events: unsupported p6 CPU model 70 no PMU driver, software events only.
[    4.513686] KVM setup paravirtual spinlock
[    4.561504] x86: Booted up 1 node, 1 CPUs
[    4.613233] smpboot: Total of 1 processors activated (4389.83 BogoMIPS)
[    4.635079] devtmpfs: initialized
[    4.637278] evm: security.selinux
[    4.652057] evm: security.SMACK64
[    4.668044] evm: security.SMACK64EXEC
[    4.671667] evm: security.SMACK64TRANSMUTE
[    4.675173] evm: security.SMACK64MMAP
[    4.677758] evm: security.ima
[    4.680115] evm: security.capability
[    4.681297] clocksource: jiffies: mask: 0xffffffff max_cycles: 0xffffffff, max_idle_ns: 7645041785100000 ns
[    4.687449] futex hash table entries: 256 (order: 2, 16384 bytes)
[    4.692954] pinctrl core: initialized pinctrl subsystem
[    4.695575] RTC time: 22:23:20, date: 05/10/19
[    4.702597] NET: Registered protocol family 16
[    4.706807] cpuidle: using governor ladder
[    4.708032] cpuidle: using governor menu
[    4.721089] PCCT header not found.
[    4.721992] ACPI: bus type PCI registered
[    4.751830] acpiphp: ACPI Hot Plug PCI Controller Driver version: 0.5
[    4.820566] PCI: Using configuration type 1 for base access
[    4.911271] ACPI: Added _OSI(Module Device)
[    4.930311] ACPI: Added _OSI(Processor Device)
[    5.020152] ACPI: Added _OSI(3.0 _SCP Extensions)
[    5.050979] ACPI: Added _OSI(Processor Aggregator Device)
[    5.140053] ACPI: Executed 1 blocks of module-level executable AML code
[    5.144634] ACPI: Interpreter enabled
[    5.215798] ACPI: (supports S0 S5)
[    5.275248] ACPI: Using IOAPIC for interrupt routing
[    5.374276] PCI: Using host bridge windows from ACPI; if necessary, use "pci=nocrs" and report a bug
[    5.519161] ACPI: PCI Root Bridge [PCI0] (domain 0000 [bus 00-ff])
[    5.580220] acpi PNP0A03:00: _OSC: OS supports [ASPM ClockPM Segments MSI]
[    5.654266] acpi PNP0A03:00: _OSC: not requesting OS control; OS requires [ExtendedConfig ASPM ClockPM MSI]
[    5.716930] acpi PNP0A03:00: fail to add MMCONFIG information, can't access extended PCI configuration space under this bridge.
[    5.737492] PCI host bridge to bus 0000:00
[    5.746036] pci_bus 0000:00: root bus resource [io  0x0000-0x0cf7 window]
[    5.747775] pci_bus 0000:00: root bus resource [io  0x0d00-0xffff window]
[    5.774264] pci_bus 0000:00: root bus resource [mem 0x000a0000-0x000bffff window]
[    5.787632] pci_bus 0000:00: root bus resource [mem 0x40000000-0xfdffffff window]
[    5.796033] pci_bus 0000:00: root bus resource [bus 00-ff]
[    5.803891] pci 0000:00:01.1: legacy IDE quirk: reg 0x10: [io  0x01f0-0x01f7]
[    5.817307] pci 0000:00:01.1: legacy IDE quirk: reg 0x14: [io  0x03f6]
[    5.824770] pci 0000:00:01.1: legacy IDE quirk: reg 0x18: [io  0x0170-0x0177]
[    5.901821] pci 0000:00:01.1: legacy IDE quirk: reg 0x1c: [io  0x0376]
[    6.003977] pci 0000:00:07.0: quirk: [io  0x4000-0x403f] claimed by PIIX4 ACPI
[    6.031186] pci 0000:00:07.0: quirk: [io  0x4100-0x410f] claimed by PIIX4 SMB
[    6.063743] ACPI: PCI Interrupt Link [LNKA] (IRQs 5 9 10 *11)
[    6.125674] ACPI: PCI Interrupt Link [LNKB] (IRQs 5 9 *10 11)
[    6.220016] ACPI: PCI Interrupt Link [LNKC] (IRQs 5 *9 10 11)
[    6.257297] ACPI: PCI Interrupt Link [LNKD] (IRQs 5 9 10 *11)
[    6.344988] ACPI: Enabled 2 GPEs in block 00 to 07
[    6.396306] vgaarb: setting as boot device: PCI:0000:00:02.0
[    6.464068] vgaarb: device added: PCI:0000:00:02.0,decodes=io+mem,owns=io+mem,locks=none
[    6.565488] vgaarb: loaded
[    6.583431] vgaarb: bridge control possible 0000:00:02.0
[    6.625823] SCSI subsystem initialized
[    6.656063] ACPI: bus type USB registered
[    6.692839] usbcore: registered new interface driver usbfs
[    6.699258] usbcore: registered new interface driver hub
[    6.700437] usbcore: registered new device driver usb
[    6.760110] PCI: Using ACPI for IRQ routing
[    6.843463] NetLabel: Initializing
[    6.872801] NetLabel:  domain hash size = 128
[    6.881283] NetLabel:  protocols = UNLABELED CIPSOv4
[    6.885020] NetLabel:  unlabeled traffic allowed by default
[    6.904244] amd_nb: Cannot enumerate AMD northbridges
[    6.914579] clocksource: Switched to clocksource kvm-clock
[    6.933971] AppArmor: AppArmor Filesystem Enabled
[    6.937596] pnp: PnP ACPI init
[    6.942211] pnp: PnP ACPI: found 3 devices
[    6.960504] clocksource: acpi_pm: mask: 0xffffff max_cycles: 0xffffff, max_idle_ns: 2085701024 ns
[    7.022023] NET: Registered protocol family 2
[    7.055583] TCP established hash table entries: 8192 (order: 4, 65536 bytes)
[    7.170237] TCP bind hash table entries: 8192 (order: 5, 131072 bytes)
[    7.315459] TCP: Hash tables configured (established 8192 bind 8192)
[    7.445592] UDP hash table entries: 512 (order: 2, 16384 bytes)
[    7.567706] UDP-Lite hash table entries: 512 (order: 2, 16384 bytes)
[    7.660448] NET: Registered protocol family 1
[    7.727133] pci 0000:00:00.0: Limiting direct PCI/PCI transfers
[    7.833590] pci 0000:00:01.0: Activating ISA DMA hang workarounds
[    7.945765] Unpacking initramfs...
[    8.213677] Freeing initrd memory: 14792K
[    8.247062] platform rtc_cmos: registered platform RTC device (no PNP device found)
[    8.436157] Scanning for low memory corruption every 60 seconds
[    8.560713] audit: initializing netlink subsys (disabled)
[    8.611180] audi:: type=2000 audit(1557527002.846:1): initialized
[    8.715949] Initialise system trusted keyring
[    8.781173] HugeTLB registered 2 MB page size, pre-allocated 0 pages
[    8.895358] zbud: loaded
[    8.939565] VFS: Disk quotas dquot_6.6.0
[    9.019328] VFS: Dquot-cache hash table entries: 512 (order 0, 4096 bytes)
[    9.090582] squashfs: version 4.0 (2009/01/31) Phillip Lougher
[    9.106782] fuse init (API version 7.23)
[    9.109664] Key type big_key registered
[    9.115507] Allocating IMA MOK and blacklist keyrings.
[    9.118239] Key type asymmetric registered
[    9.126201] Asymmetric key parser 'x509' registered
[    9.134018] Block layer SCSI generic (bsg) driver version 0.4 loaded (major 249)
[    9.137372] io scheduler noop registered
[    9.141708] io scheduler deadline registered (default)
[    9.144506] io scheduler cfq registered
[    9.153657] pci_hotplug: PCI Hot Plug PCI Core version: 0.5
[    9.226127] pciehp: PCI Express Hot Plug Controller Driver version: 0.4
[    9.301403] tsc: Refined TSC clocksource calibration: 2194.918 MHz
[    9.423157] clocksource: tsc: mask: 0xffffffffffffffff max_cycles: 0x1fa37202099, max_idle_ns: 440795206796 ns
[    9.566226] ACPI: AC Adapter [AC] (on-line)
[    9.628578] input: Power Button as /devices/LNXSYSTM:00/LNXPWRBN:00/input/input0
[    9.737027] ACPI: Power Button [PWRF]
[    9.825361] input: Sleep Button as /devices/LNXSYSTM:00/LNXSLPBN:00/input/input1
[    9.868856] ACPI: Sleep Button [SLPF]
[    9.933635] ACPI: Battery Slot [BAT0] (battery present)
[   10.027379] GHES: HEST is not enabled!
[   10.041197] Serial: 8250/16550 driver, 32 ports, IRQ sharing enabled
[   10.070122] 00:02: ttyS0 at I/O 0x3f8 (irq = 4, base_baud = 115200) is a 16550A
[   10.096378] Linux agpgart interface v0.103
[   10.122775] loop: module loaded
[   10.131805] scsi host0: ata_piix
[   10.132751] scsi host1: ata_piix
[   10.135140] ata1: PATA max UDMA/33 cmd 0x1f0 ctl 0x3f6 bmdma 0xd000 irq 14
[   10.141271] ata2: PATA max UDMA/33 cmd 0x170 ctl 0x376 bmdma 0xd008 irq 15
[   10.150509] libphy: Fixed MDIO Bus: probed
[   10.166428] tun: Universal TUN/TAP device driver, 1.6
[   10.195979] tun: (C) 1999-2004 Max Krasnyansky <maxk@qualcomm.com>
[   10.205308] PPP generic driver version 2.4.2
[   10.209419] ehci_hcd: USB 2.0 'Enhanced' Host Controller (EHCI) Driver
[   10.220624] ehci-pci: EHCI PCI platform driver
[   10.221836] ehci-platform: EHCI generic platform driver
[   10.226905] ohci_hcd: USB 1.1 'Open' Host Controller (OHCI) Driver
[   10.228403] ohci-pci: OHCI PCI platform driver
[   10.233417] ohci-platform: OHCI generic platform driver
[   10.237232] uhci_hcd: USB Universal Host Controller Interface driver
[   10.241325] i8042: PNP: PS/2 Controller [PNP0303:PS2K,PNP0f03:PS2M] at 0x60,0x64 irq 1,12
[   10.249898] serio: i8042 KBD port at 0x60,0x64 irq 1
[   10.257800] serio: i8042 AUX port at 0x60,0x64 irq 12
[   10.262976] mousedev: PS/2 mouse device common for all mice
[   10.283853] input: AT Translated Set 2 keyboard as /devices/platform/i8042/serio0/input/input2
[   10.285937] rtc_cmos rtc_cmos: rtc core: registered rtc_cmos as rtc0
[   10.360285] rtc_cmos rtc_cmos: alarms up to one day, 114 bytes nvram
[   10.405115] i2c /dev entries driver
[   10.409245] device-mapper: uevent: version 1.0.3
[   10.415340] device-mapper: ioctl: 4.34.0-ioctl (2015-10-28) initialised: dm-devel@redhat.com
[   10.438232] ledtrig-cpu: registered to indicate activity on CPUs
[   10.461244] NET: Registered protocol family 10
[   10.464818] NET: Registered protocol family 17
[   10.466936] Key type dns_resolver registered
[   10.472910] registered taskstats version 1
[   10.475241] Loading compiled-in X.509 certificates
[   10.478118] Loaded X.509 cert 'Build time autogenerated kernel key: 4eb3d024ac16f76c1747ffd474694c84db21038b'
[   10.483498] zswap: loaded using pool lzo/zbud
[   10.489944] Key type trusted registered
[   10.493347] Key type encrypted registered
[   10.494202] AppArmor: AppArmor sha1 policy hashing enabled
[   10.495131] ima: No TPM chip found, activating TPM-bypass!
[   10.496049] ima: Allocated hash algorithm: sha1
[   10.542710] evm: HMAC attrs: 0x1
[   10.552140]   Magic number: 3:901:400
[   10.554747] rtc_cmos rtc_cmos: setting system clock to 2019-05-10 22:23:26 UTC (1557527006)
[   10.560063] BIOS EDD facility v0.16 2004-Jun-25, 0 devices found
[   10.565754] EDD information not available.
[   10.584421] Freeing unused kernel memory: 1516K
[   10.594770] Write protecting the kernel read-only data: 14336k
[   10.645450] Freeing unused kernel memory: 1672K
[   10.648015] Freeing unused kernel memory: 92K
Loading, please wait...
starting version 229
[   10.661949] random: udevadm: uninitialized urandom read (16 bytes read, 3 bits of entropy available)
[   10.686020] random: systemd-udevd: uninitialized urandom read (16 bytes read, 3 bits of entropy available)
[   10.731838] random: udevadm: uninitialized urandom read (16 bytes read, 3 bits of entropy available)
[   10.754784] random: systemd-udevd: uninitialized urandom read (16 bytes read, 3 bits of entropy available)
[   10.758224] random: systemd-udevd: uninitialized urandom read (16 bytes read, 3 bits of entropy available)
[   10.817124] random: udevadm: uninitialized urandom read (16 bytes read, 3 bits of entropy available)
[   10.834127] random: udevadm: uninitialized urandom read (16 bytes read, 3 bits of entropy available)
[   10.840821] random: udevadm: uninitialized urandom read (16 bytes read, 3 bits of entropy available)
[   10.843947] random: udevadm: uninitialized urandom read (16 bytes read, 3 bits of entropy available)
[   10.846684] random: udevadm: uninitialized urandom read (16 bytes read, 3 bits of entropy available)
[   10.997330] e1000: Intel(R) PRO/1000 Network Driver - version 7.3.21-k8-NAPI
[   11.016093] e1000: Copyright (c) 1999-2006 Intel Corporation.
[   11.069924] Fusion MPT base driver 3.04.20
[   11.121183] Copyright (c) 1999-2008 LSI Corporation
[   11.200701] AVX2 version of gcm_enc/dec engaged.
[   11.240028] AES CTR mode by8 optimization enabled
[   11.314384] Fusion MPT SPI Host driver 3.04.20
[   11.390915] input: ImExPS/2 Generic Explorer Mouse as /devices/platform/i8042/serio1/input/input4
[   11.827915] e1000 0000:00:03.0 eth0: (PCI:33MHz:32-bit) 02:93:23:4d:82:b3
[   11.972938] e1000 0000:00:03.0 eth0: Intel(R) PRO/1000 Network Connection
[   12.108483] mptbase: ioc0: Initiating bringup
[   12.262826] ioc0: LSI53C1030 A0: Capabilities={Initiator}
[   12.516923] scsi host2: ioc0: LSI53C1030 A0, FwRev=00000000h, Ports=1, MaxQ=256, IRQ=20
[   12.705508] scsi 2:0:0:0: Direct-Access     VBOX     HARDDISK         1.0  PQ: 0 ANSI: 5
[   12.843439] scsi target2:0:0: Beginning Domain Validation
[   13.058969] scsi target2:0:0: Domain Validation skipping write tests
[   13.200739] scsi target2:0:0: Ending Domain Validation
[   13.507310] scsi target2:0:0: asynchronous
[   13.530688] scsi 2:0:1:0: Direct-Access     VBOX     HARDDISK         1.0  PQ: 0 ANSI: 5
[   13.550779] scsi target2:0:1: Beginning Domain Validation
[   13.562841] scsi target2:0:1: Domain Validation skipping write tests
[   13.577429] scsi target2:0:1: Ending Domain Validation
[   13.579941] e1000 0000:00:08.0 eth1: (PCI:33MHz:32-bit) 08:00:27:04:7e:13
[   13.581011] e1000 0000:00:08.0 eth1: Intel(R) PRO/1000 Network Connection
[   13.583036] e1000 0000:00:08.0 enp0s8: renamed from eth1
[   13.585577] e1000 0000:00:03.0 enp0s3: renamed from eth0
[   13.597965] scsi target2:0:1: asynchronous
[   13.649364] sd 2:0:0:0: Attached scsi generic sg0 type 0
[   13.698640] sd 2:0:0:0: [sda] 20971520 512-byte logical blocks: (10.7 GB/10.0 GiB)
[   13.751134] sd 2:0:1:0: [sdb] 20480 512-byte logical blocks: (10.5 MB/10.0 MiB)
[   13.773790] sd 2:0:1:0: Attached scsi generic sg1 type 0
[   13.855369] sd 2:0:0:0: [sda] Write Protect is off
[   13.915875] sd 2:0:1:0: [sdb] Write Protect is off
[   13.994531] sd 2:0:0:0: [sda] Incomplete mode parameter data
[   14.013650] sd 2:0:0:0: [sda] Assuming drive cache: write through
[   14.018021] sd 2:0:1:0: [sdb] Incomplete mode parameter data
[   14.020091] sd 2:0:1:0: [sdb] Assuming drive cache: write through
[   14.037504]  sda: sda1
[   14.069658] sd 2:0:1:0: [sdb] Attached SCSI disk
[   14.116716] sd 2:0:0:0: [sda] Attached SCSI disk
Begin: Loading e[   15.479554] md: linear personality registered for level -1
ssential drivers ... [   15.553205] md: multipath personality registered for level -4
[   15.595494] md: raid0 personality registered for level 0
[   15.627532] md: raid1 personality registered for level 1
[   15.702625] raid6: sse2x1   gen()  8097 MB/s
[   15.795063] raid6: sse2x1   xor()  3836 MB/s
[   15.866748] raid6: sse2x2   gen() 11151 MB/s
[   15.978885] raid6: sse2x2   xor()  7411 MB/s
[   16.046787] raid6: sse2x4   gen() 12322 MB/s
[   16.138810] raid6: sse2x4   xor()  9603 MB/s
[   16.265160] raid6: avx2x1   gen() 17603 MB/s
[   16.386950] raid6: avx2x2   gen() 19922 MB/s
[   16.518617] raid6: avx2x4   gen() 23950 MB/s
[   16.604905] raid6: using algorithm avx2x4 gen() 23950 MB/s
[   16.735673] raid6: using avx2x2 recovery algorithm
[   16.846666] xor: automatically using best checksumming function:
[   16.899086]    avx       : 26779.000 MB/sec
[   16.901596] async_tx: api initialized (async)
[   16.913601] md: raid6 personality registered for level 6
[   17.005243] md: raid5 personality registered for level 5
[   17.125484] md: raid4 personality registered for level 4
[   17.237831] md: raid10 personality registered for level 10
done.
Begin: Running[   17.396313] Btrfs loaded
 /scripts/init-premount ... done.
Begin: Mounting root file system ... Begin: R[   17.507310] EXT4-fs (sda1): mounted filesystem with ordered data mode. Opts: (null)
unning /scripts/local-top ... done.
Begin: Running /scripts/local-premount ... Scanning for Btrfs filesystems
done.
Warning: fsck not present, so skipping root file system
done.
Begin: Running /scripts/local-bottom ... done.
Begin: Running /scripts/init-bottom ... done.
[   17.632285] systemd[1]: systemd 229 running in system mode. (+PAM +AUDIT +SELINUX +IMA +APPARMOR +SMACK +SYSVINIT +UTMP +LIBCRYPTSETUP +GCRYPT +GNUTLS +ACL +XZ -LZ4 +SECCOMP +BLKID +ELFUTILS +KMOD -IDN)
[   17.774666] systemd[1]: Detected virtualization oracle.
[   17.891474] systemd[1]: Detected architecture x86-64.

Welcome to [1mUbuntu 16.04.5 LTS[0m!

[   17.954676] systemd[1]: Set hostname to <ubuntu>.
[   17.968224] systemd[1]: Initializing machine ID from random generator.
[   17.976196] systemd[1]: Installed transient /etc/machine-id file.
[   18.068152] systemd[1]: Listening on udev Kernel Socket.
[[0;32m  OK  [0m] Listening on udev Kernel Socket.
[   18.175689] systemd[1]: Listening on LVM2 metadata daemon socket.
[[0;32m  OK  [0m] Listening on LVM2 metadata daemon socket.
[   18.323106] systemd[1]: Reached target User and Group Name Lookups.
[[0;32m  OK  [0m] Reached target User and Group Name Lookups.
[   18.475029] systemd[1]: Set up automount Arbitrary Executable File Formats File System Automount Point.
[[0;32m  OK  [0m] Set up automount Arbitrary Executab...ats File System Automount Point.
[   18.611218] systemd[1]: Reached target System Time Synchronized.
[[0;32m  OK  [0m] Reached target System Time Synchronized.
[   18.759329] systemd[1]: Started Forward Password Requests to Wall Directory Watch.
[[0;32m  OK  [0m] Started Forward Password Requests to Wall Directory Watch.
[   18.868096] systemd[1]: Listening on Journal Socket (/dev/log).
[[0;32m  OK  [0m] Listening on Journal Socket (/dev/log).
[   18.986968] systemd[1]: Listening on Device-mapper event daemon FIFOs.
[[0;32m  OK  [0m] Listening on Device-mapper event daemon FIFOs.
[   19.060334] systemd[1]: Created slice User and Session Slice.
[[0;32m  OK  [0m] Created slice User and Session Slice.
[   19.063685] systemd[1]: Listening on udev Control Socket.
[[0;32m  OK  [0m] Listening on udev Control Socket.
[   19.066950] systemd[1]: Listening on LVM2 poll daemon socket.
[[0;32m  OK  [0m] Listening on LVM2 poll daemon socket.
[   19.070366] systemd[1]: Listening on Journal Socket.
[[0;32m  OK  [0m] Listening on Journal Socket.
[   19.073511] systemd[1]: Started Trigger resolvconf update for networkd DNS.
[[0;32m  OK  [0m] Started Trigger resolvconf update for networkd DNS.
[   19.078375] systemd[1]: Created slice System Slice.
[[0;32m  OK  [0m] Created slice System Slice.
[   19.082279] systemd[1]: Starting Uncomplicated firewall...
         Starting Uncomplicated firewall...
[   19.088934] systemd[1]: Starting Nameserver information manager...
         Starting Nameserver information manager...
[   19.100734] systemd[1]: Reached target Slices.
[[0;32m  OK  [0m] Reached target Slices.
[   19.104012] systemd[1]: Starting Create list of required static device nodes for the current kernel...
         Starting Create list of required st... nodes for the current kernel...
[   19.198369] systemd[1]: Starting Set console keymap...
         Starting Set console keymap...
[   19.288198] systemd[1]: Mounting Debug File System...
         Mounting Debug File System...
[   19.372416] systemd[1]: Mounting Huge Pages File System...
         Mounting Huge Pages File System...
[   19.492385] systemd[1]: Starting Remount Root and Kernel File Systems...
         [   19.579878] EXT4-fs (sda1): re-mounted. Opts: (null)
Starting Remount Root and Kernel File Systems...
[   19.697705] random: nonblocking pool is initialized
[   19.816288] systemd[1]: Starting Load Kernel Modules...
         Starting Load Ke[   19.925496] Loading iSCSI transport class v2.0-870.
rnel Modules...[   20.059642] iscsi: registered transport (tcp)

[   20.135838] systemd[1]: Created slice system-serial\x2dgetty.slice.
[[0;32m  OK  [0m] Created slice system-serial\x2dgetty.slice.
[   20.165286] systemd[1]: Starting Monitoring of LVM2 mirrors, snapshots etc. using dmeventd or progress polling...
         Starting Monitoring of LVM2 mirrors... dmeventd or progress polling...
[   20.192359] iscsi: registered transport (iser)
[   20.195783] systemd[1]: Reached target Swap.
[[0;32m  OK  [0m] Reached target Swap.
[   20.207428] systemd[1]: Listening on /dev/initctl Compatibility Named Pipe.
[[0;32m  OK  [0m] Listening on /dev/initctl Compatibility Named Pipe.
[   20.379802] systemd[1]: Listening on Journal Audit Socket.
[[0;32m  OK  [0m] Listening on Journal Audit Socket.
[   20.487155] systemd[1]: Listening on Syslog Socket.
[[0;32m  OK  [0m] Listening on Syslog Socket.
[   20.579934] systemd[1]: Starting Journal Service...
         Starting Journal Service...
[   20.654733] systemd[1]: Mounting POSIX Message Queue File System...
         Mounting POSIX Message Queue File System...
[   20.663059] systemd[1]: Reached target Encrypted Volumes.
[[0;32m  OK  [0m] Reached target Encrypted Volumes.
[   20.829196] systemd[1]: Mounted POSIX Message Queue File System.
[[0;32m  OK  [0m] Mounted POSIX Message Queue File System.
[   20.931272] systemd[1]: Mounted Debug File System.
[[0;32m  OK  [0m] Mounted Debug File System.
[   21.071702] systemd[1]: Mounted Huge Pages File System.
[[0;32m  OK  [0m] Mounted Huge Pages File System.
[   21.199910] systemd[1]: Started Journal Service.
[[0;32m  OK  [0m] Started Journal Service.
[[0;32m  OK  [0m] Started Uncomplicated firewall.
[[0;32m  OK  [0m] Started Create list of required sta...ce nodes for the current kernel.
[[0;32m  OK  [0m] Started Set console keymap.
[[0;32m  OK  [0m] Started Remount Root and Kernel File Systems.
[[0;32m  OK  [0m] Started Load Kernel Modules.
[[0;32m  OK  [0m] Started Nameserver information manager.
[[0;32m  OK  [0m] Started LVM2 metadata daemon.
         Mounting FUSE Control File System...
         Starting Apply Kernel Variables...
         Starting udev Coldplug all Devices...
         Starting Load/Save Random Seed...
         Starting Create Static Device Nodes in /dev...
         Starting Flush Journal to Persistent Storage...
[[0;32m  OK  [0m] Mounted FUSE Control File System.
[[0;32m  OK  [0m] Started Monitoring of LVM2 mirrors,...ng dmeventd or progress polling.
[[0;32m  OK  [0m] Started Apply Kernel Variables.
[[0;32m  OK  [0m] Started Load/Save Random Seed.
[[0;32m  OK  [0m] Started Create Static Device Nodes in /dev.
[[0;32m  OK  [0m] Started udev Coldplug all Devices.
[[0;32m  OK  [0m] Started Flush Journal to Persistent Storage.
         Starting udev Kernel Device Manager...
[[0;32m  OK  [0m] Started udev Kernel Device Manager.
[[0;32m  OK  [0m] Started Dispatch Password Requests to Console Directory Watch.
[[0;32m  OK  [0m] Reached target Local File Systems (Pre).
[[0;32m  OK  [0m] Reached target Local File Systems.
         Starting LSB: AppArmor initialization...
         Starting Set console font and keymap...
         Starting Commit a transient machine-id on disk...
         Starting Tell Plymouth To Write Out Runtime Data...
         Starting Create Volatile Files and Directories...
         Starting Initial cloud-init job (pre-networking)...
[[0;32m  OK  [0m] Started Commit a transient machine-id on disk.
[[0;32m  OK  [0m] Started Tell Plymouth To Write Out Runtime Data.
[[0;32m  OK  [0m] Started Set console font and keymap.
[[0;32m  OK  [0m] Started Create Volatile Files and Directories.
[[0;32m  OK  [0m] Found device /dev/ttyS0.
[[0;32m  OK  [0m] Listening on Load/Save RF Kill Switch Status /dev/rfkill Watch.
         Starting Update UTMP about System Boot/Shutdown...
[[0;32m  OK  [0m] Created slice system-getty.slice.
[[0;32m  OK  [0m] Started Update UTMP about System Boot/Shutdown.
[   17.796278] cloud-init[673]: Cloud-init v. 18.3-9-g2e62cb8a-0ubuntu1~16.04.2 running 'init-local' at Fri, 10 May 2019 22:23:39 +0000. Up 17.43 seconds.
[[0;32m  OK  [0m] Started Initial cloud-init job (pre-networking).
[[0;32m  OK  [0m] Reached target Network (Pre).
[[0;32m  OK  [0m] Started LSB: AppArmor initialization.
         Starting Raise network interfaces...
[[0;32m  OK  [0m] Started Raise network interfaces.
[[0;32m  OK  [0m] Reached target Network.
         Starting Initial cloud-init job (metadata service crawler)...
[   19.172035] cloud-init[961]: Cloud-init v. 18.3-9-g2e62cb8a-0ubuntu1~16.04.2 running 'init' at Fri, 10 May 2019 22:23:40 +0000. Up 18.65 seconds.
[   19.260659] cloud-init[961]: ci-info: ++++++++++++++++++++++++++++++++++++++Net device info+++++++++++++++++++++++++++++++++++++++
[[0;32m  OK  [0m] Started Initial cloud-init job (metadata service crawler).
[   19.298402] cloud-init[961]: ci-info: +--------+-------+----------------------------+---------------+--------+-------------------+
[   19.309630] cloud-init[961]: ci-info: | Device |   Up  |          Address           |      Mask     | Scope  |     Hw-Address    |
[[0;32m  OK  [0m] Reached target Cloud-config availability.
[[0;32m  OK  [0m] Reached target Network is Online.[   19.330270] cloud-init[961]: ci-info: +--------+-------+----------------------------+---------------+--------+-------------------+
[   19.337972] cloud-init[961]: ci-info: | enp0s3 |  True |         10.0.2.15          | 255.255.255.0 | global | 02:93:23:4d:82:b3 |
[   19.339102] cloud-init[961]: ci-info: | enp0s3 |  True | fe80::93:23ff:fe4d:82b3/64 |       .       |  link  | 02:93:23:4d:82:b3 |
[   19.339136] cloud-init[961]: ci-info: | enp0s8 | False |             .              |       .       |   .    | 08:00:27:04:7e:13 |
[   19.339164] cloud-init[961]: ci-info: |   lo   |  True |         127.0.0.1          |   255.0.0.0   |  host  |         .         |
[   19.339193] cloud-init[961]: ci-info: |   lo   |  True |          ::1/128           |       .       |  host  |         .         |
[   19.339220] cloud-init[961]: ci-info: +--------+-------+----------------------------+---------------+--------+-------------------+
[   19.339251] cloud-init[961]: ci-info: +++++++++++++++++++++++++++Route IPv4 info++++++++++++++++++++++++++++
[   19.339280] cloud-init[961]: ci-info: +-------+-------------+----------+---------------+-----------+-------+
[   19.339309] cloud-init[961]: ci-info: | Route | Destination | Gateway  |    Genmask    | Interface | Flags |
[   19.339336] cloud-init[961]: ci-info: +-------+-------------+----------+---------------+-----------+-------+
[   19.339367] cloud-init[961]: ci-info: |   0   |   0.0.0.0   | 10.0.2.2 |    0.0.0.0    |   enp0s3  |   UG  |
[   19.339395] cloud-init[961]: ci-info: |   1   |   10.0.2.0  | 0.0.0.0  | 255.255.255.0 |   enp0s3  |   U   |
[   19.339422] cloud-init[961]: ci-info: +-------+-------------+----------+---------------+-----------+-------+
[   19.339449] cloud-init[961]: ci-info: +++++++++++++++++++Route IPv6 info+++++++++++++++++++
[   19.339477] cloud-init[961]: ci-info: +-------+-------------+---------+-----------+-------+
[   19.339504] cloud-init[961]: ci-info: | Route | Destination | Gateway | Interface | Flags |
[   19.339531] cloud-init[961]: ci-info: +-------+-------------+---------+-----------+-------+
[   19.339559] cloud-init[961]: ci-info: |   0   |  fe80::/64  |    ::   |   enp0s3  |   U   |
[   19.339609] cloud-init[961]: ci-info: |   3   |   ff00::/8  |    ::   |   enp0s3  |   U   |
[   19.339643] cloud-init[961]: ci-info: +-------+-------------+---------+-----------+-------+
[   19.339674] cloud-init[961]: Generating public/private rsa key pair.
[   19.339702] cloud-init[961]: Your identification has been saved in /etc/ssh/ssh_host_rsa_key.
[   19.339730] cloud-init[961]: Your public key has been saved in /etc/ssh/ssh_host_rsa_key.pub.
[   19.339757] cloud-init[961]: The key fingerprint is:
[   19.339784] cloud-init[961]: SHA256:R7kaWEBsJ2pE9yeFwjk/Bj19KgTSMDF+uoWlboLuvb4 root@ubuntu-xenial
[   19.339812] cloud-init[961]: The key's randomart image is:
[   19.339839] cloud-init[961]: +---[RSA 2048]----+
[   19.339866] cloud-init[961]: |   .BB=+ o.      |
[   19.339894] cloud-init[961]: |   ..=@o*....    |
[   19.339923] cloud-init[961]: |   ..ooO+.+o     |
[   19.339951] cloud-init[961]: |    o* o=+..     |
[   19.339979] cloud-init[961]: |   .+ o.Soo      |
[   19.340009] cloud-init[961]: | . . o   +       |
[   19.340037] cloud-init[961]: |. . +   .        |
[   19.340064] cloud-init[961]: |. .o             |
[   19.340093] cloud-init[961]: |.o.Eo            |
[   19.340120] cloud-init[961]: +----[SHA256]-----+
[   19.340147] cloud-init[961]: Generating public/private dsa key pair.
[   19.340175] cloud-init[961]: Your identification has been saved in /etc/ssh/ssh_host_dsa_key.
[   19.340202] cloud-init[961]: Your public key has been saved in /etc/ssh/ssh_host_dsa_key.pub.

         Starting iSCSI initiator daemon (iscsid)...
[[0;32m  OK  [0m] Reached target System Initialization.
[   19.340308] cloud-init[961]: The key fingerprint is:
[   20.944586] cloud-init[961]: SHA256:28M/byeJ8n8mu/L8AmGFnGbRvRsWJSJk4VPspOYdzKo root@ubuntu-xenial
[[0;32m  OK  [0m] Listening on ACPID Listen Socket.
[[0;32m  OK  [0m] Listening on UUID daemon activation socket.
[   20.995378] cloud-init[961]: The key's randomart image is:
[   21.092680] cloud-init[961]: +---[DSA 1024]----+
[   21.125463] cloud-init[961]: |         .=++=..o|
         Starting LXD - unix socket.
[[0;32m  OK  [0m] Listening on D-Bus System Message Bus Socket.
[   21.163214] cloud-init[961]: |         o oO.oo.|
[   21.198611] cloud-init[961]: |          oO .  o|
         Starting Socket activation for snappy daemon.
[   21.206542] cloud-init[961]: |          o.B  + |
[   21.220256] cloud-init[961]: |        So + o. o|
[   21.223563] [[0;32m  OK  [0m] Started Daily apt download activities.
cloud-init[961]: |         +o o  . |
[   21.236503] cloud-init[961]: |        ..+  o . |
[[0;32m  OK  [0m] Started ACPI Events Check.
[[0;32m  OK  [0m] Reached target Paths.
[[0;32m  OK  [0m] Started Daily Cleanup of Temporary Directories.
[[0;32m  OK  [0m] Started Daily apt upgrade and clean activities.
[   21.239885] cloud-init[961]: |        E .o+.* +|
[   21.298793] cloud-init[961]: |           ooBB@.|
[[0;32m  OK  [0m] Reached target Timers.
[   21.303604] cloud-init[961]: +----[SHA256]-----+
[   21.316681] cloud-init[961]: Generating public/private ecdsa key pair.
[[0;32m  OK  [0m] Listening on LXD - unix socket.
[   21.325232] cloud-init[961]: Your identification has been saved in /etc/ssh/ssh_host_ecdsa_key.
[   21.328600] cloud-init[961]: Your public key has been saved in /etc/ssh/ssh_host_ecdsa_key.pub.
[   21.328646] cloud-init[961]: The key fingerprint is:
[   21.328694] cloud-init[961]: SHA256:KXe7oPGtd4JXpFggdwrEWANpbuGD1xCKbyrME+GfKSk root@ubuntu-xenial
[   21.328763] cloud-init[961]: The key's randomart image is:
[   21.328810] cloud-init[961]: +---[ECDSA 256]---+
[   21.328842] cloud-init[961]: |    oO+          |
[   21.328871] cloud-init[961]: | . .* +.o .      |
[   21.328899] cloud-init[961]: |...= + + +       |
[   21.328933] cloud-init[961]: |..o * . ... .    |
[   21.328964] cloud-init[961]: | ooo .. So.o     |
[   21.329025] cloud-init[961]: |oo+ o  o.....    |
[   21.329075] cloud-init[961]: |E* +  . ....     |
[   21.329119] cloud-init[961]: |o o    +.o+..    |
[   21.329172] cloud-init[961]: |      . o+oo     |
[   21.329241] cloud-init[961]: +----[SHA256]-----+
[   21.329288] cloud-init[961]: Generating public/private ed25519 key pair.
[   21.329350] cloud-init[961]: Your identification has been saved in /etc/ssh/ssh_host_ed25519_key.
[   21.329385] cloud-init[961]: Your public key has been saved in /etc/ssh/ssh_host_ed25519_key.pub.
[   21.329415] cloud-init[961]: The key fingerprint is:
[   21.329453] cloud-init[961]: SHA256:Nj7liCXXOaoE/4oKMaTKiJHaWDT3RfT1at4t7A8y7VY root@ubuntu-xenial
[   21.329484] cloud-init[961]: The key's randomart image is:
[   21.329520] cloud-init[961]: +--[ED25519 256]--+
[   21.329553] cloud-init[961]: |       .o   .    |
[   21.329876] cloud-init[961]: |       . . . .   |
[   21.330192] cloud-init[961]: | .o .   . .   .  |
[   21.330233] cloud-init[961]: |oo o . . . . .   |
[   21.330264] cloud-init[961]: |* . . o S = o    |
[   21.330292] cloud-init[961]: |*B   o B * + + .E|
[   21.330321] cloud-init[961]: |B..   + = . + *..|
[   21.330354] cloud-init[961]: | .   o o .   =.o |
[   21.330382] cloud-init[961]: |  ... o..    .o..|
[   21.330411] cloud-init[961]: +----[SHA256]-----+
[[0;32m  OK  [0m] Listening on Socket activation for snappy daemon.
[[0;32m  OK  [0m] Started iSCSI initiator daemon (iscsid).
         Starting Login to default iSCSI targets...
[[0;32m  OK  [0m] Reached target Sockets.
[[0;32m  OK  [0m] Reached target Basic System.
[[0;32m  OK  [0m] Started Unattended Upgrades Shutdown.
         Starting Accounts Service...
[[0;32m  OK  [0m] Started Regular background program processing daemon.
         Starting /etc/rc.local Compatibility...
         Starting LSB: MD monitoring daemon...
[[0;32m  OK  [0m] Started FUSE filesystem for LXC.
         Starting System Logging Service...
[[0;32m  OK  [0m] Started Deferred execution scheduler.
[[0;32m  OK  [0m] Started ACPI event daemon.
         Starting LSB: Record successful boot for GRUB...
         Starting Snappy daemon...
         Starting LXD - container startup/shutdown...
         Starting Login Service...
[[0;32m  OK  [0m] Started D-Bus System Message Bus.
         Starting Virtualbox guest utils...
         Starting Pollinate to seed the pseudo random number generator...
[[0;32m  OK  [0m] Started System Logging Service.
[[0;32m  OK  [0m] Started /etc/rc.local Compatibility.
[[0;32m  OK  [0m] Started Login to default iSCSI targets.
[[0;32m  OK  [0m] Started LSB: MD monitoring daemon.
[[0;32m  OK  [0m] Started LSB: Record successful boot for GRUB.
[[0;32m  OK  [0m] Started LXD - container startup/shutdown.
         Starting Authenticate and Authorize Users to Run Privileged Tasks...
[[0;32m  OK  [0m] Reached target Remote File Systems (Pre).
[[0;32m  OK  [0m] Reached target Remote File Systems.
         Starting LSB: automatic crash report generation...
         Starting LSB: Set the CPU Frequency Scaling governor to "ondemand"...
         Starting LSB: daemon to balance interrupts for SMP systems...
         Starting Permit User Sessions...
[[0;32m  OK  [0m] Started Snappy daemon.
[[0;32m  OK  [0m] Started Virtualbox guest utils.
[[0;32m  OK  [0m] Started Permit User Sessions.
[[0;32m  OK  [0m] Started Login Service.
[[0;32m  OK  [0m] Started Authenticate and Authorize Users to Run Privileged Tasks.
[[0;32m  OK  [0m] Started Accounts Service.
[[0;32m  OK  [0m] Started LSB: automatic crash report generation.
[[0;32m  OK  [0m] Started LSB: Set the CPU Frequency Scaling governor to "ondemand".
         Starting Terminate Plymouth Boot Screen...
         Starting Hold until boot process finishes up...
         Starting Wait until snapd is fully seeded...
[[0;32m  OK  [0m] Started LSB: daemon to balance interrupts for SMP systems.
[[0;32m  OK  [0m] Started Terminate Plymouth Boot Screen.
[[0;32m  OK  [0m] Started Hold until boot process finishes up.
         Starting Set console scheme...
[[0;32m  OK  [0m] Started Serial Getty on ttyS0.
[[0;32m  OK  [0m] Started Getty on tty1.
[[0;32m  OK  [0m] Reached target Login Prompts.
[[0;32m  OK  [0m] Started Set console scheme.
[[0;32m  OK  [0m] Started Pollinate to seed the pseudo random number generator.
         Starting OpenBSD Secure Shell server...
[[0;32m  OK  [0m] Started OpenBSD Secure Shell server.
[[0;32m  OK  [0m] Created slice User Slice of vagrant.
         Starting User Manager for UID 1000...
[[0;32m  OK  [0m] Started User Manager for UID 1000.
[[0;32m  OK  [0m] Started Session 1 of user vagrant.
[[0;32m  OK  [0m] Started Session 2 of user vagrant.

Ubuntu 16.04.5 LTS ubuntu-xenial ttyS0

ubuntu-xenial login: [   33.774451] cloud-init[2093]: Generating locales (this might take a while)...
[   34.551769] cloud-init[2093]:   en_US.UTF-8... done
[   34.553216] cloud-init[2093]: Generation complete.
[   34.750180] cloud-init[2093]: Cloud-init v. 18.3-9-g2e62cb8a-0ubuntu1~16.04.2 running 'modules:config' at Fri, 10 May 2019 22:23:55 +0000. Up 33.66 seconds.
ci-info: no authorized ssh keys fingerprints found for user ubuntu.
<14>May 10 22:23:57 ec2: 
<14>May 10 22:23:57 ec2: #############################################################
<14>May 10 22:23:57 ec2: -----BEGIN SSH HOST KEY FINGERPRINTS-----
<14>May 10 22:23:57 ec2: 1024 SHA256:28M/byeJ8n8mu/L8AmGFnGbRvRsWJSJk4VPspOYdzKo root@ubuntu-xenial (DSA)
<14>May 10 22:23:57 ec2: 256 SHA256:KXe7oPGtd4JXpFggdwrEWANpbuGD1xCKbyrME+GfKSk root@ubuntu-xenial (ECDSA)
<14>May 10 22:23:57 ec2: 256 SHA256:Nj7liCXXOaoE/4oKMaTKiJHaWDT3RfT1at4t7A8y7VY root@ubuntu-xenial (ED25519)
<14>May 10 22:23:57 ec2: 2048 SHA256:R7kaWEBsJ2pE9yeFwjk/Bj19KgTSMDF+uoWlboLuvb4 root@ubuntu-xenial (RSA)
<14>May 10 22:23:57 ec2: -----END SSH HOST KEY FINGERPRINTS-----
<14>May 10 22:23:57 ec2: #############################################################
-----BEGIN SSH HOST KEY KEYS-----
ecdsa-sha2-nistp256 AAAAE2VjZHNhLXNoYTItbmlzdHAyNTYAAAAIbmlzdHAyNTYAAABBBIExpGnBr7bAqpt/SrVN3NmXNJZnLPDJZiZmFff3+IJ4R2QcqLhOvrSIOhOUWUytlsB2/dUsydZmcbtPpfD+Sn8= root@ubuntu-xenial
ssh-ed25519 AAAAC3NzaC1lZDI1NTE5AAAAIGm8wxAoiDahwO6cPuSUU3vZTdtMT0aPB2uIbvhOq03S root@ubuntu-xenial
ssh-rsa AAAAB3NzaC1yc2EAAAADAQABAAABAQDjGzj/QYokqRDZmvsnmpAzHv4NGZb0KZXgiwtay/qpHvcIZuTebwQDosziuzBbvZ0y/bZ0XoihzcZCLUCAIlfMO6ixrobfnj+FQ1E6dzq+izHOJYKHC8avsnNfO7wGFAtCJ6v/20NF15RbUaoBCE/tyI4wk3AFOjzPkairpMDnkxrfAiV8EZbiuhJKNEhpqXyFBbT9F+hYO27/lxgFK7LXT9dO2NXIrXCp934RI8MIz6lScU/ffdWOh8vWwPc9e0truvUUtmCntbOlQcMjb+Pn4i9B5u6ilLih2bOeHqT70bSyjKM3UOP1wEr3OrLprlqstIK6bDMJmUbudnETf84N root@ubuntu-xenial
-----END SSH HOST KEY KEYS-----
[   35.157674] cloud-init[2137]: Cloud-init v. 18.3-9-g2e62cb8a-0ubuntu1~16.04.2 running 'modules:final' at Fri, 10 May 2019 22:23:57 +0000. Up 35.01 seconds.
[   35.157844] cloud-init[2137]: ci-info: no authorized ssh keys fingerprints found for user ubuntu.
[   35.157938] cloud-init[2137]: Cloud-init v. 18.3-9-g2e62cb8a-0ubuntu1~16.04.2 finished at Fri, 10 May 2019 22:23:57 +0000. Datasource DataSourceNoCloud [seed=/dev/sdb][dsmode=net].  Up 35.15 seconds
