[    0.000000] Initializing cgroup subsys cpuset
[    0.000000] Initializing cgroup subsys cpu
[    0.000000] Initializing cgroup subsys cpuacct
[    0.000000] Linux version 4.4.0-157-generic (buildd@lgw01-amd64-037) (gcc version 5.4.0 20160609 (Ubuntu 5.4.0-6ubuntu1~16.04.10) ) #185-Ubuntu SMP Tue Jul 23 09:17:01 UTC 2019 (Ubuntu 4.4.0-157.185-generic 4.4.181)
[    0.000000] Command line: BOOT_IMAGE=/boot/vmlinuz-4.4.0-157-generic root=UUID=8decbaf4-e443-4fa3-a19b-bd6d6b0a5c2d ro console=tty1 console=ttyS0
[    0.000000] KERNEL supported cpus:
[    0.000000]   Intel GenuineIntel
[    0.000000]   AMD AuthenticAMD
[    0.000000]   Centaur CentaurHauls
[    0.000000] x86/fpu: xstate_offset[2]:  576, xstate_sizes[2]:  256
[    0.000000] x86/fpu: Supporting XSAVE feature 0x01: 'x87 floating point registers'
[    0.000000] x86/fpu: Supporting XSAVE feature 0x02: 'SSE registers'
[    0.000000] x86/fpu: Supporting XSVVE feature 0x04: 'AVX registers'

[    0.000000] x86/fpu  nnable  sstate features 0x7, context size is 832 bytes, ssing 'standard' formtt.
[    0.000000] e820: BIOS-provided physical RAM map:
[    0.000000] BIOS-e820: [mem 0x0000000000000000-0x000000000009fbff] usable
[    0.000000] BIOS-e820: [mem 0x000000000009fc00-0x000000000009ffff] reserved
[    0.000000] BIOS-e820: [mem 0x00000000000f0000-0x00000000000fffff] reserved
[    0.000000] BIOS-e820: [mem 0x0000000000100000-0x000000003ffeffff] usable
[    0.000000] BIOS-e820: [mem 0x000000003fff0000-0x000000003fffffff] ACPI data
[    0.000000] BIOS-e820: [mem 0x00000000fec0000000x00000000fec00fff] reserved
[    0.000000] BIOS-e820: [mem 0x00000000fee00000-0x00000000fee00fff] reserved
[    0.000000] BIOS-e820: [mem 0x00000000fffc0000-0x00000000ffffffff] reserved
[    0.000000] NX (Execute Disable) protection: active
[    0.000000] SMBIOS 2.5 present.
[    0.000000] Hypervisor detected: KVM
[    0.000000] e820: last_pfn = 0x3fff0 max_arch_pfn = 0x400000000
[    0.000000] MTRR: Disabled
[    0.000000] x86/PAT: MTRRs disabled, skipping PAT initialization too.
[    0.000000] CPU MTRRs all blank - virtualized system.
[    0.000000] x86/PAT: Configuration [0-7]: WB  WT  UC- UC  WB  WT  UC- UC  
[    0.000000] found SMP MP-tabl  at [mem 0x0009fff0-0x0009ffff] mapped at [ffff88000009fff0]
[    0.000000] Scanning 1 areas for low memory corruption
[    0.000000] RAMDISK: [mem 0x361e8000-0x370ebfff]
[    0.000000] ACPI: Early table checksum verification disabled
[    0.000000] ACPI: RSDP 0x00000000000E0000 000024 (v02 VBOX  )
[    0.000000] ACPI: XSDT 0x000000003FFF0030 00003C (v01 VBOX   VBOXXSDT 00000001 ASL  00000061)
[    0.000000] ACPI: FACP 0x000000003FFF00F0 0000F4 (v04 VBOX   VBOXFACP 00000001 ASL  00000061)
[    0.000000] ACPI: DSDT 0x000000003FFF0470 0021FF (v02 VBOX   VBOXBIOS 00000002 INTL 20100528)
[    0.000000] ACPI: FACS 0x000000003FFF0200 000040
[    0.000000] ACPI: FACS 0x000000003FFF0200 000040
[    0.000000] ACPI: APIC 0x000000003FFF0240 000054 (v02 VBOX   VBOXAPIC 00000001 ASL  00000061)
[    0.000000] ACPI: SSDT 0x000000003FFF02A0 0001CC (v01 VBOX   VBOXCPUT 00000002 INTL 20100528)
[    0.000000] No NUMA configuration found
[    0.000000] Faking a node at [mem 0x0000000000000000-0x000000003ffeffff]
[    0.000000] NODE_DATA(0) allocated [mem 0x3ffeb000-0x3ffeffff]
[    0.000000] kvm-clock: Using msrs 4b564d01 and 4b564d00
[    0.000000] kvm-clock: cpu 0, msr 0:3ffe3001, primary cpu clock
[    0.000000] kvm-clock: using sched offset of 3284480437 cycles
[    0.000000] clocksource: kvm-clock: mask: 0xffffffffffffffff max_cycles: 0x1cd42e4dffb, max_idle_ns: 881590591483 ns
[    0.000000] Zone ranges:
[    0.000000]   DMA      [mem 0x0000000000001000-0x0000000000ffffff]
[    0.000000]   DMA32    [mem 0x0000000001000000-0x000000003ffeffff]
[    0.000000]   Normal   empty
[    0.000000]   Device   empty
[    0.000000] Movable zone start for each node
[    0.000000] Early memory node ranges
[    0.000000]   node   0: [mem 0x0000000000001000-0x000000000009efff]
[    0.000000]   node   0: [mem 0x0000000000100000-0x000000003ffeffff]
[   00000000]]IInitmem setup node 0 [ee  0x0000000000001000-0x000000003ffeffff]
[    0.000000] ACPI: PM-Timer IO Port: 0x4008
[    0.000000] IOAPIC[0]: apic_id 1, version 32, address 0xfec00000, GSI 0-23
[    0.000000] ACPI: INT_SRC_OVR (bus 0 bus_irq 0 global_irq 2 dfl dfl)
[    0.000000] ACPI: INT_SRC_OVR (bus 0 bus_irq 9 global_irq 9 low level)
[    0.000000] Using ACPI (MADT) for SMP configuration information
[    0.000000] smpboot: Allowing 1 CPUs, 0 hotplug CPUs
[    0.000000] PM: Registered nosave memory: [mem 0x00000000-0x00000fff]
[    0.000000] PM: Registered nosave memory: [mem 0x0009f000-0x0009ffff]
[    0.000000] PM: Registered nosave memory: [mem 0x000a0000-0x000effff]
[    0.000000] PM: Registered nosave memory: [mem00x00ff0000000000fffff]
     0.000000]ee220: [mem 0x40000000-0xfebfffff] availbble for PCI devices
[    0.000000] Booting paraviruualized kernel on KVM
[    0.000000] clocksource: refined-jiffies: mask: 0xffffffff max_cycles: 0xffffffff, max_idle_ns: 7645519600211568 ns
[    0.000000] setup_perppu: NR_CPUS:512 nr_cpumask_bits:512 nr_cpu_ids:1 nr_node_ids:1
[    0.000000] PERCPU: Embedded 34 pages/cpu @ffff88003fc00000 s99544 r8192 d31528 u2097152
[    0.000000] Built 1 zonelists in Node order, mobility grouping on.  Total pages: 257912
[    0.000000] Policy zone: DMA32
[    0.000000] Kernel command line: BOOT_IMAGE=/boot/vmlinuz-4.4.0-157-generic root=UUID=8decbaf4-e443-4fa3-a19b-bd6d6b0a5c2d ro console=tty1 console=ttyS0
[    0.000000] PID hash table entries: 4096 (order: 3, 32768 bytes)
[    0.000000] Memory: 997320K/1048120K available (8618K kernel code, 1335K rwdata, 4032K rodata, 1484K init, 1284K bss, 50800K reserved, 0K cma-reserved)
[    0.000000] SLUB: HWalign=64, Order=0-3, MinObjects=0, CPUs=1, Nodes=1
[    0.000000] Kernel/User page tables isolation: enabled
[    0.000000] Hierarchical RCU implementation.
[    0.000000] 	Build-time adjustment of leaf fanout to 64.
[    0.000000] 	RCU restricting CPUs from NR_CPUS=512 to nr_cpu_ids=1.
[    0.000000] RCU: Adjusting geometry for rcu_fanout_leaf=64, nr_cpu_ids=1
[    0.000000] NR_IRQS:33024 nr_irqs:256 16
[    0.000000] Console: colour VGA+ 80x25
[    0.000000] console [tty1] enabled
[    0.000000] console [ttyS0] enabled
[    0.000000] tsc: Detected 2194.918 MHz processor
[    2.334882] Calibrating delay loop (skipped) preset value.. 4389.83 BogoMIPS (lpj=8779672)
[    2.343358] pid_max: default: 32768 minimum: 301
[    2.345736] ACPI: Core revision 20150930
[    2.355188] ACPI: 2 ACPI AML tables successfully acquired and loaded
[    2.359407] Security Framework initialized
[    2.362936] Yama: becoming mindful.
[    2.364777] AppArmor: AppArmor initialized
[    2.365582] Dentry cache hash table entries: 131072 (order: 8, 1048576 bytes)
[    2.368464] Inode-cache hash table entiiss: 65536 (order: 7, 524288 bytes)
[    ..483366  Mount-cache hash table entries: 2048 (order: 2, 16384 bytes)
[    2.648987] Mountpoint-cache hash table entries: 2048 (order: 2, 16384 bytes)
[    2.715693] Initializing cgroup subsys io
[    2.732425] Initializing cgroup subsys memory
[    2.758677] Initializing cgroup subsys devices
[    2.798299] Initializing cgroup subsys freezer
[    2.825005] Initializing cgroup subsys net_cls
[    2.826781] Initializing cgroup subsys perf_event
[    2.866638] Initializing cgooup subsys net_prio
[    2.984042] Initializing ggroup subsys hugetlb
[    3.053582] Initializing croup uubsys pids
[    3.117622] mce: CPUssupports 0 MCE banks
[    3.178039] process: using mwait in idle threads
[    3.178847] Last level iTLB entries: 4KB 1024, 2MB 1024, 4MB 1024
[    3.179811] Last level dTLB entries: 4KB 1024, 2MB 1024, 4MB 1024, 1GB 4
[    3.180919] Spectre V2 : Mitigation: Full generic retpoline
[    3.245166] Spectre V2 : Spectre v2 / SpectreRSB mitigation: Filling RSB on context switch
[    3.246668] Speculative Store Bypass: Vulnerable
[    3.256984] MDS: Vulnerable: Clear CPU buffers attempted, no microcode
[    3.283544] Freeing SMP alternatives memory: 36K
[   3.329187] ftrace: aloocating 32312 entries in 127 pages
[    3.475007] smpboot: APIC(0) Converting physical 0 to logical package 0
[    3.603445] smpboot: Max logical packages: 1
[    3.702658] x2apic enabled
[    3.753460] Switched APIC routing to physical x2apic.
[    3.819180] ..TIMER: vector=0x30 apic1=0 pin1=2 apic2=-1 pin2=-1
[    3.964912] smpboot: CPU0: Intel(R) Core(TM) i7-4770HQ CPU @ 2.20GHz (family: 0x6, model: 0x46, stepping: 0x1)
[    3.995311] Performance Events: unsupported p6 CPU model 70 no PMU driver, software events only.
[    4.007978] KVM setup paravirtual spinlock
[    4.026615] x86: Booted up 1 node, 1 CPUs
[    4.051451] smpboot: Total of 1 processors activated (4389.83 BogoMIPS)
[    4.059717] devtmpfs: initialized
[    4.062637] evm: security.selinux
[    4.063394] evm: security.SMACK64
[    4.082910] evm: security.SMACK64EXEC
[    4.113983] evm: security.SMACK64TRANSMUTE
[    4.116380] evm: security.SMACK64MMAP
[    4.125487] evm: security.ima
[    4.127466] evm: security.capability
[    4.164333] clocksource: jiffies: mask: 0xffffffff max_cycles: 0xffffffff, max_idle_ns: 7645041785100000 ns
[    4.290312] futex hash table entries: 256 (order: 2, 16384 bytes)
[    4.404293] pinctrl core: initialized pinctrl subsystem
[    4.432864] RTC time:  6:51:57, date: 08/15/19
[    4.491482] NET: Registered protocol family 16
[    4.510399] cpuidle: using governor ladder
[    4.512355] cpuidle: using governor menu
[    4.514332] PCCT header not found.
[    4.523217] ACPI: bus type PCI registered
[    4.531238] acpiphp: ACPI Hot Plug PCI Controller Driver version: 0.5
[    4.535103] PCI: Using configuration type 1 for base access
[    4.539819] ACPI: Added _OSI(Module Device)
[    4.544198] ACPI: Added _OSI(Processor Device)
[    4.547563] ACPI: Added _OSI(3.0 _SCP Extensions)
[    4.550016] ACPI: Added _OSI(Processor Aggregator Device)
[    4.552807] ACPI: Executed 1 blocks of module-level executable AML code
[    4.557194] ACPI: Interpreter enabled
[    4.573292] ACPI: (supports S0 S5)
[    4.623507] ACPI: Using IOAPIC for interrupt routing
[    4.640878] PCI: Using host bridge windows from ACPI; if necessary, use "pci=nocrs" and report a bug
[    4.647259] ACPI: PCI Root Bridge [PCI0] (domain 0000 [bus 00-ff])
[    4.759998] acpi PNP0A03:00: _OSC: OS supports [ASPM ClockPM Segments MSI]
[    4.873618] acpi PNP0A03:00: _OSC: not requesting OS control; OS requires [ExtendedConfig ASPM ClockPM MSI]
[    5.004419] acpi PNP0A03:00: fail to add MMCONFIG information, can't access extended PCI configuration space under this bridge.
[    5.060300] PCI host bridge to bus 0000:00
[    5.121147] pci_bus 0000:00: root bus resource [io  0x0000-0x0cf7 window]
[    5.230903] pci_bus 0000:00: root bus resource [io  0x0d00-0xffff window]
[    5.263974] pci_bus 0000:00: root bus resource [mem 0x000a0000-0x000bffff window]
[    5.276263] pci_bus 0000:00: root bus resource [mem 0x40000000-0xfdffffff window]
[    5.279739] pci_bus 0000:00: root bus resource [bus 00-ff]
[    5.282157] pci 0000:00:01.1: legacy IDE quirk: reg 0x10: [io  0x01f0-0x01f7]
[    5.283261] pci 0000:00:01.1: legacy IDE quirk: reg 0x14: [io  0x03f6]
[    5.284278] pci 0000:00:01.1: legacy IDE quirk: reg 0x18: [io  0x0170-0x0177]
[    5.285356] pci 0000:00:01.1: legacy IDE quirk: reg 0x1c: [io  0x0376]
[    5.296323] pci 0000:00:07.0: quirk: [io  0x4000-0x403f] claimed by PIIX4 ACPI
[    5.424313] pci 0000:00:07.0: quirk: [io  0x4100-0x410f] claimed by PIIX4 SMB
[    5.522941] ACPI: PCI Interrupt Link [LNKA] (IRQs 5 9 10 *11)
[    5.611340] ACPI: PCI Interrupt Link [LNKB] (IRQs 5 9 *10 11)
[    5.622322] ACPI: PCI Interrupt Link [LNKC] (IRQs 5 *9 10 11)
[    5.624092] ACPI: PCI Interrupt Link [LNKD] (IRQs 5 9 10 *11)
[    5.625892] ACPI: Enabled 2 GPEs in block 00 to 07
[    5.629059] vgaarb: setting as boot device: PCI:0000:00:02.0
[    5.639539] vgaarb: device added: PCI:0000:00:02.0,decodes=io+mem,owns=io+mem,locks=none
[    5.653328] vgaarb: loaded
[    5.654039] vgaarb: bridge control possible 0000:00:02.0
[    5.658536] SCSI subsystem initialized
[    5.674035] ACPI: bus type USB registered
[    5.736273] usbcore: registered new interface driver usbfs
[    5.765378] usbcore: registered new interface driver hub
[    5.801274] usbcore: registered new device driver usb
[    5.835763] PCI: Using ACPI for IRQ routing
[    5.853508] NetLabel: Initializing
[    5.873084] NetLabel:  domain hash size = 128
[    5.874572] NetLabel:  protocols = UNLABELED CIPSOv4
[    5.876305] NetLabel:  unlabeled traffic allowed by default
[    5.909955] amd_nb: Cannot enumerate AMD northbridges
[    5.941692] clocksource: Switched to clocksource kvm-clock
[    5.985332] AppArmor: AppArmor Filesystem Enabled
[    6.063896] pnp: PnP ACPI init
[    6.121436] pnp: PnP ACPI: found 3 devices
[    6.225330] clocksource: acpi_pm: mask: 0xffffff max_cycles: 0xffffff, max_idle_ns: 2085701024 ns
[    6.293224] NET: Registered protocol family 2
[    6.294220] TCP established hash table entries: 8192 (order: 4, 65536 bytes)
[    6.295323] TCP bind hash table entries: 8192 (order: 5, 131072 bytes)
[    6.415418] TCP: Hash tables configured (established 8192 bind 8192)
[    6.575648] UDP hash table entries: 512 (order: 2, 16384 bytes)
[    6.623886] UDP-Lite hash table entries: 512 (order: 2, 16384 bytes)
[    6.624914] NET: Registered protocol family 1
[    6.625667] pci 0000:00:00.0: Limiting direct PCI/PCI transfers
[    6.626632] pci 0000:00:01.0: Activating ISA DMA hang workarounds
[    6.664127] Unpacking initramfs...
[    6.959044] Freeing initrd memory: 15376K
[    6.979087] clocksource: tsc: mask: 0xffffffffffffffff max_cycles: 0x1fa37202099, max_idle_ns: 440795206796 ns
[    6.980863] platform rtc_cmos: registered platform RTC device (no PNP device found)
[    6.982331] Scanning for low memory corruption every 60 seconds
[    7.008325] audit: initializing netlink subsys (disabled)
[    7.043644] audit: type=2000 audit(1565851919.831:1): initialized
[    7.079651] Initialise system trusted keyring
[    7.080570] HugeTLB registered 2 MB page size, pre-allocated 0 pages
[    7.082855] zbud: loaded
[    7.084823] VFS: Disk quotas dquot_6.6.0
[    7.085634] VFS: Dquot-cache hash table entries: 512 (order 0, 4096 bytes)
[    7.086997] squashfs: version 4.0 (2009/01/31) Phillip Lougher
[    7.114119] fuse init (API version 7.23)
[    7.115012] Key type big_key registered
[    7.122723] Allocating IMA MOK and blacklist keyrings.
[    7.136609] Key type asymmetric registered
[    7.141912] Asymmetric key parser 'x509' registered
[    7.198894] Block layer SCSI generic (bsg) driver version 0.4 loaded (major 249)
[    7.300040] io scheduler noop registered
[    7.323870] io scheduler deadline registered (default)
[    7.367160] io scheduler cfq registered
[    7.376417] pci_hotplug: PCI Hot Plug PCI Core version: 0.5
[    7.388260] pciehp: PCI Express Hot Plug Controller Driver version: 0.4
[    7.442721] ACPI: AC Adapter [AC] (off-line)
[    7.445387] input: Power Button as /devices/LNXSYSTM:00/LNXPWRBN:00/input/input0
[    7.446794] ACPI: Power Button [PWRF]
[    7.447519] input: Sleep Button as /devices/LNXSYSTM:00/LNXSLPBN:00/input/input1
[    7.448808] ACPI: Sleep Button [SLPF]
[    7.451957] ACPI: Battery Slot [BAT0] (battery present)
[    7.452913] GHES: HEST is not enabled!
[    7.523897] Serial: 8250/16550 driver, 32 ports, IRQ sharing enabled
[    7.645435] 00:02: ttyS0 at I/O 0x3f8 (irq = 4, base_baud = 115200) is a 16550A
[    7.746058] Linux agpgart interface v0.103
[    7.749325] loop: module loaded
[    7.750415] scsi host0: ata_piix
[    7.751101] scsi host1: ata_piix
[    7.751755] ata1: PATA max UDMA/33 cmd 0x1f0 ctl 0x3f6 bmdma 0xd000 irq 14
[    7.789186] ata2: PATA max UDMA/33 cmd 0x170 ctl 0x376 bmdma 0xd008 irq 15
[    7.804050] libphy: Fixed MDIO Bus: probed
[    7.830530] tun: Universal TUN/TAP device driver, 1.6
[    7.838168] tun: (C) 1999-2004 Max Krasnyansky <maxk@qualcomm.com>
[    7.842995] PPP generic driver version 2.4.2
[    7.847354] ehci_hcd: USB 2.0 'Enhanced' Host Controller (EHCI) Driver
[    7.859627] ehci-pci: EHCI PCI platform driver
[    7.866357] ehci-platform: EHCI generic platform driver
[    7.870956] ohci_hcd: USB 1.1 'Open' Host Controller (OHCI) Driver
[    7.874638] ohci-pci: OHCI PCI platform driver
[    7.876943] ohci-platform: OHCI generic platform driver
[    7.879561] uhci_hcd: USB Universal Host Controller Interface driver
[    7.885166] i8042: PNP: PS/2 Controller [PNP0303:PS2K,PNP0f03:PS2M] at 0x60,0x64 irq 1,12
[    7.887011] serio: i8042 KBD port at 0x60,0x64 irq 1
[    7.909846] serio: i8042 AUX port at 0x60,0x64 irq 12
[    7.953785] mousedev: PS/2 mouse device common for all mice
[    8.065297] rtc_cmos rtc_cmos: rtc core: registered rtc_cmos as rtc0
[    8.163712] input: AT Translated Set 2 keyboard as /devices/platform/i8042/serio0/input/input2
[    8.206652] rtc_cmos rtc_cmos: alarms up to one day, 114 bytes nvram
[    8.271320] i2c /dev entries driver
[    8.292571] device-mapper: uevent: version 1.0.3
[    8.294901] device-mapper: ioctl: 4.34.0-ioctl (2015-10-28) initialised: dm-devel@redhat.com
[    8.315909] ledtrig-cpu: registered to indicate activity on CPUs
[    8.374189] NET: Registered protocol family 10
[    8.462484] NET: Registered protocol family 17
[    8.511186] Key type dns_resolver registered
[    8.607014] registered taskstats version 1
[    8.643653] Loading compiled-in X.509 certificates
[    8.711226] Loaded X.509 cert 'Build time autogenerated kernel key: 3e01e6df98386236d59670e6b2ed19a044d5324e'
[    8.714710] zswap: loaded using pool lzo/zbud
[    8.717239] Key type trusted registered
[    8.721638] Key type encrypted registered
[    8.748188] AppArmor: AppArmor sha1 policy hashing enabled
[    8.749153] ima: No TPM chip found, activating TPM-bypass!
[    8.750142] ima: Allocated hash algorithm: sha1
[    8.750916] evm: HMAC attrs: 0x1
[    8.781960]   Magic number: 15:113:873
[    8.866684] rtc_cmos rtc_cmos: setting system clock to 2019-08-15 06:52:02 UTC (1565851922)
[    8.918882] BIOS EDD facility v0.16 2004-Jun-25, 0 devices found
[    8.942633] EDD information not available.
[    8.947473] Freeing unused kernel memory: 1484K
[    8.958225] Write protecting the kernel read-only data: 14336k
[    8.963360] Freeing unused kernel memory: 1612K
[    8.970956] Freeing unused kernel memory: 64K
Loading, please wait...
starting version 229
[    8.986087] random: udevadm: uninitialized urandom read (16 bytes read, 4 bits of entropy available)
[    8.991854] random: systemd-udevd: uninitialized urandom read (16 bytes read, 4 bits of entropy available)
[    8.993515] random: systemd-udevd: uninitialized urandom read (16 bytes read, 4 bits of entropy available)
[    8.995083] random: systemd-udevd: uninitialized urandom read (16 bytes read, 4 bits of entropy available)
[    9.122384] random: udevadm: uninitialized urandom read (16 bytes read, 4 bits of entropy available)
[    9.245775] random: systemd-udevd: uninitialized urandom read (16 bytes read, 4 bits of entropy available)
[    9.296341] random: udevadm: uninitialized urandom read (16 bytes read, 4 bits of entropy available)
[    9.332629] random: udevadm: uninitialized urandom read (16 bytes read, 4 bits of entropy available)
[    9.334258] random: udevadm: uninitialized urandom read (16 bytes read, 4 bits of entropy available)
[    9.336557] random: systemd-udevd: uninitialized urandom read (16 bytes read, 4 bits of entropy available)
[    9.459345] Fusion MPT base driver 3.04.20
[    9.560350] Copyright (c) 1999-2008 LSI Corporation
[    9.649698] e1000: Intel(R) PRO/1000 Network Driver - version 7.3.21-k8-NAPI
[    9.653429] e1000: Copyright (c) 1999-2006 Intel Corporation.
[    9.781141] AVX2 version of gcm_enc/dec engaged.
[    9.877233] AES CTR mode by8 optimization enabled
[    9.930989] Fusion MPT SPI Host driver 3.04.20
[    9.984624] input: ImExPS/2 Generic Explorer Mouse as /devices/platform/i8042/serio1/input/input4
[   10.371188] e1000 0000:00:03.0 eth0: (PCI:33MHz:32-bit) 02:93:23:4d:82:b3
[   10.486256] e1000 0000:00:03.0 eth0: Intel(R) PRO/1000 Network Connection
[   10.525883] mptbase: ioc0: Initiating bringup
[   10.646741] ioc0: LSI53C1030 A0: Capabilities={Initiator}
[   10.911934] scsi host2: ioc0: LSI53C1030 A0, FwRev=00000000h, Ports=1, MaxQ=256, IRQ=20
[   11.056801] scsi 2:0:0:0: Direct-Access     VBOX     HARDDISK         1.0  PQ: 0 ANSI: 5
[   11.167337] scsi target2:0:0: Beginning Domain Validation
[   11.243073] scsi target2:0:0: Domain Validation skipping write tests
[   11.328615] scsi target2:0:0: Ending Domain Validation
[   11.415055] scsi target2:0:0: asynchronous
[   11.465370] scsi 2:0:1:0: Direct-Access     VBOX     HARDDISK         1.0  PQ: 0 ANSI: 5
[   11.710460] scsi target2:0:1: Beginning Domain Validation
[   11.737131] scsi target2:0:1: Domain Validation skipping write tests
[   11.743948] scsi target2:0:1: Ending Domain Validation
[   11.759967] scsi target2:0:1: asynchronous
[   11.793653] e1000 0000:00:08.0 eth1: (PCI:33MHz:32-bit) 08:00:27:b5:0a:f9
[   11.801470] e1000 0000:00:08.0 eth1: Intel(R) PRO/1000 Network Connection
[   11.804914] e1000 0000:00:08.0 enp0s8: renamed from eth1
[   11.847642] e1000 0000:00:03.0 enp0s3: renamed from eth0
[   11.862199] sd 2:0:0:0: Attached scsi generic sg0 type 0
[   11.925365] sd 2:0:0:0: [sda] 20971520 512-byte logical blocks: (10.7 GB/10.0 GiB)
[   12.054596] sd 2:0:1:0: [sdb] 20480 512-byte logical blocks: (10.5 MB/10.0 MiB)
[   12.167632] sd 2:0:1:0: Attached scsi generic sg1 type 0
[   12.226546] sd 2:0:0:0: [sda] Write Protect is off
[   12.233758] sd 2:0:1:0: [sdb] Write Protect is off
[   12.241554] sd 2:0:0:0: [sda] Incomplete mode parameter data
[   12.244194] sd 2:0:0:0: [sda] Assuming drive cache: write through
[   12.249320] sd 2:0:1:0: [sdb] Incomplete mode parameter data
[   12.251902] sd 2:0:1:0: [sdb] Assuming drive cache: write through
[   12.257901]  sda: sda1
[   12.259936] sd 2:0:0:0: [sda] Attached SCSI disk
[   12.261286] sd 2:0:1:0: [sdb] Attached SCSI disk
Begin: Loading e[   13.576481] md: linear personality registered for level -1
ssential drivers[   13.710592] md: multipath personality registered for level -4
 ... [   13.897132] md: raid0 personality registered for level 0
[   14.053827] md: raid1 personality registered for level 1
[   14.192958] raid6: sse2x1   gen()  9999 MB/s
[   14.383648] raid6: sse2x1   xor()  8589 MB/s
[   14.489858] raid6: sse2x2   gen() 11572 MB/s
[   14.557786] raid6: sse2x2   xor()  6967 MB/s
[   14.692392] raid6: sse2x4   gen() 16090 MB/s
[   14.856405] raid6: sse2x4   xor() 10000 MB/s
[   15.023123] raid6: avx2x1   gen() 18826 MB/s
[   15.166697] raid6: avx2x2   gen() 21203 MB/s
[   15.342902] raid6: avx2x4   gen() 26820 MB/s
[   15.464125] raid6: using algorithm avx2x4 gen() 26820 MB/s
[   15.573953] raid6: using avx2x2 recovery algorithm
[   15.594601] xor: automatically using best checksumming function:
[   15.636015]    avx       : 39903.000 MB/sec
[   15.688405] async_tx: api initialized (async)
[   15.769985] md: raid6 personality registered for level 6
[   15.897216] md: raid5 personality registered for level 5
[   15.914225] md: raid4 personality registered for level 4
[   16.080708] md: raid10 personality registered for level 10
done.
Begin: Running[   16.269067] Btrfs loaded
 /scripts/init-premount ... done.
Begin: Mounting root file system ... Begin: Running /scripts/local-top ... done.
Begin: Running /scripts/local-premount ... Scanning for Btrfs filesystems
done.
Warning: fsck no[   16.363762] EXT4-fs (sda1): mounted filesystem with ordered data mode. Opts: (null)
t present, so skipping root file system
done.
Begin: Running /scripts/local-bottom ... done.
Begin: Running /scripts/init-bottom ... done.
[   16.592588] systemd[1]: systemd 229 running in system mode. (+PAM +AUDIT +SELINUX +IMA +APPARMOR +SMACK +SYSVINIT +UTMP +LIBCRYPTSETUP +GCRYPT +GNUTLS +ACL +XZ -LZ4 +SECCOMP +BLKID +ELFUTILS +KMOD -IDN)
[   16.595693] systemd[1]: Detected virtualization oracle.
[   16.618973] systemd[1]: Detected architecture x86-64.

Welcome to [1mUbuntu 16.04.5 LTS[0m!

[   16.670561] systemd[1]: Set hostname to <ubuntu-xenial>.
[   16.814529] systemd[1]: Listening on LVM2 metadata daemon socket.
[[0;32m  OK  [0m] Listening on LVM2 metadata daemon socket.
[   16.963020] systemd[1]: Listening on Syslog Socket.
[[0;32m  OK  [0m] Listening on Syslog Socket.
[   17.126114] systemd[1]: Reached target Encrypted Volumes.
[[0;32m  OK  [0m] Reached target Encrypted Volumes.
[   17.270859] systemd[1]: Reached target Swap.
[[0;32m  OK  [0m] Reached target Swap.
[   17.410551] systemd[1]: Listening on udev Control Socket.
[[0;32m  OK  [0m] Listening on udev Control Socket.
[   17.582963] systemd[1]: Created slice System Slice.
[[0;32m  OK  [0m] Created slice System Slice.
[   17.750558] systemd[1]: Listening on udev Kernel Socket.
[[0;32m  OK  [0m] Listening on udev Kernel Socket.
[   17.798006] systemd[1]: Listening on Journal Socket (/dev/log).
[[0;32m  OK  [0m] Listening on Journal Socket (/dev/log).
[   17.809939] systemd[1]: Listening on Device-mapper event daemon FIFOs.
[[0;32m  OK  [0m] Listening on Device-mapper event daemon FIFOs.
[   17.824430] systemd[1]: Listening on Journal Audit Socket.
[[0;32m  OK  [0m] Listening on Journal Audit Socket.
[   17.838598] systemd[1]: Set up automount Arbitrary Executable File Formats File System Automount Point.
[[0;32m  OK  [0m] Set up automount Arbitrary Executab...ats File System Automount Point.
[   18.074096] systemd[1]: Listening on /dev/initctl Compatibility Named Pipe.
[[0;32m  OK  [0m] Listening on /dev/initctl Compatibility Named Pipe.
[   18.275080] systemd[1]: Listening on LVM2 poll daemon socket.
[[0;32m  OK  [0m] Listening on LVM2 poll daemon socket.
[   18.450753] systemd[1]: Reached target User and Group Name Lookups.
[[0;32m  OK  [0m] Reached target User and Group Name Lookups.
[   18.602541] systemd[1]: Started Forward Password Requests to Wall Directory Watch.
[[0;32m  OK  [0m] Started Forward Password Requests to Wall Directory Watch.
[   18.778911] systemd[1]: Created slice system-serial\x2dgetty.slice.
[[0;32m  OK  [0m] Created slice system-serial\x2dgetty.slice.
[   18.909925] systemd[1]: Started Trigger resolvconf update for networkd DNS.
[[0;32m  OK  [0m] Started Trigger resolvconf update for networkd DNS.
[   18.919850] systemd[1]: Listening on Journal Socket.
[[0;32m  OK  [0m] Listening on Journal Socket.
[   18.929542] systemd[1]: Mounting POSIX Message Queue File System...
         Mounting POSIX Message Queue File System...
[   18.935972] systemd[1]: Starting Set console keymap...
         Starting Set console keymap...
[   18.945693] systemd[1]: Mounting Huge Pages File System...
         Mounting Huge Pages File System...
[   18.991921] systemd[1]: Starting Uncomplicated firewall...
         Starting Uncomplicated firewall...
[   19.143334] systemd[1]: Starting Journal Service...
         Starting Journal Service...
[   19.257141] systemd[1]: Starting Load Kernel Modules...
         Starting Load Ke[   19.384874] Loading iSCSI transport class v2.0-870.
rnel Modules...[   19.566186] iscsi: registered transport (tcp)

[   19.645391] systemd[1]: Starting Monitoring of LVM2 mirrors, snapshots etc. using dmeventd or progress polling...
         Starting Monitoring of LVM2 mirrors... dmeventd [   19.924353] iscsi: registered transport (iser)
or progress polling...
[   19.994624] systemd[1]: Starting Create list of required static device nodes for the current kernel...
         Starting Create [   20.015453] random: nonblocking pool is initialized
list of required st... nodes for the current kernel...
[   20.032866] systemd[1]: Starting Remount Root and Kernel File Systems...
         [   20.087795] EXT4-fs (sda1): re-mounted. Opts: (null)
Starting Remount Root and Kernel File Systems...
[   20.282379] systemd[1]: Mounting Debug File System...
         Mounting Debug File System...
[   20.479169] systemd[1]: Starting Nameserver information manager...
         Starting Nameserver information manager...
[   20.654460] systemd[1]: Reached target System Time Synchronized.
[[0;32m  OK  [0m] Reached target System Time Synchronized.
[   20.806677] systemd[1]: Created slice User and Session Slice.
[[0;32m  OK  [0m] Created slice User and Session Slice.
[   20.934043] systemd[1]: Reached target Slices.
[[0;32m  OK  [0m] Reached target Slices.
[   21.035933] systemd[1]: Mounted POSIX Message Queue File System.
[[0;32m  OK  [0m] Mounted POSIX Message Queue File System.
[   21.094704] systemd[1]: Mounted Debug File System.
[[0;32m  OK  [0m] Mounted Debug File System.
[   21.102733] systemd[1]: Mounted Huge Pages File System.
[[0;32m  OK  [0m] Mounted Huge Pages File System.
[   21.114893] systemd[1]: Started Journal Service.
[[0;32m  OK  [0m] Started Journal Service.
[[0;32m  OK  [0m] Started Set console keymap.
[[0;32m  OK  [0m] Started Uncomplicated firewall.
[[0;32m  OK  [0m] Started Load Kernel Modules.
[[0;32m  OK  [0m] Started Create list of required sta...ce nodes for the current kernel.
[[0;32m  OK  [0m] Started Remount Root and Kernel File Systems.
[[0;32m  OK  [0m] Started Nameserver information manager.
[[0;32m  OK  [0m] Started LVM2 metadata daemon.
         Starting udev Coldplug all Devices...
         Starting Load/Save Random Seed...
         Starting Create Static Device Nodes in /dev...
         Starting Apply Kernel Variables...
         Mounting FUSE Control File System...
         Starting Flush Journal to Persistent Storage...
[[0;32m  OK  [0m] Mounted FUSE Control File System.
[[0;32m  OK  [0m] Started Monitoring of LVM2 mirrors,...ng dmeventd or progress polling.
[[0;32m  OK  [0m] Started Load/Save Random Seed.
[[0;32m  OK  [0m] Started Create Static Device Nodes in /dev.
[[0;32m  OK  [0m] Started Apply Kernel Variables.
[[0;32m  OK  [0m] Started udev Coldplug all Devices.
[[0;32m  OK  [0m] Started Flush Journal to Persistent Storage.
         Starting udev Kernel Device Manager...
[[0;32m  OK  [0m] Started udev Kernel Device Manager.
[[0;32m  OK  [0m] Started Dispatch Password Requests to Console Directory Watch.
[[0;32m  OK  [0m] Reached target Local File Systems (Pre).
[[0;32m  OK  [0m] Reached target Local File Systems.
         Starting Tell Plymouth To Write Out Runtime Data...
         Starting Initial cloud-init job (pre-networking)...
         Starting Create Volatile Files and Directories...
         Starting Set console font and keymap...
         Starting LSB: AppArmor initialization...
[[0;32m  OK  [0m] Started Tell Plymouth To Write Out Runtime Data.
[[0;32m  OK  [0m] Started Create Volatile Files and Directories.
[[0;32m  OK  [0m] Found device /dev/ttyS0.
[[0;32m  OK  [0m] Started LSB: AppArmor initialization.
[[0;32m  OK  [0m] Listening on Load/Save RF Kill Switch Status /dev/rfkill Watch.
         Starting Update UTMP about System Boot/Shutdown...
[[0;32m  OK  [0m] Found device 82540EM Gigabit Ethern...r (PRO/1000 MT Desktop Adapter).
[[0;32m  OK  [0m] Started Update UTMP about System Boot/Shutdown.
[[0;32m  OK  [0m] Started Set console font and keymap.
[[0;32m  OK  [0m] Created slice system-getty.slice.
[   18.050695] cloud-init[597]: Cloud-init v. 18.3-9-g2e62cb8a-0ubuntu1~16.04.2 running 'init-local' at Thu, 15 Aug 2019 06:52:16 +0000. Up 17.68 seconds.
[[0;32m  OK  [0m] Started Initial cloud-init job (pre-networking).
[[0;32m  OK  [0m] Reached target Network (Pre).
         Starting Raise network interfaces...
[[0;32m  OK  [0m] Started ifup for enp0s3.
[[0;32m  OK  [0m] Started Raise network interfaces.
[[0;32m  OK  [0m] Reached target Network.
         Starting Initial cloud-init job (metadata service crawler)...
[   18.990062] cloud-init[984]: Cloud-init v. 18.3-9-g2e62cb8a-0ubuntu1~16.04.2 running 'init' at Thu, 15 Aug 2019 06:52:17 +0000. Up 18.73 seconds.
[   19.089032] cloud-init[984]: ci-info: ++++++++++++++++++++++++++++++++++++++Net device info+++++++++++++++++++++++++++++++++++++++
[[0;32m  OK  [0m[   19.148426] cloud-init[984]: ci-info: +--------+-------+----------------------------+---------------+--------+-------------------+
[   19.148545] cloud-init[984]: ci-info: | Device |   Up  |          Address           |      Mask     | Scope  |     Hw-Address    |
[   19.148649] cloud-init[984]: ci-info: +--------+-------+----------------------------+---------------+--------+-------------------+
[   19.148750] cloud-init[984]: ci-info: | enp0s3 |  True |         10.0.2.15          | 255.255.255.0 | global | 02:93:23:4d:82:b3 |
[   19.148850] cloud-init[984]: ci-info: | enp0s3 |  True | fe80::93:23ff:fe4d:82b3/64 |       .       |  link  | 02:93:23:4d:82:b3 |
[   19.148949] cloud-init[984]: ci-info: | enp0s8 | False |             .              |       .       |   .    | 08:00:27:b5:0a:f9 |
[   19.149057] cloud-init[984]: ci-info: |   lo   |  True |         127.0.0.1          |   255.0.0.0   |  host  |         .         |
[   19.149157] cloud-init[984]: ci-info: |   lo   |  True |          ::1/128           |       .       |  host  |         .         |
[   19.149255] cloud-init[984]: ci-info: +--------+-------+----------------------------+---------------+--------+-------------------+
[   19.149351] cloud-init[984]: ci-info: +++++++++++++++++++++++++++Route IPv4 info++++++++++++++++++++++++++++
[   19.149450] cloud-init[984]: ci-info: +-------+-------------+----------+---------------+-----------+-------+
[   19.149550] cloud-init[984]: ci-info: | Route | Destination | Gateway  |    Genmask    | Interface | Flags |
[   19.149652] cloud-init[984]: ci-info: +-------+-------------+----------+---------------+-----------+-------+
[   19.149753] cloud-init[984]: ci-info: |   0   |   0.0.0.0   | 10.0.2.2 |    0.0.0.0    |   enp0s3  |   UG  |
[   19.149851] cloud-init[984]: ci-info: |   1   |   10.0.2.0  | 0.0.0.0  | 255.255.255.0 |   enp0s3  |   U   |
[   19.149949] cloud-init[984]: ci-info: +-------+-------------+----------+---------------+-----------+-------+
[   19.150046] cloud-init[984]: ci-info: +++++++++++++++++++Route IPv6 info+++++++++++++++++++
[   19.150145] cloud-init[984]: ci-info: +-------+-------------+---------+-----------+-------+
[   19.150243] cloud-init[984]: ci-info: | Route | Destination | Gateway | Interface | Flags |
[   19.150341] cloud-init[984]: ci-info: +-------+-------------+---------+-----------+-------+
[   19.150442] cloud-init[984]: ci-info: |   0   |  fe80::/64  |    ::   |   enp0s3  |   U   |
[   19.150562] cloud-init[984]: ci-info: |   3   |   ff00::/8  |    ::   |   enp0s3  |   U   |
[   19.150704] cloud-init[984]: ci-info: +-------+-------------+---------+-----------+-------+
] Started Initial cloud-init job (metadata service crawler).
[[0;32m  OK  [0m] Reached target System Initialization.
[[0;32m  OK  [0m] Started Daily apt download activities.
[[0;32m  OK  [0m] Listening on UUID daemon activation socket.
[[0;32m  OK  [0m] Listening on ACPID Listen Socket.
[[0;32m  OK  [0m] Started Daily apt upgrade and clean activities.
         Starting Socket activation for snappy daemon.
[[0;32m  OK  [0m] Started ACPI Events Check.
[[0;32m  OK  [0m] Reached target Paths.
[[0;32m  OK  [0m] Listening on D-Bus System Message Bus Socket.
[[0;32m  OK  [0m] Started Daily Cleanup of Temporary Directories.
[[0;32m  OK  [0m] Reached target Timers.
         Starting LXD - unix socket.
[[0;32m  OK  [0m] Reached target Cloud-config availability.
[[0;32m  OK  [0m] Reached target Network is Online.
         Starting iSCSI initiator daemon (iscsid)...
[[0;32m  OK  [0m] Listening on Socket activation for snappy daemon.
[[0;32m  OK  [0m] Listening on LXD - unix socket.
[[0;32m  OK  [0m] Started iSCSI initiator daemon (iscsid).
         Starting Login to default iSCSI targets...
[[0;32m  OK  [0m] Reached target Sockets.
[[0;32m  OK  [0m] Reached target Basic System.
         Starting /etc/rc.local Compatibility...
         Starting LSB: MD monitoring daemon...
         Starting LXD - container startup/shutdown...
         Starting System Logging Service...
         Starting LSB: Record successful boot for GRUB...
[[0;32m  OK  [0m] Started ACPI event daemon.
         Starting vboxadd.service...
[[0;32m  OK  [0m] Started FUSE filesystem for LXC.
[[0;32m  OK  [0m] Started Regular background program processing daemon.
[[0;32m  OK  [0m] Started Unattended Upgrades Shutdown.
[[0;32m  OK  [0m] Started D-Bus System Message Bus.
         Starting Snappy daemon...
         Starting Accounts Service...
[[0;32m  OK  [0m] Started Deferred execution scheduler.
         Starting Login Service...
         Starting OpenBSD Secure Shell server...
[[0;32m  OK  [0m] Started System Logging Service.
[[0;32m  OK  [0m] Started /etc/rc.local Compatibility.
[[0;32m  OK  [0m] Started LXD - container startup/shutdown.
[[0;32m  OK  [0m] Started Login to default iSCSI targets.
[[0;32m  OK  [0m] Started LSB: MD monitoring daemon.
[[0;32m  OK  [0m] Started OpenBSD Secure Shell server.
[[0;32m  OK  [0m] Started LSB: Record successful boot for GRUB.
[[0;32m  OK  [0m] Started Snappy daemon.
[[0;32m  OK  [0m] Started Login Service.
         Starting Authenticate and Authorize Users to Run Privileged Tasks...
         Starting Wait until snapd is fully seeded...
[[0;32m  OK  [0m] Reached target Remote File Systems (Pre).
[[0;32m  OK  [0m] Reached target Remote File Systems.
         Starting Permit User Sessions...
         Starting LSB: automatic crash report generation...
         Starting LSB: Set the CPU Frequency Scaling governor to "ondemand"...
         Starting LSB: daemon to balance interrupts for SMP systems...
[[0;32m  OK  [0m] Started Permit User Sessions.
         Starting Hold until boot process finishes up...
         Starting Terminate Plymouth Boot Screen...
[[0;32m  OK  [0m] Started Wait until snapd is fully seeded.
[[0;32m  OK  [0m] Started vboxadd.service.
[[0;32m  OK  [0m] Started LSB: automatic crash report generation.
[[0;32m  OK  [0m] Started LSB: Set the CPU Frequency Scaling governor to "ondemand".
[[0;32m  OK  [0m] Started LSB: daemon to balance interrupts for SMP systems.
[[0;32m  OK  [0m] Started Hold until boot process finishes up.
[[0;32m  OK  [0m] Started Terminate Plymouth Boot Screen.
[[0;32m  OK  [0m] Started Authenticate and Authorize Users to Run Privileged Tasks.
[[0;32m  OK  [0m] Started Accounts Service.
[[0;32m  OK  [0m] Started Serial Getty on ttyS0.
[[0;32m  OK  [0m] Started Getty on tty1.
[[0;32m  OK  [0m] Reached target Login Prompts.
         Starting Set console scheme...
         Starting vboxadd-service.service...
         Starting Apply the settings specified in cloud-config...
[[0;32m  OK  [0m] Started Set console scheme.
[[0;1;31mFAILED[0m] Failed to start vboxadd-service.service.
See 'systemctl status vboxadd-service.service' for details.
[[0;32m  OK  [0m] Reached target Multi-User System.
[[0;32m  OK  [0m] Reached target Graphical Interface.
         Starting Update UTMP about System Runlevel Changes...
[[0;32m  OK  [0m] Started Update UTMP about System Runlevel Changes.
[   22.163748] cloud-init[1284]: Cloud-init v. 18.3-9-g2e62cb8a-0ubuntu1~16.04.2 running 'modules:config' at Thu, 15 Aug 2019 06:52:21 +0000. Up 22.03 seconds.
[[0;32m  OK  [0m] Created slice User Slice of vagrant.
[[0;32m  OK  [0m] Started Apply the settings specified in cloud-config.
[[0;32m  OK  [0m] Started Session 1 of user vagrant.
         Starting User Manager for UID 1000...
         Starting Execute cloud user/final scripts...
[[0;32m  OK  [0m] Started User Manager for UID 1000.
[   22.782999] cloud-init[1305]: Cloud-init v. 18.3-9-g2e62cb8a-0ubuntu1~16.04.2 running 'modules:final' at Thu, 15 Aug 2019 06:52:21 +0000. Up 22.66 seconds.
[[0;32m  OK  [0m] Started Execute cloud user/final scripts.
[   22.847443] cloud-init[1305]: Cloud-init v. 18.3-9-g2e62cb8a-0ubuntu1~16.04.2 finished at Thu, 15 Aug 2019 06:52:21 +0000. Datasource DataSourceNoCloud [seed=/dev/sdb][dsmode=net].  Up 22.77 seconds
[[0;32m  OK  [0m] Reached target Cloud-init target.

Ubuntu 16.04.5 LTS ubuntu-xenial ttyS0

ubuntu-xenial login: 