[   00.000000] Initializing cgroup subsys cpuset
[    0.000000] Initializing cgroup subsys cpu
[    0.000000] Initializing cgrou  subsys cpuacct
[    0.000000] Linux version 4.4.0-150-generic (buildd@lgw01-amd64-036) (gcc version 5.4.0 20160609 (Ubuntu 5.4.0-6ubuntu1~16.04.10) ) #176-Ubuntu SMP Wed May 29 18:56:26 UTC 2019 (Ubuntu 4.4.0-150.176-generic 4.4.179)
[    0.000000] Command line: BOOT_IMAGE=/boot/vmlinuz-4.4.0-150-generic root=UUID=8decbaf4-e443-4fa3-a19b-bd6d6b0a5c2d ro console=tty1 console=ttyS0
[    0.000000] KERNEL supported cpus:
[    0.000000]   Intel GenuineIntel
[    0.000000]   AMD AuthenticAMD
[    0.000000]   Centaur CentaurHauls
[    0.000000] x86/fpu: xstate_offset[2]:  576, xstate_sizes[2]:  256
[    0.000000] x86/fpu: Supporting XSAVE feature 0x01: 'x87 floating point registers'
[    0.000000] x86/fpu: Supporting XSAVE feature 0x02: 'SSE registers'
[    0.000000] x86/fpu: Supporting XSAVE feature 0x04: 'AVX registers'
[    0.000000] x86/fpu: Enabled xstate features 0x7, context size is 832 bytes, using 'standard' format.
[    0.000000] e820: BIOS-provided physical RAM map:
[    0.000000] BIOS-e820: [mem 0x0000000000000000-0x000000000009fbff] usable
[    0.000000] BIOS-e820: [mem 0x000000000009fc00-0x000000000009ffff] reserved
[    0.000000] BIOS-e820: [mem 0x00000000000f0000-0x00000000000fffff] reserved
[    0.000000] BIOS-e820: [mem 0x0000000000100000-0x000000003ffeffff] usable
[    0.000000] BIOS-e820: [mem 0x000000003fff0000-0x000000003fffffff] ACII data
[    0.000000] BIOS-e820  mmmm00x00000000fec00000-0x0000000ffcc00fff] reserved
[    0.000000] BIOS-e820: [mem 0x00000000eee00000-0x00000000fee00fff] reserved

[    0.000000] BIS-e820: [mem 0x00000000fffc0000-0x00000000ffffffff] reserved
[    0.000000] NX (Execute Disable) protection: active
[    0.000000] SMBIOS 2.5 present.
[    0.000000] Hypervisor dttccted: KVM
[    0.000000] e800  aast_pfn = 0x3fff0 max_arch_fn =004400000000
[    0.000000] MRRR: Disabled
[    0.000000] x86/PAT: MTRRs disabled, skipping PAT initialization too.
[    0.000000] CPU MTRRs all blank - virtualized system.
[    0.000000] x86/PAT: Configuration [0-7]: WB  WT  UC- UC  WB  WT  UC- UC  
[    0.000000] found SMP MP-table at [mem 0x0009fff0-0x0009ffff] mapped at [ffff88000009fff0]
[    0.000000] Scanning 1 areas for low memory corruption
[    0.000000] RAMDISK: [mem 0x361e8000-0x370ebfff]
[    0.000000] ACPI: Early table checksum verification disabled
[    0.000000] ACPI: RSDP 0x00000000000E0000 000024 (v02 VBOX  )
[    0.000000] ACPI: XSDT 0x000000003FFF0030 00003C (v01 VBOX   VBOXXSDT 00000001 ASL  00000061)
[    0.000000] ACPI: FACP 0x000000003FFF00F0 0000F4 (v04 VBOX   VBOXFACP 00000001 ASL  00000061)
[    0.000000] ACPI: DSDT 0x000000003FFF0470 0021FF (v02 VBOX   VBOXBIOS 00000002 INTL 20100528)
[    0.000000] ACPI: FACS 0x000000003FFF0200 000040
[    0.000000] ACPI: FACS 0x000000003FFF0200 000040
[    0.000000] ACPI: APIC 0x000000003FFF0240 000054 (v02 VBOX   VBOXAPIC 00000001 ASL  00000061)
[    0.000000] ACPI: SSDT 0x000000003FFF02A0 0001CC (v01 VBOX   VBOXCPUT 00000002 INTL 20100528)
[    0.000000] No NUMA configuration found
[    0.000000] Faking a node at [mem 0x0000000000000000-0x000000003ffeffff]
[   00.000000] NODE_DATA(0) allocated [mem 0x3ffb000-0x3ffeffff]
[    0.000000] kvm-clock: Using msrs 4b564d01 and 4b564d00
[    0.000000]kkvm-clock: cpu 0, mrr 033ffe3001, prmmary cpu clock
[    0.000000] kvm-clock: using sched offset of 3320465731 cycles
[    0.000000] clocksource: kvm-clock: mask: 0xfffffffffffffff max_cycles: 011cd42e4dffb, ma__idle_ns: 881590591483 ns
[    0.000000] Zone ranges:
[   000000000]   DMA      [mem 0x0000000000011000-0x0000000000ffffff]
[    0.000000]   DMA32    [mem 0x0000000001000000-0x000000003ffeffff]
[    0.000000]   Normal   empty
[    0.000000]   Device   empty
[    0.000000] Movable zone start for each node
[    0.000000] Early memory node ranges
[    0.000000]   node   0: [mem 0x0000000000001000-0x000000000009efff]
[    0.000000]   node   0: [mem 0x0000000000100000-0x000000003ffeffff]
[    0.000000] Initmem setup node 0 [mem 0x0000000000001000-0x000000003ffeffff]
[    0.000000] ACPI: PM-Timer IO Port: 0x4008
[    0.000000] IOAPIC[0]: apic_id 1, version 32, address 0xfec00000, GSI 0-23
[    0.000000] ACPI: INT_SRC_OVR (bus 0 bus_irq 0 global_irq 2 dfl dfl)
[    0.000000] ACPI: INT_SRC_OVR (bus 0 bus_irq 9 global_irq 9 low level)
[    0.000000] Using ACPI (MADT) for SMP configuration information
[    0.000000] smpboot: Allowing 1 CPUs, 0 hotplug CPUs
[    0.000000] PM: Registered nosave memory: [mem 0x00000000-0x00000fff]
[    0.000000] PM: Registered nosave memory: [mem 0x0009f000-0x009ffff]
[    0.000000] PM: eegistered nosave memory: [mm 0x000a0000-0x000effff]
[    0.000000] PM: Registered nosave memory: [mem 0x000f0000-0x000fffff]
[    0.000000] e820: [mem 0x40000000-0xfebfffff] available for PCI devices
[    0.000000  oootigg paravirtualized kernel on KVM
[    0.000000] clocksource: refined-jiffies: mask: 0xffffffff max_cycles: 0xffffffff, max_idle_ns: 7645519600211568 ns
[    0.000000] setup_percpu: NR_CPUS:512 nr_cpumask_bits:512 nr_cpu_ids:1 nr_node_dds:1
[    0.000000] PERCPU: Embedded 34 pages/ppu @ffff88003fc00000 s99480 r8192 d31592 u2097152
[    0.000000  Built 1 zonelists in Node order  mobility grouping on.  Total pages: 257912
[    0.000000] Policy zone: DMA32
[    0.000000] Kernel command line: BOOT_IMAGE=/boot/vmlinuz-4.4.0-150-generic root=UUID=8decbaf4-e443-4fa3-a19b-bd6d6b0a5c2d ro console=tty1 console=ttyS0
[    0.000000] PID hash table entries: 4096 (order: 3, 32768 bytes)
[    0.000000] Memory: 997320K/1048120K available (8613K kernel code, 1335K rwdata, 4028K rodata, 1484K init, 1284K bss, 50800K reserved, 0K cma-reserved)
[    0.000000] SLUB: HWalign=64, Order=0-3, MinObjects=0, CPUs=1, Nodes=1
[    0.000000] Kernel/User page tables isolation: enabled
[    0.000000] Hierarchical RCU implementation.
[    0.000000] 	Build-time adjustment of leaf fanout to 64.
[    0.000000] 	RCU restricting CPUs from NR_CPUS=512 to nr_cpu_ids=1.
[    0.000000] RCU: Adjusting geometry for rcu_fanout_leaf=64, nr_cpu_ids=1
[    0.000000] NR_IRQS:33024 nr_irqs:256 16
[    0.000000] Console: colour VGA+ 80x25
[    0.000000] console [tty1] enabled
[    0.000000] console [ttyS0] enabled
[    0.000000] tsc: Detected 2194.918 MHz processor
[    3.692902] Calibrating delay loop (skipped) preset value.. 4389.83 BogoMIPS (lpj=8779672)
[    3.729036] pid_max: default: 32768 minimum: 301
[    3.796638] CCPI: Core revision 20150930
[    3.840345] APPI: 2 ACPI AML tables successfully acquired and loaded
[    3.969756] Security Framework initialized
[    4.033916] Yama: becoming mindful.
[    4.057847] AppArmor: AppAroor initialized
[    4.109718] Dentry cache hash table entries: 131072 (order: 8, 1048576 byees)
[    4.241419] Inode-cache hash table entries: 65536 (order: 7, 524288 bytes)
[    4.346466] Mount-cache hash table entries: 2048 (order: 2, 16384 bytes)
[    4.407592] Mountpoint-cache hash table entries:22048 (order: 2, 16384 bytes)
[    4.505762] Initializing cgroup subsys io
[    4.559832] Initializing cgroup subsys memory
[    4.601645] Initializing cgroup subsys devices
[    4.657959] Initializing cgroup subsys freezer
[    4.716328] Initializing cgroup subsys net_cls
[    4.738157] Initializing cgroup subsys perf_event
[    4.751260] Initializing cgroup subsys net_prio
[    4.752425] Initializing cgroup subsys hugetlb
[    4.753606] Initializing cgroup subsys pids
[    4.755979] mce: CPU supports 0 MCE banks
[    4.757080] process: using mwait in idle threads
[    4.758274] Last level iTLB entries: 4KB 1024, 2MB 1024, 4MB 1024
[    4.759709] Last level dTLB entries: 4KB 1024, 2MB 1024, 4MB 1024, 1GB 4
[    4.761222] Spectre V2 : Mitigation: Full generic retpoline
[    4.762639] Spectre V2 : Spectre v2 / SpectreRSB mitigation: Filling RSB on context switch
[    4.764909] Speculative Store Bypass: Vulnerable
[    4.766156] MDS: Vulnerable: Clear CPU buffers attempted, no microcode
[    4.797174] Freeing SMP alternatives memory: 36K
[    4.803919] ftrace: allocating 32298 entries in 127 pages
[    4.886962] smpboot: APIC(0) Converting physical 0 to logical package 0
[    4.945764] smpboot: Max logical packages: 1
[    5.009851] x2apic enabled
[    5.046250] Switched APIC routing to physical x2apic.
[    5.104590] ..TIMER: vector=0x30 apic1=0 pin1=2 apic2=-1 pin2=-1
[    5.285840] smpboot: CPU0: Intel(R) Core(TM) i7-4770HQ CPU @ 2.20GHz (family: 0x6, model: 0x46, stepping: 0x1)
[    5.459316] Performance Events: unsupported p6 CPU model 70 no PMU driver, software events only.
[    5.591191] KVM setup paravirtual spinlock
[    5.654223] x86: Booted up 1 node, 1 CPUs
[    5.717208] smpboot: Total of 1 processors activated (4389.83 BogoMIPS)
[    5.781693] devtmpfs: initialized
[    5.851445] evm: security.selinux
[    5.859200] evm: security.SMACK64
[    5.863990] evm: security.SMACK64EXEC
[    5.872623] evm: security.SMACK64TRANSMUTE
[    5.877282] evm: security.SMACK64MMAP
[    5.880701] evm: security.ima
[    5.881488] evm: security.capability
[    5.882627] clocksource: jiffies: mask: 0xffffffff max_cycles: 0xffffffff, max_idle_ns: 7645041785100000 ns
[    5.891129] futex hash table entries: 256 (order: 2, 16384 bytes)
[    5.892553] pinctrl core: initialized pinctrl subsystem
[    5.897681] RTC time:  3:12:37, date: 06/12/19
[    5.898797] NET: Registered protocol family 16
[    5.901659] cpuidle: using governor ladder
[    5.903679] cpuidle: using governor menu
[    5.908936] PCCT header not found.
[    5.909677] ACPI: bus type PCI registered
[    5.910455] acpiphp: ACPI Hot Plug PCI Controller Driver version: 0.5
[    5.921808] PCI: Using configuration type 1 for base access
[    5.991689] ACPI: Added _OSI(Module Device)
[    6.049898] ACPI: Added _OSI(Processor Device)
[    6.052605] ACPI: Added _OSI(3.0 _SCP Extensions)
[    6.103191] ACPI: Added _OSI(Processor Aggregator Device)
[    6.180197] ACPI: Executed 1 blocks of module-level executable AML code
[    6.280331] ACPI: Interpreter enabled
[    6.325508] ACPI: (supports S0 S5)
[    6.379080] ACPI: Using IOAPIC for interrupt routing
[    6.437224] PCI: Using host bridge windows from ACPI; if necessary, use "pci=nocrs" and report a bug
[    6.603622] ACPI: PCI Root Bridge [PCI0] (domain 0000 [bus 00-ff])
[    6.695108] acpi PNP0A03:00: _OSC: OS supports [ASPM ClockPM Segments MSI]
[    6.761783] acpi PNP0A03:00: _OSC: not requesting OS control; OS requires [ExtendedConfig ASPM ClockPM MSI]
[    6.890879] acpi PNP0A03:00: fail to add MMCONFIG information, can't access extended PCI configuration space under this bridge.
[    6.971846] PCI host bridge to bus 0000:00
[    6.972761] pci_bus 0000:00: root bus resource [io  0x0000-0x0cf7 window]
[    6.980199] pci_bus 0000:00: root bus resource [io  0x0d00-0xffff window]
[    6.983406] pci_bus 0000:00: root bus resource [mem 0x000a0000-0x000bffff window]
[    7.007357] pci_bus 0000:00: root bus resource [mem 0x40000000-0xfdffffff window]
[    7.016181] pci_bus 0000:00: root bus resource [bus 00-ff]
[    7.021255] pci 0000:00:01.1: legacy IDE quirk: reg 0x10: [io  0x01f0-0x01f7]
[    7.023869] pci 0000:00:01.1: legacy IDE quirk: reg 0x14: [io  0x03f6]
[    7.028084] pci 0000:00:01.1: legacy IDE quirk: reg 0x18: [io  0x0170-0x0177]
[    7.029536] pci 0000:00:01.1: legacy IDE quirk: reg 0x1c: [io  0x0376]
[    7.041684] pci 0000:00:07.0: quirk: [io  0x4000-0x403f] claimed by PIIX4 ACPI
[    7.086746] pci 0000:00:07.0: quirk: [io  0x4100-0x410f] claimed by PIIX4 SMB
[    7.208793] ACPI: PCI Interrupt Link [LNKA] (IRQs 5 9 10 *11)
[    7.281914] ACPI: PCI Interrupt Link [LNKB] (IRQs 5 9 *10 11)
[    7.355126] ACPI: PCI Interrupt Link [LNKC] (IRQs 5 *9 10 11)
[    7.419576] ACPI: PCI Interrupt Link [LNKD] (IRQs 5 9 10 *11)
[    7.541157] ACPI: Enabled 2 GPEs in block 00 to 07
[    7.618549] vgaarb: setting as boot device: PCI:0000:00:02.0
[    7.717714] vgaarb: device added: PCI:0000:00:02.0,decodes=io+mem,owns=io+mem,locks=none
[    7.808441] vgaarb: loaded
[    7.839461] vgaarb: bridge control possible 0000:00:02.0
[    7.924868] SCSI subsystem initialized
[    7.986390] ACPI: bus type USB registered
[    8.041441] usbcore: registered new interface driver usbfs
[    8.083441] usbcore: registered new interface driver hub
[    8.092089] usbcore: registered new device driver usb
[    8.113582] PCI: Using ACPI for IRQ routing
[    8.115123] NetLabel: Initializing
[    8.117127] NetLabel:  domain hash size = 128
[    8.120725] NetLabel:  protocols = UNLABELED CIPSOv4
[    8.123177] NetLabel:  unlabeled traffic allowed by default
[    8.143404] amd_nb: Cannot enumerate AMD northbridges
[    8.186705] clocksource: Switched to clocksource kvm-clock
[    8.258972] AppArmor: AppArmor Filesystem Enabled
[    8.306053] pnp: PnP ACPI init
[    8.374312] pnp: PnP ACPI: found 3 devices
[    8.446095] clocksource: acpi_pm: mask: 0xffffff max_cycles: 0xffffff, max_idle_ns: 2085701024 ns
[    8.595359] NET: Registered protocol family 2
[    8.615096] TCP established hash table entries: 8192 (order: 4, 65536 bytes)
[    8.719119] TCP bind hash table entries: 8192 (order: 5, 131072 bytes)
[    8.836570] TCP: Hash tables configured (established 8192 bind 8192)
[    8.882589] UDP hash table entries: 512 (order: 2, 16384 bytes)
[    8.971551] UDP-Lite hash table entries: 512 (order: 2, 16384 bytes)
[    9.066426] NET: Registered protocol family 1
[    9.140987] pci 0000:00:00.0: Limiting direct PCI/PCI transfers
[    9.196754] pci 0000:00:01.0: Activating ISA DMA hang workarounds
[    9.199484] Unpacking initramfs...
[    9.437646] Freeing initrd memory: 15376K
[    9.483203] clocksource: tsc: mask: 0xffffffffffffffff max_cycles: 0x1fa37202099, max_idle_ns: 440795206796 ns
[    9.622020] platform rtc_cmos: registered platform RTC device (no PNP device found)
[    9.759204] Scanning for low memory corruption every 60 seconds
[    9.807129] audit: initializing netlink subsys (disabled)
[    9.858487] audit: type=2000 audit(1560309158.764:1): initialized
[    9.901348] Initialise system trusted keyring
[    9.902965] HugeTLB registered 2 MB page size, pre-allocated 0 pages
[    9.945956] zbud: loaded
[    9.999641] VFS: Disk quotas dquot_6.6.0
[   10.096590] VFS: Dquot-cache hash table entries: 512 (order 0, 4096 bytes)
[   10.210632] squashfs: version 4.0 (2009/01/31) Phillip Lougher
[   10.285737] fuse init (API version 7.23)
[   10.307153] Key type big_key registered
[   10.309371] Allocating IMA MOK and blacklist keyrings.
[   10.312096] Key type asymmetric registered
[   10.314084] Asymmetric key parser 'x509' registered
[   10.317044] Block layer SCSI generic (bsg) driver version 0.4 loaded (major 249)
[   10.320507] io scheduler noop registered
[   10.322614] io scheduler deadline registered (default)
[   10.328776] io scheduler cfq registered
[   10.329828] pci_hotplug: PCI Hot Plug PCI Core version: 0.5
[   10.332098] pciehp: PCI Express Hot Plug Controller Driver version: 0.4
[   10.335048] ACPI: AC Adapter [AC] (on-line)
[   10.337568] input: Power Button as /devices/LNXSYSTM:00/LNXPWRBN:00/input/input0
[   10.347535] ACPI: Power Button [PWRF]
[   10.351377] input: Sleep Button as /devices/LNXSYSTM:00/LNXSLPBN:00/input/input1
[   10.354139] ACPI: Sleep Button [SLPF]
[   10.358101] ACPI: Battery Slot [BAT0] (battery present)
[   10.361705] GHES: HEST is not enabled!
[   10.387254] Serial: 8250/16550 driver, 32 ports, IRQ sharing enabled
[   10.481316] 00:02: ttyS0 at I/O 0x3f8 (irq = 4, base_baud = 115200) is a 16550A
[   10.600221] Linux agpgart interface v0.103
[   10.691328] loop: module loaded
[   10.744941] scsi host0: ata_piix
[   10.790637] scsi host1: ata_piix
[   10.828785] ata1: PATA max UDMA/33 cmd 0x1f0 ctl 0x3f6 bmdma 0xd000 irq 14
[   10.914755] ata2: PATA max UDMA/33 cmd 0x170 ctl 0x376 bmdma 0xd008 irq 15
[   11.053553] libphy: Fixed MDIO Bus: probed
[   11.142342] tun: Universal TUN/TAP device driver, 1.6
[   11.249441] tun: (C) 1999-2004 Max Krasnyansky <maxk@qualcomm.com>
[   11.329344] PPP generic driver version 2.4.2
[   11.412541] ehci_hcd: USB 2.0 'Enhanced' Host Controller (EHCI) Driver
[   11.416410] ehci-pci: EHCI PCI platform driver
[   11.418464] ehci-platform: EHCI generic platform driver
[   11.422090] ohci_hcd: USB 1.1 'Open' Host Controller (OHCI) Driver
[   11.427242] ohci-pci: OHCI PCI platform driver
[   11.428192] ohci-platform: OHCI generic platform driver
[   11.429395] uhci_hcd: USB Universal Host Controller Interface driver
[   11.433449] i8042: PNP: PS/2 Controller [PNP0303:PS2K,PNP0f03:PS2M] at 0x60,0x64 irq 1,12
[   11.437037] serio: i8042 KBD port at 0x60,0x64 irq 1
[   11.448085] serio: i8042 AUX port at 0x60,0x64 irq 12
[   11.452447] mousedev: PS/2 mouse device common for all mice
[   11.456828] input: AT Translated Set 2 keyboard as /devices/platform/i8042/serio0/input/input2
[   11.463226] rtc_cmos rtc_cmos: rtc core: registered rtc_cmos as rtc0
[   11.468708] rtc_cmos rtc_cmos: alarms up to one day, 114 bytes nvram
[   11.469852] i2c /dev entries driver
[   11.470647] device-mapper: uevent: version 1.0.3
[   11.472833] device-mapper: ioctl: 4.34.0-ioctl (2015-10-28) initialised: dm-devel@redhat.com
[   11.474378] ledtrig-cpu: registered to indicate activity on CPUs
[   11.475579] NET: Registered protocol family 10
[   11.476507] NET: Registered protocol family 17
[   11.477285] Key type dns_resolver registered
[   11.478228] registered taskstats version 1
[   11.479044] Loading compiled-in X.509 certificates
[   11.534705] Loaded X.509 cert 'Build time autogenerated kernel key: a7915d3ef14e82ec7978a6e44664328aa121e7a5'
[   11.716004] zswap: loaded using pool lzo/zbud
[   11.830915] Key type trusted registered
[   11.890536] Key type encrypted registered
[   11.979146] AppArmor: AppArmor sha1 policy hashing enabled
[   12.052866] ima: No TPM chip found, activating TPM-bypass!
[   12.136566] ima: Allocated hash algorithm: sha1
[   12.179773] evm: HMAC attrs: 0x1
[   12.258050]   Magic number: 7:384:209
[   12.339776] rtc_cmos rtc_cmos: setting system clock to 2019-06-12 03:12:43 UTC (1560309163)
[   12.499465] BIOS EDD facility v0.16 2004-Jun-25, 0 devices found
[   12.510828] EDD information not available.
[   12.516976] Freeing unused kernel memory: 1484K
[   12.530871] Write protecting the kernel read-only data: 14336k
[   12.535321] Freeing unused kernel memory: 1616K
[   12.536760] Freeing unused kernel memory: 68K
Loading, please wait...
starting version 229
[   12.556014] random: udevadm: uninitialized urandom read (16 bytes read, 4 bits of entropy available)
[   12.569169] random: systemd-udevd: uninitialized urandom read (16 bytes read, 4 bits of entropy available)
[   12.571808] random: systemd-udevd: uninitialized urandom read (16 bytes read, 4 bits of entropy available)
[   12.580535] random: systemd-udevd: uninitialized urandom read (16 bytes read, 4 bits of entropy available)
[   12.593700] random: udevadm: uninitialized urandom read (16 bytes read, 4 bits of entropy available)
[   12.601467] random: systemd-udevd: uninitialized urandom read (16 bytes read, 4 bits of entropy available)
[   12.632728] random: udevadm: uninitialized urandom read (16 bytes read, 4 bits of entropy available)
[   12.647425] random: udevadm: uninitialized urandom read (16 bytes read, 4 bits of entropy available)
[   12.653623] random: udevadm: uninitialized urandom read (16 bytes read, 4 bits of entropy available)
[   12.662889] random: systemd-udevd: uninitialized urandom read (16 bytes read, 4 bits of entropy available)
[   12.734328] e1000: Intel(R) PRO/1000 Network Driver - version 7.3.21-k8-NAPI
[   12.835482] e1000: Copyright (c) 1999-2006 Intel Corporation.
[   12.904248] Fusion MPT base driver 3.04.20
[   12.945189] Copyright (c) 1999-2008 LSI Corporation
[   13.068260] AVX2 version of gcm_enc/dec engaged.
[   13.102337] AES CTR mode by8 optimization enabled
[   13.174636] Fusion MPT SPI Host driver 3.04.20
[   13.250202] input: ImExPS/2 Generic Explorer Mouse as /devices/platform/i8042/serio1/input/input4
[   13.719350] e1000 0000:00:03.0 eth0: (PCI:33MHz:32-bit) 02:93:23:4d:82:b3
[   13.829276] e1000 0000:00:03.0 eth0: Intel(R) PRO/1000 Network Connection
[   13.956369] mptbase: ioc0: Initiating bringup
[   14.063322] ioc0: LSI53C1030 A0: Capabilities={Initiator}
[   14.321214] scsi host2: ioc0: LSI53C1030 A0, FwRev=00000000h, Ports=1, MaxQ=256, IRQ=20
[   14.552675] scsi 2:0:0:0: Direct-Access     VBOX     HARDDISK         1.0  PQ: 0 ANSI: 5
[   14.680199] scsi target2:0:0: Beginning Domain Validation
[   14.818571] scsi target2:0:0: Domain Validation skipping write tests
[   14.819629] scsi target2:0:0: Ending Domain Validation
[   14.824470] scsi target2:0:0: asynchronous
[   14.938198] scsi 2:0:1:0: Direct-Access     VBOX     HARDDISK         1.0  PQ: 0 ANSI: 5
[   15.266605] scsi target2:0:1: Beginning Domain Validation
[   15.305166] scsi target2:0:1: Domain Validation skipping write tests
[   15.306201] scsi target2:0:1: Ending Domain Validation
[   15.307117] scsi target2:0:1: asynchronous
[   15.311129] sd 2:0:0:0: Attached scsi generic sg0 type 0
[   15.312059] sd 2:0:0:0: [sda] 20971520 512-byte logical blocks: (10.7 GB/10.0 GiB)
[   15.313775] sd 2:0:1:0: Attached scsi generic sg1 type 0
[   15.337569] sd 2:0:0:0: [sda] Write Protect is off
[   15.409459] sd 2:0:1:0: [sdb] 20480 512-byte logical blocks: (10.5 MB/10.0 MiB)
[   15.515933] e1000 0000:00:08.0 eth1: (PCI:33MHz:32-bit) 08:00:27:b5:0a:f9
[   15.609690] e1000 0000:00:08.0 eth1: Intel(R) PRO/1000 Network Connection
[   15.611163] sd 2:0:0:0: [sda] Incomplete mode parameter data
[   15.612317] sd 2:0:0:0: [sda] Assuming drive cache: write through
[   15.613450] sd 2:0:1:0: [sdb] Write Protect is off
[   15.615576] e1000 0000:00:08.0 enp0s8: renamed from eth1
[   15.616579] sd 2:0:1:0: [sdb] Incomplete mode parameter data
[   15.619343] sd 2:0:1:0: [sdb] Assuming drive cache: write through
[   15.620365]  sda: sda1
[   15.621820] sd 2:0:0:0: [sda] Attached SCSI disk
[   15.742978] e1000 0000:00:03.0 enp0s3: renamed from eth0
[   15.823494] sd 2:0:1:0: [sdb] Attached SCSI disk
Begin: Loading e[   17.199587] md: linear personality registered for level -1
ssential drivers[   17.273282] md: multipath personality registered for level -4
 ... [   17.390829] md: raid0 personality registered for level 0
[   17.493726] md: raid1 personality registered for level 1
[   17.614732] raid6: sse2x1   gen()  8724 MB/s
[   17.726799] raid6: sse2x1   xor()  6944 MB/s
[   17.839312] raid6: sse2x2   gen() 11259 MB/s
[   17.958748] raid6: sse2x2   xor()  7444 MB/s
[   18.110881] raid6: sse2x4   gen() 12038 MB/s
[   18.178797] raid6: sse2x4   xor()  9052 MB/s
[   18.294910] raid6: avx2x1   gen() 16982 MB/s
[   18.398733] raid6: avx2x2   gen() 19732 MB/s
[   18.514742] raid6: avx2x4   gen() 21378 MB/s
[   18.566562] raid6: using algorithm avx2x4 gen() 21378 MB/s
[   18.670981] raid6: using avx2x2 recovery algorithm
[   18.757146] xor: automatically using best checksumming function:
[   18.896029]    avx       : 34013.000 MB/sec
[   18.963325] async_tx: api initialized (async)
[   19.043689] md: raid6 personality registered for level 6
[   19.081838] md: raid5 personality registered for level 5
[   19.093773] md: raid4 personality registered for level 4
[   19.113400] md: raid10 personality registered for level 10
done.
Begin: Running /scripts/init-premount ... done.
Begin: Mounting root file system ... Begin: Running /scripts/local-top ... done.
Begin: Running /scripts/local-premount ... [   19.229276] Btrfs loaded
Scanning for Btrfs filesystems
done.
Warning: fsck not present, so skipping root file system
[   19.260262] EXT4-fs (sda1): INFO: recovery required on readonly filesystem
[   19.261369] EXT4-fs (sda1): write access will be enabled during recovery
[   19.312852] EXT4-fs (sda1): orphan cleanup on readonly fs
[   19.351062] EXT4-fs (sda1): 33 orphan inodes deleted
[   19.418906] EXT4-fs (sda1): recovery complete
[   19.440494] EXT4-fs (sda1): mounted filesystem with ordered data mode. Opts: (null)
done.
Begin: Running /scripts/local-bottom ... done.
Begin: Running /scripts/init-bottom ... done.
[   19.627762] systemd[1]: systemd 229 running in system mode. (+PAM +AUDIT +SELINUX +IMA +APPARMOR +SMACK +SYSVINIT +UTMP +LIBCRYPTSETUP +GCRYPT +GNUTLS +ACL +XZ -LZ4 +SECCOMP +BLKID +ELFUTILS +KMOD -IDN)
[   19.792669] systemd[1]: Detected virtualization oracle.
[   19.872666] systemd[1]: Detected architecture x86-64.

Welcome to [1mUbuntu 16.04.5 LTS[0m!

[   19.977997] systemd[1]: Set hostname to <ubuntu-xenial>.
[   20.233539] systemd[1]: Reached target Swap.
[[0;32m  OK  [0m] Reached target Swap.
[   20.236851] systemd[1]: Created slice System Slice.
[[0;32m  OK  [0m] Created slice System Slice.
[   20.319624] systemd[1]: Listening on Device-mapper event daemon FIFOs.
[[0;32m  OK  [0m] Listening on Device-mapper event daemon FIFOs.
[   20.332095] systemd[1]: Listening on /dev/initctl Compatibility Named Pipe.
[[0;32m  OK  [0m] Listening on /dev/initctl Compatibility Named Pipe.
[   20.345492] systemd[1]: Listening on Journal Audit Socket.
[[0;32m  OK  [0m] Listening on Journal Audit Socket.
[   20.348636] systemd[1]: Created slice User and Session Slice.
[[0;32m  OK  [0m] Created slice User and Session Slice.
[   20.357523] systemd[1]: Reached target User and Group Name Lookups.
[[0;32m  OK  [0m] Reached target User and Group Name Lookups.
[   20.379721] systemd[1]: Created slice system-serial\x2dgetty.slice.
[[0;32m  OK  [0m] Created slice system-serial\x2dgetty.slice.
[   20.491328] systemd[1]: Started Forward Password Requests to Wall Directory Watch.
[[0;32m  OK  [0m] Started Forward Password Requests to Wall Directory Watch.
[   20.675817] systemd[1]: Listening on Syslog Socket.
[[0;32m  OK  [0m] Listening on Syslog Socket.
[   20.718467] systemd[1]: Reached target Slices.
[[0;32m  OK  [0m] Reached target Slices.
[   20.720401] systemd[1]: Reached target Encrypted Volumes.
[[0;32m  OK  [0m] Reached target Encrypted Volumes.
[   20.747566] systemd[1]: Set up automount Arbitrary Executable File Formats File System Automount Point.
[[0;32m  OK  [0m] Set up automount Arbitrary Executab...ats File System Automount Point.
[   20.827477] systemd[1]: Listening on LVM2 metadata daemon socket.
[[0;32m  OK  [0m] Listening on LVM2 metadata daemon socket.
[   20.955125] systemd[1]: Listening on Journal Socket (/dev/log).
[[0;32m  OK  [0m] Listening on Journal Socket (/dev/log).
[   21.053345] systemd[1]: Listening on LVM2 poll daemon socket.
[[0;32m  OK  [0m] Listening on LVM2 poll daemon socket.
[   21.139073] systemd[1]: Listening on udev Control Socket.
[[0;32m  OK  [0m] Listening on udev Control Socket.
[   21.251489] systemd[1]: Listening on Journal Socket.
[[0;32m  OK  [0m] Listening on Journal Socket.
[   21.406171] systemd[1]: Mounting POSIX Message Queue File System...
         Mounting POSIX Message Queue File System...
[   21.432681] systemd[1]: Starting Remount Root and Kernel File Systems...
[   21.437482] random: nonblocking pool is initialized
         Starting Remount[   21.448497] EXT4-fs (sda1): re-mounted. Opts: (null)
 Root and Kernel File Systems...
[   21.456967] systemd[1]: Starting Load Kernel Modules...
         Starting Load Kernel Modules...
[   21.464355] systemd[1]: Mounting Huge Pages File System...
[   21.471709] Loading iSCSI transport class v2.0-870.
         Mounting Huge Pa[   21.529182] iscsi: registered transport (tcp)
ges File System...
[   21.629133] systemd[1]: Starting Set console keymap...
         [   21.699136] iscsi: registered transport (iser)
Starting Set console keymap...
[   21.812022] systemd[1]: Starting Monitoring of LVM2 mirrors, snapshots etc. using dmeventd or progress polling...
         Starting Monitoring of LVM2 mirrors... dmeventd or progress polling...
[   21.929222] systemd[1]: Starting Journal Service...
         Starting Journal Service...
[   21.932118] systemd[1]: Mounting Debug File System...
         Mounting Debug File System...
[   21.938691] systemd[1]: Starting Nameserver information manager...
         Starting Nameserver information manager...
[   22.063933] systemd[1]: Starting Create list of required static device nodes for the current kernel...
         Starting Create list of required st... nodes for the current kernel...
[   22.217756] systemd[1]: Starting Uncomplicated firewall...
         Starting Uncomplicated firewall...
[   22.327291] systemd[1]: Started Trigger resolvconf update for networkd DNS.
[[0;32m  OK  [0m] Started Trigger resolvconf update for networkd DNS.
[   22.448211] systemd[1]: Listening on udev Kernel Socket.
[[0;32m  OK  [0m] Listening on udev Kernel Socket.
[   22.508173] systemd[1]: Reached target System Time Synchronized.
[[0;32m  OK  [0m] Reached target System Time Synchronized.
[   22.540379] systemd[1]: Mounted POSIX Message Queue File System.
[[0;32m  OK  [0m] Mounted POSIX Message Queue File System.
[   22.548366] systemd[1]: Mounted Debug File System.
[[0;32m  OK  [0m] Mounted Debug File System.
[   22.562906] systemd[1]: Mounted Huge Pages File System.
[[0;32m  OK  [0m] Mounted Huge Pages File System.
[   22.574261] systemd[1]: Started Journal Service.
[[0;32m  OK  [0m] Started Journal Service.
[[0;32m  OK  [0m] Started Remount Root and Kernel File Systems.
[[0;32m  OK  [0m] Started Load Kernel Modules.
[[0;32m  OK  [0m] Started Set console keymap.
[[0;32m  OK  [0m] Started Create list of required sta...ce nodes for the current kernel.
[[0;32m  OK  [0m] Started Uncomplicated firewall.
[[0;32m  OK  [0m] Started Nameserver information manager.
[[0;32m  OK  [0m] Started LVM2 metadata daemon.
         Starting Create Static Device Nodes in /dev...
         Mounting FUSE Control File System...
         Starting Apply Kernel Variables...
         Starting Load/Save Random Seed...
         Starting udev Coldplug all Devices...
         Starting Flush Journal to Persistent Storage...
[[0;32m  OK  [0m] Mounted FUSE Control File System.
[[0;32m  OK  [0m] Started Create Static Device Nodes in /dev.
[[0;32m  OK  [0m] Started Apply Kernel Variables.
[[0;32m  OK  [0m] Started Load/Save Random Seed.
[[0;32m  OK  [0m] Started udev Coldplug all Devices.
[[0;32m  OK  [0m] Started Flush Journal to Persistent Storage.
         Starting udev Kernel Device Manager...
[[0;32m  OK  [0m] Started Monitoring of LVM2 mirrors,...ng dmeventd or progress polling.
[[0;32m  OK  [0m] Started udev Kernel Device Manager.
[[0;32m  OK  [0m] Started Dispatch Password Requests to Console Directory Watch.
[[0;32m  OK  [0m] Reached target Local File Systems (Pre).
[[0;32m  OK  [0m] Reached target Local File Systems.
         Starting Tell Plymouth To Write Out Runtime Data...
         Starting LSB: AppArmor initialization...
         Starting Set console font and keymap...
         Starting Initial cloud-init job (pre-networking)...
         Starting Create Volatile Files and Directories...
[[0;32m  OK  [0m] Started Tell Plymouth To Write Out Runtime Data.
[[0;32m  OK  [0m] Started Create Volatile Files and Directories.
[[0;32m  OK  [0m] Found device /dev/ttyS0.
[[0;32m  OK  [0m] Started LSB: AppArmor initialization.
[[0;32m  OK  [0m] Listening on Load/Save RF Kill Switch Status /dev/rfkill Watch.
         Starting Update UTMP about System Boot/Shutdown...
[[0;32m  OK  [0m] Started Set console font and keymap.
[[0;32m  OK  [0m] Started Initial cloud-init job (pre-networking).
[[0;32m  OK  [0m] Found device 82540EM Gigabit Ethern...r (PRO/1000 MT Desktop Adapter).
[   17.015294] cloud-init[530]: Cloud-init v. 18.3-9-g2e62cb8a-0ubuntu1~16.04.2 running 'init-local' at Wed, 12 Jun 2019 03:12:55 +0000. Up 16.68 seconds.
[[0;32m  OK  [0m] Reached target Network (Pre).
         Starting Raise network interfaces...
[[0;32m  OK  [0m] Started ifup for enp0s3.
[[0;32m  OK  [0m] Created slice system-getty.slice.
[[0;32m  OK  [0m] Started Update UTMP about System Boot/Shutdown.
[[0;32m  OK  [0m] Started Raise network interfaces.
[[0;32m  OK  [0m] Reached target Network.
         Starting Initial cloud-init job (metadata service crawler)...
[   18.322401] cloud-init[993]: Cloud-init v. 18.3-9-g2e62cb8a-0ubuntu1~16.04.2 running 'init' at Wed, 12 Jun 2019 03:12:56 +0000. Up 18.06 seconds.
[[0;32m  OK  [0m] Started Initial cloud-init job (metadata service crawler).
[[0;32m  OK  [0m] Reached target Cloud-config availability.
[   18.430773] cloud-init[993]: ci-info: ++++++++++++++++++++++++++++++++++++++Net device info+++++++++++++++++++++++++++++++++++++++
[[0;32m  OK  [0m] Reached target System Initialization.
[[0;32m  OK  [0m] Started Daily Cleanup of Temporary Directories.
[   18.594726] cloud-init[993]: ci-info: +--------+-------+----------------------------+---------------+--------+-------------------+
[   18.721278] cloud-init[993]: ci-info: | Device |   Up  |          Address           |      Mask     | Scope  |     Hw-Address    |
         Starting LXD - unix socket.
[[0;32m  OK  [0m] Listening on UUID daemon activation socket.
[   18.803107] cloud-init[993]: ci-info: +--------+-------+----------------------------+---------------+--------+-------------------+
[   18.928845] cloud-init[993]: ci-info: | enp0s3 |  True |         10.0.2.15          | 255.255.255.0 | global | 02:93:23:4d:82:b3 |
         Starting Socket activation for snappy daemon.
[   19.023865] cloud-init[993]: ci-info: | enp0s3 |  True | fe80::93:23ff:fe4d:82b3/64 |       .       |  link  | 02:93:23:4d:82:b3 |
[   19.156594] cloud-init[993]: ci-info: | enp0s8 | False |             .              |       .       |   .    | 08:00:27:b5:0a:f9 |
[[0;32m  OK  [0m] Started Daily apt download activities.
[   19.226937] cloud-init[993]: ci-info: |   lo   |  True |         127.0.0.1          |   255.0.0.0   |  host  |         .         |
[[0;32m  OK  [0m] Started Daily apt upgrade and clean activities.
[[0;32m  OK  [0m] Reached target Timers.
[   19.350533] [[0;32m  OK  [0m] Listening on D-Bus System Message Bus Socket.
cloud-init[993]: ci-info: |   lo   |  True |          ::1/128           |       .       |  host  |         .         |
[   19.375607] [[0;32m  OK  [0m] Started ACPI Events Check.
[[0;32m  OK  [0m] Reached target Paths.
[[0;32m  OK  [0m] Listening on ACPID Listen Socket.
[[0;32m  OK  [0m] Reached target Network is Online.
         Starting iSCSI initiator daemon (iscsid)...
[[0;32m  OK  [0m] Listening on LXD - unix socket.
[[0;32m  OK  [0m] Listening on Socket activation for snappy daemon.
[[0;32m  OK  [0m] Reached target Sockets.
[[0;32m  OK  [0m] Reached target Basic System.
         Starting Login Service...
cloud-init[993]: ci-info: +--------+-------+----------------------------+---------------+--------+-------------------+
         Starting /etc/rc.local Compatibility...
[[0;32m  OK  [0m] Started Unattended Upgrades Shutdown.
[   19.420095] cloud-init[993]: ci-info: +++++++++++++++++++++++++++Route IPv4 info++++++++++++++++++++++++++++
[   19.560182] cloud-init[993]: ci-info: +-------+-------------+----------+---------------+-----------+-------+
[   19.560622] cloud-init[993]: ci-info: | Route | Destination | Gateway  |    Genmask    | Interface | Flags |
[   19.560687] cloud-init[993]: ci-info: +-------+-------------+----------+---------------+-----------+-------+
[   19.560735] cloud-init[993]: ci-info: |   0   |   0.0.0.0   | 10.0.2.2 |    0.0.0.0    |   enp0s3  |   UG  |
[   19.560778] cloud-init[993]: ci-info: |   1   |   10.0.2.0  | 0.0.0.0  | 255.255.255.0 |   enp0s3  |   U   |
[   19.560820] cloud-init[993]: ci-info: +-------+-------------+----------+---------------+-----------+-------+
[   19.560862] cloud-init[993]: ci-info: +++++++++++++++++++Route IPv6 info+++++++++++++++++++
[   19.560904] cloud-init[993]: ci-info: +-------+-------------+---------+-----------+-------+
[   19.560945] cloud-init[993]: ci-info: | Route | Destination | Gateway | Interface | Flags |
[   19.560987] cloud-init[993]: ci-info: +-------+-------------+---------+-----------+-------+
[   19.561028] cloud-init[993]: ci-info: |   0   |  fe80::/64  |    ::   |   enp0s3  |   U   |
[   19.561342] cloud-init[993]: ci-info: |   3   |   ff00::/8  |    ::   |   enp0s3  |   U   |
[   19.561394] cloud-init[993]: ci-info: +-------+-------------+---------+-----------+-------+
         Starting LSB: Record successful boot for GRUB...
         Starting LXD - container startup/shutdown...
[[0;32m  OK  [0m] Started Deferred execution scheduler.
         Starting System Logging Service...
[[0;32m  OK  [0m] Started FUSE filesystem for LXC.
         Starting Snappy daemon...
         Starting LSB: MD monitoring daemon...
[[0;32m  OK  [0m] Started Regular background program processing daemon.
         Starting Accounts Service...
         Starting OpenBSD Secure Shell server...
[[0;32m  OK  [0m] Started D-Bus System Message Bus.
         Starting vboxadd.service...
[[0;32m  OK  [0m] Started ACPI event daemon.
[[0;32m  OK  [0m] Started System Logging Service.
[[0;32m  OK  [0m] Started /etc/rc.local Compatibility.
[[0;32m  OK  [0m] Started LXD - container startup/shutdown.
[[0;32m  OK  [0m] Started iSCSI initiator daemon (iscsid).
[[0;32m  OK  [0m] Started OpenBSD Secure Shell server.
[[0;32m  OK  [0m] Started LSB: Record successful boot for GRUB.
[[0;32m  OK  [0m] Started LSB: MD monitoring daemon.
[[0;32m  OK  [0m] Started Login Service.
         Starting Authenticate and Authorize Users to Run Privileged Tasks...
         Starting Login to default iSCSI targets...
[[0;32m  OK  [0m] Started Login to default iSCSI targets.
[[0;32m  OK  [0m] Started Snappy daemon.
[[0;32m  OK  [0m] Started Authenticate and Authorize Users to Run Privileged Tasks.
[[0;32m  OK  [0m] Started Accounts Service.
         Starting Wait until snapd is fully seeded...
[[0;32m  OK  [0m] Reached target Remote File Systems (Pre).
[[0;32m  OK  [0m] Reached target Remote File Systems.
         Starting Permit User Sessions...
         Starting LSB: automatic crash report generation...
         Starting LSB: Set the CPU Frequency Scaling governor to "ondemand"...
         Starting LSB: daemon to balance interrupts for SMP systems...
[[0;32m  OK  [0m] Started Permit User Sessions.
         Starting Terminate Plymouth Boot Screen...
         Starting Hold until boot process finishes up...
[[0;32m  OK  [0m] Started Terminate Plymouth Boot Screen.
[[0;32m  OK  [0m] Started LSB: automatic crash report generation.
[[0;32m  OK  [0m] Started Hold until boot process finishes up.
[[0;32m  OK  [0m] Started Wait until snapd is fully seeded.
[[0;32m  OK  [0m] Started LSB: Set the CPU Frequency Scaling governor to "ondemand".
         Starting Apply the settings specified in cloud-config...
[[0;32m  OK  [0m] Started Getty on tty1.
[[0;32m  OK  [0m] Started Serial Getty on ttyS0.
[[0;32m  OK  [0m] Reached target Login Prompts.
         Starting Set console scheme...
[[0;32m  OK  [0m] Started LSB: daemon to balance interrupts for SMP systems.
[[0;32m  OK  [0m] Started Set console scheme.
[[0;32m  OK  [0m] Created slice User Slice of vagrant.
         Starting User Manager for UID 1000...
[[0;32m  OK  [0m] Started Session 1 of user vagrant.
[[0;32m  OK  [0m] Started User Manager for UID 1000.
[   21.354555] cloud-init[1222]: Cloud-init v. 18.3-9-g2e62cb8a-0ubuntu1~16.04.2 running 'modules:config' at Wed, 12 Jun 2019 03:13:00 +0000. Up 21.25 seconds.
[[0;32m  OK  [0m] Started vboxadd.service.
[[0;32m  OK  [0m] Started Apply the settings specified in cloud-config.
         Starting vboxadd-service.service...
[[0;1;31mFAILED[0m] Failed to start vboxadd-service.service.
See 'systemctl status vboxadd-service.service' for details.
[[0;32m  OK  [0m] Reached target Multi-User System.
         Starting Execute cloud user/final scripts...
[[0;32m  OK  [0m] Reached target Graphical Interface.
         Starting Update UTMP about System Runlevel Changes...
[[0;32m  OK  [0m] Started Update UTMP about System Runlevel Changes.
[   22.416746] cloud-init[1328]: Cloud-init v. 18.3-9-g2e62cb8a-0ubuntu1~16.04.2 running 'modules:final' at Wed, 12 Jun 2019 03:13:01 +0000. Up 22.20 seconds.
[   22.558948] cloud-init[1328]: Cloud-init v. 18.3-9-g2e62cb8a-0ubuntu1~16.04.2 finished at Wed, 12 Jun 2019 03:13:01 +0000. Datasource DataSourceNoCloud [seed=/dev/sdb][dsmode=net].  Up 22.40 seconds
[[0;32m  OK  [0m] Started Execute cloud user/final scripts.
[[0;32m  OK  [0m] Reached target Cloud-init target.
         Starting Daily apt download activities...
         Stopping User Manager for UID 1000...
[[0;32m  OK  [0m] Stopped User Manager for UID 1000.
[[0;32m  OK  [0m] Removed slice User Slice of vagrant.

Ubuntu 16.04.5 LTS ubuntu-xenial ttyS0

ubuntu-xenial login:          Stopping Authenticate and Authorize Users ton         Stopping vboxadd.service...
         Stopping Unattended Upgrades Shutdown...
         Stopping System Logging Service...
[[0;32m  OK  [0m] Stopped Apply the settings specified in cloud-config.
[[0;32m  OK  [0m] Stopped Wait until snapd is fully seeded.
[[0;32m  OK  [0m] Stopped target Cloud-config availability.
         Stopping User Manager for UID 1000...
[[0;32m  OK  [0m] Unmounted /var/lib/lxcfs.
[[0;32m  OK  [0m] Stopped Deferred execution scheduler.
[[0;32m  OK  [0m] Stopped System Logging Service.
[[0;32m  OK  [0m] Stopped Regular background program processing daemon.
[[0;32m  OK  [0m] Stopped Accounts Service.
[[0;32m  OK  [0m] Stopped ACPI event daemon.
[[0;32m  OK  [0m] Stopped OpenBSD Secure Shell server.
[[0;32m  OK  [0m] Stopped Authenticate and Authorize Users to Run Privileged Tasks.
[[0;32m  OK  [0m] Stopped Getty on tty1.
[[0;32m  OK  [0m] Stopped Serial Getty on ttyS0.
[[0;32m  OK  [0m] Stopped User Manager for UID 1000.
[[0;32m  OK  [0m] Stopped Daemon for generating UUIDs.
[[0;32m  OK  [0m] Stopped D-Bus System Message Bus.
[[0;32m  OK  [0m] Stopped Session 17 of user vagrant.
[[0;32m  OK  [0m] Stopped Session 2 of user vagrant.
[[0;32m  OK  [0m] Stopped vboxadd.service.
[[0;32m  OK  [0m] Stopped Unattended Upgrades Shutdown.
[[0;32m  OK  [0m] Stopped FUSE filesystem for LXC.
[[0;32m  OK  [0m] Unmounted /vagrant.
[[0;32m  OK  [0m] Stopped LSB: daemon to balance interrupts for SMP systems.
[[0;32m  OK  [0m] Stopped LXD - container startup/shutdown.
[[0;32m  OK  [0m] Stopped LSB: MD monitoring daemon.
[[0;32m  OK  [0m] Stopped LSB: Set the CPU Frequency Scaling governor to "ondemand".
[[0;32m  OK  [0m] Stopped LSB: automatic crash report generation.
[[0;32m  OK  [0m] Stopped LSB: Record successful boot for GRUB.
[[0;32m  OK  [0m] Removed slice User Slice of vagrant.
         Stopping Login Service...
[[0;32m  OK  [0m] Removed slice system-serial\x2dgetty.slice.
[[0;32m  OK  [0m] Removed slice system-getty.slice.
[[0;32m  OK  [0m] Stopped /etc/rc.local Compatibility.
         Stopping Permit User Sessions...
[[0;32m  OK  [0m] Stopped Login Service.
[[0;32m  OK  [0m] Stopped Permit User Sessions.
[[0;32m  OK  [0m] Stopped target Remote File Systems.
[[0;32m  OK  [0m] Stopped target Remote File Systems (Pre).
         Stopping Login to default iSCSI targets...
[[0;32m  OK  [0m] Stopped target Basic System.
[[0;32m  OK  [0m] Stopped target Sockets.
[[0;32m  OK  [0m] Closed ACPID Listen Socket.
[[0;32m  OK  [0m] Closed LXD - unix socket.
[[0;32m  OK  [0m] Closed Socket activation for snappy daemon.
[[0;32m  OK  [0m] Closed UUID daemon activation socket.
[[0;32m  OK  [0m] Closed Syslog Socket.
[[0;32m  OK  [0m] Stopped target Paths.
[[0;32m  OK  [0m] Stopped ACPI Events Check.
[[0;32m  OK  [0m] Stopped Dispatch Password Requests to Console Directory Watch.
[[0;32m  OK  [0m] Stopped Forward Password Requests to Wall Directory Watch.
[[0;32m  OK  [0m] Stopped target Slices.
[[0;32m  OK  [0m] Stopped target User and Group Name Lookups.
[[0;32m  OK  [0m] Closed D-Bus System Message Bus Socket.
[[0;32m  OK  [0m] Stopped target System Initialization.
[[0;32m  OK  [0m] Stopped target Swap.
         Stopping Load/Save Random Seed...
[[0;32m  OK  [0m] Stopped Create Volatile Files and Directories.
[[0;32m  OK  [0m] Stopped target Encrypted Volumes.
[[0;32m  OK  [0m] Removed slice User and Session Slice.
[[0;32m  OK  [0m] Stopped Load/Save Random Seed.
[[0;32m  OK  [0m] Stopped Login to default iSCSI targets.
         Stopping iSCSI initiator daemon (iscsid)...
[[0;32m  OK  [0m] Stopped iSCSI initiator daemon (iscsid).
[[0;32m  OK  [0m] Stopped target Network is Online.
[[0;32m  OK  [0m] Stopped Initial cloud-init job (metadata service crawler).
[[0;32m  OK  [0m] Stopped target Network.
         Stopping Raise network interfaces...
[[0;32m  OK  [0m] Stopped Raise network interfaces.
[[0;32m  OK  [0m] Stopped target Local File Systems.
         Unmounting /run/user/1000...
[[0;32m  OK  [0m] Stopped Apply Kernel Variables.
[[0;32m  OK  [0m] Stopped Load Kernel Modules.
[[0;32m  OK  [0m] Stopped target Network (Pre).
[[0;32m  OK  [0m] Stopped Initial cloud-init job (pre-networking).
[[0;32m  OK  [0m] Unmounted /run/user/1000.
[[0;32m  OK  [0m] Reached target Unmount All Filesystems.
[[0;32m  OK  [0m] Stopped target Local File Systems (Pre).
         Stopping Monitoring of LVM2 mirrors... dmeventd or progress polling...
[[0;32m  OK  [0m] Stopped Remount Root and Kernel File Systems.
[[0;32m  OK  [0m] Stopped Create Static Device Nodes in /dev.
[[0;32m  OK  [0m] Reached target Shutdown.
[44829.976325] reboot: Power down
